Archive member included to satisfy reference by file (symbol)

/home/arduino/ArduinoApps/Modulino-AppLab-example-pacakge/modulino-hub-multi-channel/.cache/sketch/core/core.a(WInterrupts.cpp.o)
                              /home/arduino/ArduinoApps/Modulino-AppLab-example-pacakge/modulino-hub-multi-channel/.cache/sketch/libraries/Arduino_LTR381RGB/LTR381RGB.cpp.o (attachInterrupt)
/home/arduino/ArduinoApps/Modulino-AppLab-example-pacakge/modulino-hub-multi-channel/.cache/sketch/core/core.a(Print.cpp.o)
                              /home/arduino/ArduinoApps/Modulino-AppLab-example-pacakge/modulino-hub-multi-channel/.cache/sketch/libraries/Arduino_LTR381RGB/LTR381RGB.cpp.o (arduino::Print::print(char const*))
/home/arduino/ArduinoApps/Modulino-AppLab-example-pacakge/modulino-hub-multi-channel/.cache/sketch/core/core.a(Stream.cpp.o)
                              /home/arduino/ArduinoApps/Modulino-AppLab-example-pacakge/modulino-hub-multi-channel/.cache/sketch/sketch/sketch.ino.cpp.o (arduino::Stream::setTimeout(unsigned long))
/home/arduino/ArduinoApps/Modulino-AppLab-example-pacakge/modulino-hub-multi-channel/.cache/sketch/core/core.a(String.cpp.o)
                              /home/arduino/ArduinoApps/Modulino-AppLab-example-pacakge/modulino-hub-multi-channel/.cache/sketch/sketch/sketch.ino.cpp.o (arduino::String::String(arduino::String&&))
/home/arduino/ArduinoApps/Modulino-AppLab-example-pacakge/modulino-hub-multi-channel/.cache/sketch/core/core.a(itoa.cpp.o)
                              /home/arduino/ArduinoApps/Modulino-AppLab-example-pacakge/modulino-hub-multi-channel/.cache/sketch/core/core.a(String.cpp.o) (dtostrf)
/home/arduino/ArduinoApps/Modulino-AppLab-example-pacakge/modulino-hub-multi-channel/.cache/sketch/core/core.a(llext_wrappers.c.o)
                              /home/arduino/ArduinoApps/Modulino-AppLab-example-pacakge/modulino-hub-multi-channel/.cache/sketch/sketch/sketch.ino.cpp.o (memcpy)
/home/arduino/ArduinoApps/Modulino-AppLab-example-pacakge/modulino-hub-multi-channel/.cache/sketch/core/core.a(main.cpp.o)
                              (main)
/home/arduino/ArduinoApps/Modulino-AppLab-example-pacakge/modulino-hub-multi-channel/.cache/sketch/core/core.a(new.cpp.o)
                              /home/arduino/ArduinoApps/Modulino-AppLab-example-pacakge/modulino-hub-multi-channel/.cache/sketch/sketch/sketch.ino.cpp.o (operator new(unsigned int))
/home/arduino/ArduinoApps/Modulino-AppLab-example-pacakge/modulino-hub-multi-channel/.cache/sketch/core/core.a(threads.cpp.o)
                              /home/arduino/ArduinoApps/Modulino-AppLab-example-pacakge/modulino-hub-multi-channel/.cache/sketch/core/core.a(main.cpp.o) (start_static_threads())
/home/arduino/ArduinoApps/Modulino-AppLab-example-pacakge/modulino-hub-multi-channel/.cache/sketch/core/core.a(wiring_digital.cpp.o)
                              /home/arduino/ArduinoApps/Modulino-AppLab-example-pacakge/modulino-hub-multi-channel/.cache/sketch/libraries/Arduino_LSM6DSOX/LSM6DSOX.cpp.o (pinMode)
/home/arduino/ArduinoApps/Modulino-AppLab-example-pacakge/modulino-hub-multi-channel/.cache/sketch/core/core.a(zephyrCommon.cpp.o)
                              /home/arduino/ArduinoApps/Modulino-AppLab-example-pacakge/modulino-hub-multi-channel/.cache/sketch/libraries/Arduino_LPS22HB/BARO.cpp.o (yield)
/home/arduino/ArduinoApps/Modulino-AppLab-example-pacakge/modulino-hub-multi-channel/.cache/sketch/core/core.a(zephyrPinctrl.cpp.o)
                              /home/arduino/ArduinoApps/Modulino-AppLab-example-pacakge/modulino-hub-multi-channel/.cache/sketch/libraries/Wire/Wire.cpp.o (zephyr::arduino::init_dev_apply_pinctrl(device const*))
/home/arduino/ArduinoApps/Modulino-AppLab-example-pacakge/modulino-hub-multi-channel/.cache/sketch/core/core.a(zephyrSerial.cpp.o)
                              /home/arduino/ArduinoApps/Modulino-AppLab-example-pacakge/modulino-hub-multi-channel/.cache/sketch/libraries/Arduino_RouterBridge/singletons.cpp.o (Serial2)
/home/arduino/.arduino15/packages/zephyr/tools/arm-zephyr-eabi/0.16.8/bin/../lib/gcc/arm-zephyr-eabi/12.2.0/../../../../arm-zephyr-eabi/lib/thumb/v8-m.main+fp/hard/libstdc++_nano.a(functexcept.o)
                              /home/arduino/ArduinoApps/Modulino-AppLab-example-pacakge/modulino-hub-multi-channel/.cache/sketch/sketch/sketch.ino.cpp.o (std::__throw_bad_alloc())
/home/arduino/.arduino15/packages/zephyr/tools/arm-zephyr-eabi/0.16.8/bin/../lib/gcc/arm-zephyr-eabi/12.2.0/../../../../arm-zephyr-eabi/lib/thumb/v8-m.main+fp/hard/libstdc++_nano.a(functional.o)
                              /home/arduino/ArduinoApps/Modulino-AppLab-example-pacakge/modulino-hub-multi-channel/.cache/sketch/sketch/sketch.ino.cpp.o (std::__throw_bad_function_call())
/home/arduino/.arduino15/packages/zephyr/tools/arm-zephyr-eabi/0.16.8/bin/../lib/gcc/arm-zephyr-eabi/12.2.0/../../../../arm-zephyr-eabi/lib/thumb/v8-m.main+fp/hard/libstdc++_nano.a(eh_exception.o)
[...]
Memory Configuration

Name             Origin             Length             Attributes
*default*        0x0000000000000000 0xffffffffffffffff

Linker script and memory map

LOAD /home/arduino/.arduino15/packages/zephyr/tools/arm-zephyr-eabi/0.16.8/bin/../lib/gcc/arm-zephyr-eabi/12.2.0/../../../../arm-zephyr-eabi/lib/thumb/v8-m.main+fp/hard/libstdc++_nano.a
LOAD /home/arduino/.arduino15/packages/zephyr/tools/arm-zephyr-eabi/0.16.8/bin/../lib/gcc/arm-zephyr-eabi/12.2.0/../../../../arm-zephyr-eabi/lib/thumb/v8-m.main+fp/hard/libsupc++_nano.a
LOAD /home/arduino/.arduino15/packages/zephyr/tools/arm-zephyr-eabi/0.16.8/bin/../lib/gcc/arm-zephyr-eabi/12.2.0/../../../../arm-zephyr-eabi/lib/thumb/v8-m.main+fp/hard/libnosys.a
LOAD /home/arduino/ArduinoApps/Modulino-AppLab-example-pacakge/modulino-hub-multi-channel/.cache/sketch/sketch/sketch.ino.cpp.o
LOAD /home/arduino/ArduinoApps/Modulino-AppLab-example-pacakge/modulino-hub-multi-channel/.cache/sketch/libraries/Wire/Wire.cpp.o
LOAD /home/arduino/ArduinoApps/Modulino-AppLab-example-pacakge/modulino-hub-multi-channel/.cache/sketch/libraries/SPI/SPI.cpp.o
LOAD /home/arduino/ArduinoApps/Modulino-AppLab-example-pacakge/modulino-hub-multi-channel/.cache/sketch/libraries/Arduino_RouterBridge/singletons.cpp.o
LOAD /home/arduino/ArduinoApps/Modulino-AppLab-example-pacakge/modulino-hub-multi-channel/.cache/sketch/libraries/Arduino_Modulino/Modulino.cpp.o
LOAD /home/arduino/ArduinoApps/Modulino-AppLab-example-pacakge/modulino-hub-multi-channel/.cache/sketch/libraries/STM32duino VL53L4CD/platform.cpp.o
LOAD /home/arduino/ArduinoApps/Modulino-AppLab-example-pacakge/modulino-hub-multi-channel/.cache/sketch/libraries/STM32duino VL53L4CD/vl53l4cd_api.cpp.o
LOAD /home/arduino/ArduinoApps/Modulino-AppLab-example-pacakge/modulino-hub-multi-channel/.cache/sketch/libraries/STM32duino VL53L4CD/vl53l4cd_calibration.cpp.o
LOAD /home/arduino/ArduinoApps/Modulino-AppLab-example-pacakge/modulino-hub-multi-channel/.cache/sketch/libraries/STM32duino VL53L4ED/platform.cpp.o
LOAD /home/arduino/ArduinoApps/Modulino-AppLab-example-pacakge/modulino-hub-multi-channel/.cache/sketch/libraries/STM32duino VL53L4ED/vl53l4ed_api.cpp.o
LOAD /home/arduino/ArduinoApps/Modulino-AppLab-example-pacakge/modulino-hub-multi-channel/.cache/sketch/libraries/STM32duino VL53L4ED/vl53l4ed_calibration.cpp.o
LOAD /home/arduino/ArduinoApps/Modulino-AppLab-example-pacakge/modulino-hub-multi-channel/.cache/sketch/libraries/Arduino_LSM6DSOX/LSM6DSOX.cpp.o
LOAD /home/arduino/ArduinoApps/Modulino-AppLab-example-pacakge/modulino-hub-multi-channel/.cache/sketch/libraries/Arduino_LPS22HB/BARO.cpp.o
LOAD /home/arduino/ArduinoApps/Modulino-AppLab-example-pacakge/modulino-hub-multi-channel/.cache/sketch/libraries/Arduino_HS300x/HS300x.cpp.o
LOAD /home/arduino/ArduinoApps/Modulino-AppLab-example-pacakge/modulino-hub-multi-channel/.cache/sketch/libraries/Arduino_LTR381RGB/LTR381RGB.cpp.o
LOAD /home/arduino/ArduinoApps/Modulino-AppLab-example-pacakge/modulino-hub-multi-channel/.cache/sketch/core/analogReference.cpp.o
LOAD /home/arduino/ArduinoApps/Modulino-AppLab-example-pacakge/modulino-hub-multi-channel/.cache/sketch/core/tls-syms.S.o
START GROUP
LOAD /home/arduino/ArduinoApps/Modulino-AppLab-example-pacakge/modulino-hub-multi-channel/.cache/sketch/core/core.a
LOAD /home/arduino/.arduino15/packages/zephyr/tools/arm-zephyr-eabi/0.16.8/bin/../lib/gcc/arm-zephyr-eabi/12.2.0/../../../../arm-zephyr-eabi/lib/thumb/v8-m.main+fp/hard/libstdc++_nano.a
LOAD /home/arduino/.arduino15/packages/zephyr/tools/arm-zephyr-eabi/0.16.8/bin/../lib/gcc/arm-zephyr-eabi/12.2.0/../../../../arm-zephyr-eabi/lib/thumb/v8-m.main+fp/hard/libsupc++_nano.a
LOAD /home/arduino/.arduino15/packages/zephyr/tools/arm-zephyr-eabi/0.16.8/bin/../lib/gcc/arm-zephyr-eabi/12.2.0/../../../../arm-zephyr-eabi/lib/thumb/v8-m.main+fp/hard/libm_nano.a
END GROUP

.rodata         0x0000000000000000      0x324
 *(.rodata._ZN6zephyr7arduinoL11pinctrl_mapE)
 .rodata._ZN6zephyr7arduinoL11pinctrl_mapE
                0x0000000000000000       0x88 /home/arduino/ArduinoApps/Modulino-AppLab-example-pacakge/modulino-hub-multi-channel/.cache/sketch/core/core.a(zephyrPinctrl.cpp.o)
 *(.rodata._ZN6zephyr7arduinoL35__pinctrl_states__device_dts_ord_17E)
 .rodata._ZN6zephyr7arduinoL35__pinctrl_states__device_dts_ord_17E
                0x0000000000000088       0x18 /home/arduino/ArduinoApps/Modulino-AppLab-example-pacakge/modulino-hub-multi-channel/.cache/sketch/core/core.a(zephyrPinctrl.cpp.o)
 *(.rodata._ZN6zephyr7arduinoL35__pinctrl_states__device_dts_ord_25E)
 .rodata._ZN6zephyr7arduinoL35__pinctrl_states__device_dts_ord_25E
                0x00000000000000a0        0x8 /home/arduino/ArduinoApps/Modulino-AppLab-example-pacakge/modulino-hub-multi-channel/.cache/sketch/core/core.a(zephyrPinctrl.cpp.o)
 *(.rodata._ZN6zephyr7arduinoL35__pinctrl_states__device_dts_ord_29E)
 .rodata._ZN6zephyr7arduinoL35__pinctrl_states__device_dts_ord_29E
                0x00000000000000a8        0x8 /home/arduino/ArduinoApps/Modulino-AppLab-example-pacakge/modulino-hub-multi-channel/.cache/sketch/core/core.a(zephyrPinctrl.cpp.o)
 *(.rodata._ZN6zephyr7arduinoL35__pinctrl_states__device_dts_ord_35E)
 .rodata._ZN6zephyr7arduinoL35__pinctrl_states__device_dts_ord_35E
                0x00000000000000b0       0x10 /home/arduino/ArduinoApps/Modulino-AppLab-example-pacakge/modulino-hub-multi-channel/.cache/sketch/core/core.a(zephyrPinctrl.cpp.o)
 *(.rodata._ZN6zephyr7arduinoL35__pinctrl_states__device_dts_ord_55E)
 .rodata._ZN6zephyr7arduinoL35__pinctrl_states__device_dts_ord_55E
                0x00000000000000c0        0x8 /home/arduino/ArduinoApps/Modulino-AppLab-example-pacakge/modulino-hub-multi-channel/.cache/sketch/core/core.a(zephyrPinctrl.cpp.o)
 *(.rodata._ZN6zephyr7arduinoL35__pinctrl_states__device_dts_ord_64E)
 .rodata._ZN6zephyr7arduinoL35__pinctrl_states__device_dts_ord_64E
                0x00000000000000c8        0x8 /home/arduino/ArduinoApps/Modulino-AppLab-example-pacakge/modulino-hub-multi-channel/.cache/sketch/core/core.a(zephyrPinctrl.cpp.o)
 *(.rodata._ZN6zephyr7arduinoL35__pinctrl_states__device_dts_ord_67E)
 .rodata._ZN6zephyr7arduinoL35__pinctrl_states__device_dts_ord_67E
                0x00000000000000d0        0x8 /home/arduino/ArduinoApps/Modulino-AppLab-example-pacakge/modulino-hub-multi-channel/.cache/sketch/core/core.a(zephyrPinctrl.cpp.o)
 *(.rodata._ZN6zephyr7arduinoL35__pinctrl_states__device_dts_ord_72E)
 .rodata._ZN6zephyr7arduinoL35__pinctrl_states__device_dts_ord_72E
                0x00000000000000d8        0x8 /home/arduino/ArduinoApps/Modulino-AppLab-example-pacakge/modulino-hub-multi-channel/.cache/sketch/core/core.a(zephyrPinctrl.cpp.o)
 *(.rodata._ZN6zephyr7arduinoL35__pinctrl_states__device_dts_ord_80E)
 .rodata._ZN6zephyr7arduinoL35__pinctrl_states__device_dts_ord_80E
                0x00000000000000e0       0x10 /home/arduino/ArduinoApps/Modulino-AppLab-example-pacakge/modulino-hub-multi-channel/.cache/sketch/core/core.a(zephyrPinctrl.cpp.o)
 *(.rodata._ZN6zephyr7arduinoL35__pinctrl_states__device_dts_ord_85E)
 .rodata._ZN6zephyr7arduinoL35__pinctrl_states__device_dts_ord_85E
                0x00000000000000f0        0x8 /home/arduino/ArduinoApps/Modulino-AppLab-example-pacakge/modulino-hub-multi-channel/.cache/sketch/core/core.a(zephyrPinctrl.cpp.o)
 *(.rodata._ZN6zephyr7arduinoL35__pinctrl_states__device_dts_ord_97E)
 .rodata._ZN6zephyr7arduinoL35__pinctrl_states__device_dts_ord_97E
                0x00000000000000f8       0x18 /home/arduino/ArduinoApps/Modulino-AppLab-example-pacakge/modulino-hub-multi-channel/.cache/sketch/core/core.a(zephyrPinctrl.cpp.o)
 *(.rodata._ZN6zephyr7arduinoL36__pinctrl_states__device_dts_ord_102E)
 .rodata._ZN6zephyr7arduinoL36__pinctrl_states__device_dts_ord_102E
                0x0000000000000110       0x18 /home/arduino/ArduinoApps/Modulino-AppLab-example-pacakge/modulino-hub-multi-channel/.cache/sketch/core/core.a(zephyrPinctrl.cpp.o)
 *(.rodata._ZN6zephyr7arduinoL36__pinctrl_states__device_dts_ord_106E)
 .rodata._ZN6zephyr7arduinoL36__pinctrl_states__device_dts_ord_106E
                0x0000000000000128       0x18 /home/arduino/ArduinoApps/Modulino-AppLab-example-pacakge/modulino-hub-multi-channel/.cache/sketch/core/core.a(zephyrPinctrl.cpp.o)
 *(.rodata._ZN6zephyr7arduinoL36__pinctrl_states__device_dts_ord_111E)
 .rodata._ZN6zephyr7arduinoL36__pinctrl_states__device_dts_ord_111E
                0x0000000000000140       0x18 /home/arduino/ArduinoApps/Modulino-AppLab-example-pacakge/modulino-hub-multi-channel/.cache/sketch/core/core.a(zephyrPinctrl.cpp.o)
 *(.rodata._ZN6zephyr7arduinoL36__pinctrl_states__device_dts_ord_117E)
 .rodata._ZN6zephyr7arduinoL36__pinctrl_states__device_dts_ord_117E
                0x0000000000000158       0x18 /home/arduino/ArduinoApps/Modulino-AppLab-example-pacakge/modulino-hub-multi-channel/.cache/sketch/core/core.a(zephyrPinctrl.cpp.o)
 *(.rodata._ZN6zephyr7arduinoL36__pinctrl_states__device_dts_ord_120E)
 .rodata._ZN6zephyr7arduinoL36__pinctrl_states__device_dts_ord_120E
                0x0000000000000170       0x18 /home/arduino/ArduinoApps/Modulino-AppLab-example-pacakge/modulino-hub-multi-channel/.cache/sketch/core/core.a(zephyrPinctrl.cpp.o)
 *(.rodata._ZN6zephyr7arduinoL39__pinctrl_dev_config__device_dts_ord_17E)
 .rodata._ZN6zephyr7arduinoL39__pinctrl_dev_config__device_dts_ord_17E
                0x0000000000000188        0x8 /home/arduino/ArduinoApps/Modulino-AppLab-example-pacakge/modulino-hub-multi-channel/.cache/sketch/core/core.a(zephyrPinctrl.cpp.o)
 *(.rodata._ZN6zephyr7arduinoL39__pinctrl_dev_config__device_dts_ord_25E)
 .rodata._ZN6zephyr7arduinoL39__pinctrl_dev_config__device_dts_ord_25E
                0x0000000000000190        0x8 /home/arduino/ArduinoApps/Modulino-AppLab-example-pacakge/modulino-hub-multi-channel/.cache/sketch/core/core.a(zephyrPinctrl.cpp.o)
 *(.rodata._ZN6zephyr7arduinoL39__pinctrl_dev_config__device_dts_ord_29E)
 .rodata._ZN6zephyr7arduinoL39__pinctrl_dev_config__device_dts_ord_29E
                0x0000000000000198        0x8 /home/arduino/ArduinoApps/Modulino-AppLab-example-pacakge/modulino-hub-multi-channel/.cache/sketch/core/core.a(zephyrPinctrl.cpp.o)
 *(.rodata._ZN6zephyr7arduinoL39__pinctrl_dev_config__device_dts_ord_35E)
 .rodata._ZN6zephyr7arduinoL39__pinctrl_dev_config__device_dts_ord_35E
                0x00000000000001a0        0x8 /home/arduino/ArduinoApps/Modulino-AppLab-example-pacakge/modulino-hub-multi-channel/.cache/sketch/core/core.a(zephyrPinctrl.cpp.o)
 *(.rodata._ZN6zephyr7arduinoL39__pinctrl_dev_config__device_dts_ord_55E)
 .rodata._ZN6zephyr7arduinoL39__pinctrl_dev_config__device_dts_ord_55E
                0x00000000000001a8        0x8 /home/arduino/ArduinoApps/Modulino-AppLab-example-pacakge/modulino-hub-multi-channel/.cache/sketch/core/core.a(zephyrPinctrl.cpp.o)
 *(.rodata._ZN6zephyr7arduinoL39__pinctrl_dev_config__device_dts_ord_64E)
 .rodata._ZN6zephyr7arduinoL39__pinctrl_dev_config__device_dts_ord_64E
                0x00000000000001b0        0x8 /home/arduino/ArduinoApps/Modulino-AppLab-example-pacakge/modulino-hub-multi-channel/.cache/sketch/core/core.a(zephyrPinctrl.cpp.o)
 *(.rodata._ZN6zephyr7arduinoL39__pinctrl_dev_config__device_dts_ord_67E)
 .rodata._ZN6zephyr7arduinoL39__pinctrl_dev_config__device_dts_ord_67E
                0x00000000000001b8        0x8 /home/arduino/ArduinoApps/Modulino-AppLab-example-pacakge/modulino-hub-multi-channel/.cache/sketch/core/core.a(zephyrPinctrl.cpp.o)
 *(.rodata._ZN6zephyr7arduinoL39__pinctrl_dev_config__device_dts_ord_72E)
 .rodata._ZN6zephyr7arduinoL39__pinctrl_dev_config__device_dts_ord_72E
                0x00000000000001c0        0x8 /home/arduino/ArduinoApps/Modulino-AppLab-example-pacakge/modulino-hub-multi-channel/.cache/sketch/core/core.a(zephyrPinctrl.cpp.o)
 *(.rodata._ZN6zephyr7arduinoL39__pinctrl_dev_config__device_dts_ord_80E)
 .rodata._ZN6zephyr7arduinoL39__pinctrl_dev_config__device_dts_ord_80E
                0x00000000000001c8        0x8 /home/arduino/ArduinoApps/Modulino-AppLab-example-pacakge/modulino-hub-multi-channel/.cache/sketch/core/core.a(zephyrPinctrl.cpp.o)
 *(.rodata._ZN6zephyr7arduinoL39__pinctrl_dev_config__device_dts_ord_85E)
 .rodata._ZN6zephyr7arduinoL39__pinctrl_dev_config__device_dts_ord_85E
                0x00000000000001d0        0x8 /home/arduino/ArduinoApps/Modulino-AppLab-example-pacakge/modulino-hub-multi-channel/.cache/sketch/core/core.a(zephyrPinctrl.cpp.o)
 *(.rodata._ZN6zephyr7arduinoL39__pinctrl_dev_config__device_dts_ord_97E)
 .rodata._ZN6zephyr7arduinoL39__pinctrl_dev_config__device_dts_ord_97E
                0x00000000000001d8        0x8 /home/arduino/ArduinoApps/Modulino-AppLab-example-pacakge/modulino-hub-multi-channel/.cache/sketch/core/core.a(zephyrPinctrl.cpp.o)
 *(.rodata._ZN6zephyr7arduinoL40__pinctrl_dev_config__device_dts_ord_102E)
 .rodata._ZN6zephyr7arduinoL40__pinctrl_dev_config__device_dts_ord_102E
                0x00000000000001e0        0x8 /home/arduino/ArduinoApps/Modulino-AppLab-example-pacakge/modulino-hub-multi-channel/.cache/sketch/core/core.a(zephyrPinctrl.cpp.o)
 *(.rodata._ZN6zephyr7arduinoL40__pinctrl_dev_config__device_dts_ord_106E)
 .rodata._ZN6zephyr7arduinoL40__pinctrl_dev_config__device_dts_ord_106E
                0x00000000000001e8        0x8 /home/arduino/ArduinoApps/Modulino-AppLab-example-pacakge/modulino-hub-multi-channel/.cache/sketch/core/core.a(zephyrPinctrl.cpp.o)
 *(.rodata._ZN6zephyr7arduinoL40__pinctrl_dev_config__device_dts_ord_111E)
 .rodata._ZN6zephyr7arduinoL40__pinctrl_dev_config__device_dts_ord_111E
                0x00000000000001f0        0x8 /home/arduino/ArduinoApps/Modulino-AppLab-example-pacakge/modulino-hub-multi-channel/.cache/sketch/core/core.a(zephyrPinctrl.cpp.o)
 *(.rodata._ZN6zephyr7arduinoL40__pinctrl_dev_config__device_dts_ord_117E)
 .rodata._ZN6zephyr7arduinoL40__pinctrl_dev_config__device_dts_ord_117E
                0x00000000000001f8        0x8 /home/arduino/ArduinoApps/Modulino-AppLab-example-pacakge/modulino-hub-multi-channel/.cache/sketch/core/core.a(zephyrPinctrl.cpp.o)
 *(.rodata._ZN6zephyr7arduinoL40__pinctrl_dev_config__device_dts_ord_120E)
 .rodata._ZN6zephyr7arduinoL40__pinctrl_dev_config__device_dts_ord_120E
                0x0000000000000200        0x8 /home/arduino/ArduinoApps/Modulino-AppLab-example-pacakge/modulino-hub-multi-channel/.cache/sketch/core/core.a(zephyrPinctrl.cpp.o)
 *(.rodata._ZTV13BridgeMonitorILj512EE)
 .rodata._ZTV13BridgeMonitorILj512EE
                0x0000000000000208       0x24 /home/arduino/ArduinoApps/Modulino-AppLab-example-pacakge/modulino-hub-multi-channel/.cache/sketch/libraries/Arduino_RouterBridge/singletons.cpp.o
                0x0000000000000208                vtable for BridgeMonitor<512u>
 *(.rodata._ZTV15SerialTransport)
 .rodata._ZTV15SerialTransport
                0x000000000000022c       0x20 /home/arduino/ArduinoApps/Modulino-AppLab-example-pacakge/modulino-hub-multi-channel/.cache/sketch/sketch/sketch.ino.cpp.o
                0x000000000000022c                vtable for SerialTransport
 *(.rodata._ZTV18RpcFunctionWrapperISt8functionIFbvEEE)
 .rodata._ZTV18RpcFunctionWrapperISt8functionIFbvEEE
                0x000000000000024c       0x14 /home/arduino/ArduinoApps/Modulino-AppLab-example-pacakge/modulino-hub-multi-channel/.cache/sketch/sketch/sketch.ino.cpp.o
                0x000000000000024c                vtable for RpcFunctionWrapper<std::function<bool ()> >
 *(.rodata._ZTVN7arduino12ZephyrSerialE)
 .rodata._ZTVN7arduino12ZephyrSerialE
                0x0000000000000260       0x34 /home/arduino/ArduinoApps/Modulino-AppLab-example-pacakge/modulino-hub-multi-channel/.cache/sketch/core/core.a(zephyrSerial.cpp.o)
                0x0000000000000260                vtable for arduino::ZephyrSerial
 *(.rodata._ZTVN7arduino9ZephyrI2CE)
 .rodata._ZTVN7arduino9ZephyrI2CE
                0x0000000000000294       0x54 /home/arduino/ArduinoApps/Modulino-AppLab-example-pacakge/modulino-hub-multi-channel/.cache/sketch/libraries/Wire/Wire.cpp.o
                0x0000000000000294                vtable for arduino::ZephyrI2C
 *(.rodata._ZTVN7arduino9ZephyrSPIE)
 .rodata._ZTVN7arduino9ZephyrSPIE
                0x00000000000002e8       0x3c /home/arduino/ArduinoApps/Modulino-AppLab-example-pacakge/modulino-hub-multi-channel/.cache/sketch/libraries/SPI/SPI.cpp.o
                0x00000000000002e8                vtable for arduino::ZephyrSPI

.llext.rodata.noreloc
                0x0000000000000324      0x511
 *(.rodata._ZL11FIXED_ADDRS)
 .rodata._ZL11FIXED_ADDRS
                0x0000000000000324        0x5 /home/arduino/ArduinoApps/Modulino-AppLab-example-pacakge/modulino-hub-multi-channel/.cache/sketch/sketch/sketch.ino.cpp.o
 *(.rodata._ZL7scanAllv.str1.1)
 .rodata._ZL7scanAllv.str1.1
                0x0000000000000329       0x99 /home/arduino/ArduinoApps/Modulino-AppLab-example-pacakge/modulino-hub-multi-channel/.cache/sketch/sketch/sketch.ino.cpp.o
 *(.rodata._ZN10RpcDecoderILj1024EE12get_responseIN7arduino7msgpack6object5nil_tEEEbjRT_R8RpcError.str1.1)
 .rodata._ZN10RpcDecoderILj1024EE12get_responseIN7arduino7msgpack6object5nil_tEEEbjRT_R8RpcError.str1.1
                0x00000000000003c2       0x7b /home/arduino/ArduinoApps/Modulino-AppLab-example-pacakge/modulino-hub-multi-channel/.cache/sketch/libraries/Arduino_RouterBridge/singletons.cpp.o
 *(.rodata._ZN10RpcDecoderILj1024EE12get_responseIbEEbjRT_R8RpcError.str1.1)
 .rodata._ZN10RpcDecoderILj1024EE12get_responseIbEEbjRT_R8RpcError.str1.1
                0x000000000000043d       0x7b /home/arduino/ArduinoApps/Modulino-AppLab-example-pacakge/modulino-hub-multi-channel/.cache/sketch/sketch/sketch.ino.cpp.o
 *(.rodata._ZN11BridgeClass11update_safeEv.str1.1)
 .rodata._ZN11BridgeClass11update_safeEv.str1.1
                0x00000000000004b8        0x9 /home/arduino/ArduinoApps/Modulino-AppLab-example-pacakge/modulino-hub-multi-channel/.cache/sketch/sketch/sketch.ino.cpp.o
 *(.rodata._ZN13BridgeMonitorILj512EE5_readEj.str1.1)
 .rodata._ZN13BridgeMonitorILj512EE5_readEj.str1.1
                0x00000000000004c1        0x9 /home/arduino/ArduinoApps/Modulino-AppLab-example-pacakge/modulino-hub-multi-channel/.cache/sketch/libraries/Arduino_RouterBridge/singletons.cpp.o
 *(.rodata._ZN13BridgeMonitorILj512EE5writeEPKhj.str1.1)
 .rodata._ZN13BridgeMonitorILj512EE5writeEPKhj.str1.1
                0x00000000000004ca        0xa /home/arduino/ArduinoApps/Modulino-AppLab-example-pacakge/modulino-hub-multi-channel/.cache/sketch/libraries/Arduino_RouterBridge/singletons.cpp.o
 *(.rodata._ZN13BridgeMonitorILj512EEcvbEv.str1.1)
 .rodata._ZN13BridgeMonitorILj512EEcvbEv.str1.1
                0x00000000000004d4       0x4d /home/arduino/ArduinoApps/Modulino-AppLab-example-pacakge/modulino-hub-multi-channel/.cache/sketch/libraries/Arduino_RouterBridge/singletons.cpp.o
 *(.rodata._ZN18RpcFunctionWrapperISt8functionIFbvEEEclERN7arduino7msgpack8UnpackerERNS5_6PackerE.str1.1)
 .rodata._ZN18RpcFunctionWrapperISt8functionIFbvEEEclERN7arduino7msgpack8UnpackerERNS5_6PackerE.str1.1
                0x0000000000000521       0x34 /home/arduino/ArduinoApps/Modulino-AppLab-example-pacakge/modulino-hub-multi-channel/.cache/sketch/sketch/sketch.ino.cpp.o
 *(.rodata._ZN6zephyr7arduinoL41__pinctrl_state_pins_0__device_dts_ord_17E)
 *fill*         0x0000000000000555        0x3 
 .rodata._ZN6zephyr7arduinoL41__pinctrl_state_pins_0__device_dts_ord_17E
                0x0000000000000558        0x0 /home/arduino/ArduinoApps/Modulino-AppLab-example-pacakge/modulino-hub-multi-channel/.cache/sketch/core/core.a(zephyrPinctrl.cpp.o)
 *(.rodata._ZN6zephyr7arduinoL41__pinctrl_state_pins_0__device_dts_ord_25E)
 .rodata._ZN6zephyr7arduinoL41__pinctrl_state_pins_0__device_dts_ord_25E
                0x0000000000000558       0x10 /home/arduino/ArduinoApps/Modulino-AppLab-example-pacakge/modulino-hub-multi-channel/.cache/sketch/core/core.a(zephyrPinctrl.cpp.o)
 *(.rodata._ZN6zephyr7arduinoL41__pinctrl_state_pins_0__device_dts_ord_29E)
 .rodata._ZN6zephyr7arduinoL41__pinctrl_state_pins_0__device_dts_ord_29E
                0x0000000000000568       0x10 /home/arduino/ArduinoApps/Modulino-AppLab-example-pacakge/modulino-hub-multi-channel/.cache/sketch/core/core.a(zephyrPinctrl.cpp.o)
 *(.rodata._ZN6zephyr7arduinoL41__pinctrl_state_pins_0__device_dts_ord_35E)
 .rodata._ZN6zephyr7arduinoL41__pinctrl_state_pins_0__device_dts_ord_35E
                0x0000000000000578       0x10 /home/arduino/ArduinoApps/Modulino-AppLab-example-pacakge/modulino-hub-multi-channel/.cache/sketch/core/core.a(zephyrPinctrl.cpp.o)
 *(.rodata._ZN6zephyr7arduinoL41__pinctrl_state_pins_0__device_dts_ord_55E)
 .rodata._ZN6zephyr7arduinoL41__pinctrl_state_pins_0__device_dts_ord_55E
                0x0000000000000588       0x10 /home/arduino/ArduinoApps/Modulino-AppLab-example-pacakge/modulino-hub-multi-channel/.cache/sketch/core/core.a(zephyrPinctrl.cpp.o)
 *(.rodata._ZN6zephyr7arduinoL41__pinctrl_state_pins_0__device_dts_ord_64E)
 .rodata._ZN6zephyr7arduinoL41__pinctrl_state_pins_0__device_dts_ord_64E
                0x0000000000000598       0x10 /home/arduino/ArduinoApps/Modulino-AppLab-example-pacakge/modulino-hub-multi-channel/.cache/sketch/core/core.a(zephyrPinctrl.cpp.o)
 *(.rodata._ZN6zephyr7arduinoL41__pinctrl_state_pins_0__device_dts_ord_67E)
 .rodata._ZN6zephyr7arduinoL41__pinctrl_state_pins_0__device_dts_ord_67E
                0x00000000000005a8       0x10 /home/arduino/ArduinoApps/Modulino-AppLab-example-pacakge/modulino-hub-multi-channel/.cache/sketch/core/core.a(zephyrPinctrl.cpp.o)
 *(.rodata._ZN6zephyr7arduinoL41__pinctrl_state_pins_0__device_dts_ord_72E)
 .rodata._ZN6zephyr7arduinoL41__pinctrl_state_pins_0__device_dts_ord_72E
                0x00000000000005b8       0x20 /home/arduino/ArduinoApps/Modulino-AppLab-example-pacakge/modulino-hub-multi-channel/.cache/sketch/core/core.a(zephyrPinctrl.cpp.o)
 *(.rodata._ZN6zephyr7arduinoL41__pinctrl_state_pins_0__device_dts_ord_80E)
 .rodata._ZN6zephyr7arduinoL41__pinctrl_state_pins_0__device_dts_ord_80E
                0x00000000000005d8       0x20 /home/arduino/ArduinoApps/Modulino-AppLab-example-pacakge/modulino-hub-multi-channel/.cache/sketch/core/core.a(zephyrPinctrl.cpp.o)
 *(.rodata._ZN6zephyr7arduinoL41__pinctrl_state_pins_0__device_dts_ord_85E)
 .rodata._ZN6zephyr7arduinoL41__pinctrl_state_pins_0__device_dts_ord_85E
                0x00000000000005f8       0x20 /home/arduino/ArduinoApps/Modulino-AppLab-example-pacakge/modulino-hub-multi-channel/.cache/sketch/core/core.a(zephyrPinctrl.cpp.o)
 *(.rodata._ZN6zephyr7arduinoL41__pinctrl_state_pins_0__device_dts_ord_97E)
 .rodata._ZN6zephyr7arduinoL41__pinctrl_state_pins_0__device_dts_ord_97E
                0x0000000000000618        0x0 /home/arduino/ArduinoApps/Modulino-AppLab-example-pacakge/modulino-hub-multi-channel/.cache/sketch/core/core.a(zephyrPinctrl.cpp.o)
 *(.rodata._ZN6zephyr7arduinoL41__pinctrl_state_pins_1__device_dts_ord_17E)
 .rodata._ZN6zephyr7arduinoL41__pinctrl_state_pins_1__device_dts_ord_17E
                0x0000000000000618        0x0 /home/arduino/ArduinoApps/Modulino-AppLab-example-pacakge/modulino-hub-multi-channel/.cache/sketch/core/core.a(zephyrPinctrl.cpp.o)
 *(.rodata._ZN6zephyr7arduinoL41__pinctrl_state_pins_1__device_dts_ord_35E)
 .rodata._ZN6zephyr7arduinoL41__pinctrl_state_pins_1__device_dts_ord_35E
                0x0000000000000618       0x10 /home/arduino/ArduinoApps/Modulino-AppLab-example-pacakge/modulino-hub-multi-channel/.cache/sketch/core/core.a(zephyrPinctrl.cpp.o)
 *(.rodata._ZN6zephyr7arduinoL41__pinctrl_state_pins_1__device_dts_ord_80E)
 .rodata._ZN6zephyr7arduinoL41__pinctrl_state_pins_1__device_dts_ord_80E
                0x0000000000000628       0x18 /home/arduino/ArduinoApps/Modulino-AppLab-example-pacakge/modulino-hub-multi-channel/.cache/sketch/core/core.a(zephyrPinctrl.cpp.o)
 *(.rodata._ZN6zephyr7arduinoL41__pinctrl_state_pins_1__device_dts_ord_97E)
 .rodata._ZN6zephyr7arduinoL41__pinctrl_state_pins_1__device_dts_ord_97E
                0x0000000000000640        0x0 /home/arduino/ArduinoApps/Modulino-AppLab-example-pacakge/modulino-hub-multi-channel/.cache/sketch/core/core.a(zephyrPinctrl.cpp.o)
 *(.rodata._ZN6zephyr7arduinoL41__pinctrl_state_pins_2__device_dts_ord_17E)
 .rodata._ZN6zephyr7arduinoL41__pinctrl_state_pins_2__device_dts_ord_17E
                0x0000000000000640       0x30 /home/arduino/ArduinoApps/Modulino-AppLab-example-pacakge/modulino-hub-multi-channel/.cache/sketch/core/core.a(zephyrPinctrl.cpp.o)
 *(.rodata._ZN6zephyr7arduinoL41__pinctrl_state_pins_2__device_dts_ord_97E)
 .rodata._ZN6zephyr7arduinoL41__pinctrl_state_pins_2__device_dts_ord_97E
                0x0000000000000670       0x18 /home/arduino/ArduinoApps/Modulino-AppLab-example-pacakge/modulino-hub-multi-channel/.cache/sketch/core/core.a(zephyrPinctrl.cpp.o)
 *(.rodata._ZN6zephyr7arduinoL42__pinctrl_state_pins_0__device_dts_ord_102E)
 .rodata._ZN6zephyr7arduinoL42__pinctrl_state_pins_0__device_dts_ord_102E
                0x0000000000000688        0x0 /home/arduino/ArduinoApps/Modulino-AppLab-example-pacakge/modulino-hub-multi-channel/.cache/sketch/core/core.a(zephyrPinctrl.cpp.o)
 *(.rodata._ZN6zephyr7arduinoL42__pinctrl_state_pins_0__device_dts_ord_106E)
 .rodata._ZN6zephyr7arduinoL42__pinctrl_state_pins_0__device_dts_ord_106E
                0x0000000000000688        0x0 /home/arduino/ArduinoApps/Modulino-AppLab-example-pacakge/modulino-hub-multi-channel/.cache/sketch/core/core.a(zephyrPinctrl.cpp.o)
 *(.rodata._ZN6zephyr7arduinoL42__pinctrl_state_pins_0__device_dts_ord_111E)
 .rodata._ZN6zephyr7arduinoL42__pinctrl_state_pins_0__device_dts_ord_111E
                0x0000000000000688        0x0 /home/arduino/ArduinoApps/Modulino-AppLab-example-pacakge/modulino-hub-multi-channel/.cache/sketch/core/core.a(zephyrPinctrl.cpp.o)
 *(.rodata._ZN6zephyr7arduinoL42__pinctrl_state_pins_0__device_dts_ord_117E)
 .rodata._ZN6zephyr7arduinoL42__pinctrl_state_pins_0__device_dts_ord_117E
                0x0000000000000688        0x0 /home/arduino/ArduinoApps/Modulino-AppLab-example-pacakge/modulino-hub-multi-channel/.cache/sketch/core/core.a(zephyrPinctrl.cpp.o)
 *(.rodata._ZN6zephyr7arduinoL42__pinctrl_state_pins_0__device_dts_ord_120E)
 .rodata._ZN6zephyr7arduinoL42__pinctrl_state_pins_0__device_dts_ord_120E
                0x0000000000000688        0x0 /home/arduino/ArduinoApps/Modulino-AppLab-example-pacakge/modulino-hub-multi-channel/.cache/sketch/core/core.a(zephyrPinctrl.cpp.o)
 *(.rodata._ZN6zephyr7arduinoL42__pinctrl_state_pins_1__device_dts_ord_102E)
 .rodata._ZN6zephyr7arduinoL42__pinctrl_state_pins_1__device_dts_ord_102E
                0x0000000000000688        0x0 /home/arduino/ArduinoApps/Modulino-AppLab-example-pacakge/modulino-hub-multi-channel/.cache/sketch/core/core.a(zephyrPinctrl.cpp.o)
 *(.rodata._ZN6zephyr7arduinoL42__pinctrl_state_pins_1__device_dts_ord_106E)
 .rodata._ZN6zephyr7arduinoL42__pinctrl_state_pins_1__device_dts_ord_106E
                0x0000000000000688        0x0 /home/arduino/ArduinoApps/Modulino-AppLab-example-pacakge/modulino-hub-multi-channel/.cache/sketch/core/core.a(zephyrPinctrl.cpp.o)
 *(.rodata._ZN6zephyr7arduinoL42__pinctrl_state_pins_1__device_dts_ord_111E)
 .rodata._ZN6zephyr7arduinoL42__pinctrl_state_pins_1__device_dts_ord_111E
                0x0000000000000688        0x0 /home/arduino/ArduinoApps/Modulino-AppLab-example-pacakge/modulino-hub-multi-channel/.cache/sketch/core/core.a(zephyrPinctrl.cpp.o)
 *(.rodata._ZN6zephyr7arduinoL42__pinctrl_state_pins_1__device_dts_ord_117E)
 .rodata._ZN6zephyr7arduinoL42__pinctrl_state_pins_1__device_dts_ord_117E
                0x0000000000000688        0x0 /home/arduino/ArduinoApps/Modulino-AppLab-example-pacakge/modulino-hub-multi-channel/.cache/sketch/core/core.a(zephyrPinctrl.cpp.o)
 *(.rodata._ZN6zephyr7arduinoL42__pinctrl_state_pins_1__device_dts_ord_120E)
 .rodata._ZN6zephyr7arduinoL42__pinctrl_state_pins_1__device_dts_ord_120E
                0x0000000000000688        0x0 /home/arduino/ArduinoApps/Modulino-AppLab-example-pacakge/modulino-hub-multi-channel/.cache/sketch/core/core.a(zephyrPinctrl.cpp.o)
 *(.rodata._ZN6zephyr7arduinoL42__pinctrl_state_pins_2__device_dts_ord_102E)
 .rodata._ZN6zephyr7arduinoL42__pinctrl_state_pins_2__device_dts_ord_102E
                0x0000000000000688       0x18 /home/arduino/ArduinoApps/Modulino-AppLab-example-pacakge/modulino-hub-multi-channel/.cache/sketch/core/core.a(zephyrPinctrl.cpp.o)
 *(.rodata._ZN6zephyr7arduinoL42__pinctrl_state_pins_2__device_dts_ord_106E)
 .rodata._ZN6zephyr7arduinoL42__pinctrl_state_pins_2__device_dts_ord_106E
                0x00000000000006a0       0x10 /home/arduino/ArduinoApps/Modulino-AppLab-example-pacakge/modulino-hub-multi-channel/.cache/sketch/core/core.a(zephyrPinctrl.cpp.o)
 *(.rodata._ZN6zephyr7arduinoL42__pinctrl_state_pins_2__device_dts_ord_111E)
 .rodata._ZN6zephyr7arduinoL42__pinctrl_state_pins_2__device_dts_ord_111E
                0x00000000000006b0       0x18 /home/arduino/ArduinoApps/Modulino-AppLab-example-pacakge/modulino-hub-multi-channel/.cache/sketch/core/core.a(zephyrPinctrl.cpp.o)
 *(.rodata._ZN6zephyr7arduinoL42__pinctrl_state_pins_2__device_dts_ord_117E)
 .rodata._ZN6zephyr7arduinoL42__pinctrl_state_pins_2__device_dts_ord_117E
                0x00000000000006c8       0x20 /home/arduino/ArduinoApps/Modulino-AppLab-example-pacakge/modulino-hub-multi-channel/.cache/sketch/core/core.a(zephyrPinctrl.cpp.o)
 *(.rodata._ZN6zephyr7arduinoL42__pinctrl_state_pins_2__device_dts_ord_120E)
 .rodata._ZN6zephyr7arduinoL42__pinctrl_state_pins_2__device_dts_ord_120E
                0x00000000000006e8        0x8 /home/arduino/ArduinoApps/Modulino-AppLab-example-pacakge/modulino-hub-multi-channel/.cache/sketch/core/core.a(zephyrPinctrl.cpp.o)
 *(.rodata._ZN7RpcCallIJEE6resultIbEEbRT_.str1.1)
 .rodata._ZN7RpcCallIJEE6resultIbEEbRT_.str1.1
                0x00000000000006f0       0x21 /home/arduino/ArduinoApps/Modulino-AppLab-example-pacakge/modulino-hub-multi-channel/.cache/sketch/sketch/sketch.ino.cpp.o
 *(.rodata._ZN7arduino7msgpack6object3extC2EaPKhj.str1.1)
 .rodata._ZN7arduino7msgpack6object3extC2EaPKhj.str1.1
                0x0000000000000711       0x28 /home/arduino/ArduinoApps/Modulino-AppLab-example-pacakge/modulino-hub-multi-channel/.cache/sketch/sketch/sketch.ino.cpp.o
 *(.rodata._ZN8RpcErrorC2Ev.str1.1)
 .rodata._ZN8RpcErrorC2Ev.str1.1
                0x0000000000000739        0x1 /home/arduino/ArduinoApps/Modulino-AppLab-example-pacakge/modulino-hub-multi-channel/.cache/sketch/sketch/sketch.ino.cpp.o
 .rodata._ZN8RpcErrorC2Ev.str1.1
                0x000000000000073a        0x1 /home/arduino/ArduinoApps/Modulino-AppLab-example-pacakge/modulino-hub-multi-channel/.cache/sketch/libraries/Arduino_RouterBridge/singletons.cpp.o
 *(.rodata._ZNSt6vectorIjSaIjEE17_M_realloc_insertIJRjEEEvN9__gnu_cxx17__normal_iteratorIPjS1_EEDpOT_.str1.1)
 .rodata._ZNSt6vectorIjSaIjEE17_M_realloc_insertIJRjEEEvN9__gnu_cxx17__normal_iteratorIPjS1_EEDpOT_.str1.1
                0x000000000000073b       0x1a /home/arduino/ArduinoApps/Modulino-AppLab-example-pacakge/modulino-hub-multi-channel/.cache/sketch/sketch/sketch.ino.cpp.o
 .rodata._ZNSt6vectorIjSaIjEE17_M_realloc_insertIJRjEEEvN9__gnu_cxx17__normal_iteratorIPjS1_EEDpOT_.str1.1
                0x0000000000000755       0x1a /home/arduino/ArduinoApps/Modulino-AppLab-example-pacakge/modulino-hub-multi-channel/.cache/sketch/libraries/Arduino_RouterBridge/singletons.cpp.o
 *(.rodata.setup.str1.1)
 .rodata.setup.str1.1
                0x000000000000076f       0x75 /home/arduino/ArduinoApps/Modulino-AppLab-example-pacakge/modulino-hub-multi-channel/.cache/sketch/sketch/sketch.ino.cpp.o
 *(.rodata.str1.1)
 .rodata.str1.1
                0x00000000000007e4       0x51 /home/arduino/ArduinoApps/Modulino-AppLab-example-pacakge/modulino-hub-multi-channel/.cache/sketch/core/core.a(main.cpp.o)

.rel.rodata
 *(.rel.rodata)
 *(.rel.rodata.*)

.rela.rodata
 *(.rela.rodata)
 *(.rela.rodata.*)

/DISCARD/
 *(.ARM.attributes)
 *(.ARM.attributes.*)
 *(.ARM.exidx)
 *(.ARM.exidx.*)
 *(.ARM.extidx)
 *(.ARM.extidx.*)
 *(.ARM.extab)
 *(.ARM.extab.*)
 *(.comment)
 *(.comment.*)
 *(.llvmbc)
 *(.llvmcmd)
 *(.eh_frame)
 *stdexcept.o()
 *eh_*.o()
 *cow-stdexcept.o()
 *cow-string-inst.o()

.text           0x0000000000000000     0x6b52
 *(.text)
 *(.stub)
 *(.text*)
 .text._ZN15SerialTransport9availableEv
                0x0000000000000000       0x12 /home/arduino/ArduinoApps/Modulino-AppLab-example-pacakge/modulino-hub-multi-channel/.cache/sketch/sketch/sketch.ino.cpp.o
                0x0000000000000000                SerialTransport::available()
 .text._ZN15SerialTransport5writeEPKhj
                0x0000000000000012       0x10 /home/arduino/ArduinoApps/Modulino-AppLab-example-pacakge/modulino-hub-multi-channel/.cache/sketch/sketch/sketch.ino.cpp.o
                0x0000000000000012                SerialTransport::write(unsigned char const*, unsigned int)
 .text._ZN15SerialTransportD2Ev
                0x0000000000000022        0x2 /home/arduino/ArduinoApps/Modulino-AppLab-example-pacakge/modulino-hub-multi-channel/.cache/sketch/sketch/sketch.ino.cpp.o
                0x0000000000000022                SerialTransport::~SerialTransport()
                0x0000000000000022                SerialTransport::~SerialTransport()
 .text.k_yield  0x0000000000000024        0x8 /home/arduino/ArduinoApps/Modulino-AppLab-example-pacakge/modulino-hub-multi-channel/.cache/sketch/sketch/sketch.ino.cpp.o
 .text.k_mutex_lock
                0x000000000000002c        0x8 /home/arduino/ArduinoApps/Modulino-AppLab-example-pacakge/modulino-hub-multi-channel/.cache/sketch/sketch/sketch.ino.cpp.o
 .text.__tcf_0  0x0000000000000034       0x10 /home/arduino/ArduinoApps/Modulino-AppLab-example-pacakge/modulino-hub-multi-channel/.cache/sketch/sketch/sketch.ino.cpp.o
 .text._ZN15SerialTransport4readEPhj
                0x0000000000000044       0x28 /home/arduino/ArduinoApps/Modulino-AppLab-example-pacakge/modulino-hub-multi-channel/.cache/sketch/sketch/sketch.ino.cpp.o
                0x0000000000000044                SerialTransport::read(unsigned char*, unsigned int)
 .text._ZN15SerialTransport9read_byteERh
                0x000000000000006c       0x20 /home/arduino/ArduinoApps/Modulino-AppLab-example-pacakge/modulino-hub-multi-channel/.cache/sketch/sketch/sketch.ino.cpp.o
                0x000000000000006c                SerialTransport::read_byte(unsigned char&)
 .text._ZN15SerialTransportD0Ev
                0x000000000000008c       0x14 /home/arduino/ArduinoApps/Modulino-AppLab-example-pacakge/modulino-hub-multi-channel/.cache/sketch/sketch/sketch.ino.cpp.o
                0x000000000000008c                SerialTransport::~SerialTransport()
 .text._ZNSt17_Function_handlerIFbvEPS0_E10_M_managerERSt9_Any_dataRKS3_St18_Manager_operation
                0x00000000000000a0       0x30 /home/arduino/ArduinoApps/Modulino-AppLab-example-pacakge/modulino-hub-multi-channel/.cache/sketch/sketch/sketch.ino.cpp.o
                0x00000000000000a0                std::_Function_handler<bool (), bool (*)()>::_M_manager(std::_Any_data&, std::_Any_data const&, std::_Manager_operation)
 .text._ZNSt17_Function_handlerIFbvEPS0_E9_M_invokeERKSt9_Any_data
                0x00000000000000d0        0x4 /home/arduino/ArduinoApps/Modulino-AppLab-example-pacakge/modulino-hub-multi-channel/.cache/sketch/sketch/sketch.ino.cpp.o
                0x00000000000000d0                std::_Function_handler<bool (), bool (*)()>::_M_invoke(std::_Any_data const&)
 .text._ZSt14__relocate_a_1IhhENSt9enable_ifIXsrSt24__is_bitwise_relocatableIT_vE5valueEPS2_E4typeES4_S4_S4_RSaIT0_E.isra.0
                0x00000000000000d4       0x20 /home/arduino/ArduinoApps/Modulino-AppLab-example-pacakge/modulino-hub-multi-channel/.cache/sketch/sketch/sketch.ino.cpp.o
 .text._ZNSt12_Vector_baseIhSaIhEE11_M_allocateEj.isra.0
                0x00000000000000f4       0x20 /home/arduino/ArduinoApps/Modulino-AppLab-example-pacakge/modulino-hub-multi-channel/.cache/sketch/sketch/sketch.ino.cpp.o
 .text.k_mutex_unlock.isra.0
                0x0000000000000114        0x8 /home/arduino/ArduinoApps/Modulino-AppLab-example-pacakge/modulino-hub-multi-channel/.cache/sketch/sketch/sketch.ino.cpp.o
 .text.k_mutex_init.isra.0
                0x000000000000011c        0x8 /home/arduino/ArduinoApps/Modulino-AppLab-example-pacakge/modulino-hub-multi-channel/.cache/sketch/sketch/sketch.ino.cpp.o
 .text.k_msleep.constprop.0.isra.0
                0x0000000000000124        0xc /home/arduino/ArduinoApps/Modulino-AppLab-example-pacakge/modulino-hub-multi-channel/.cache/sketch/sketch/sketch.ino.cpp.o
 .text._ZNSt14_Function_baseD2Ev
                0x0000000000000130       0x12 /home/arduino/ArduinoApps/Modulino-AppLab-example-pacakge/modulino-hub-multi-channel/.cache/sketch/sketch/sketch.ino.cpp.o
                0x0000000000000130                std::_Function_base::~_Function_base()
                0x0000000000000130                std::_Function_base::~_Function_base()
 *fill*         0x0000000000000142        0x2 
 .text._ZN18RpcFunctionWrapperISt8functionIFbvEEED2Ev
                0x0000000000000144       0x1c /home/arduino/ArduinoApps/Modulino-AppLab-example-pacakge/modulino-hub-multi-channel/.cache/sketch/sketch/sketch.ino.cpp.o
                0x0000000000000144                RpcFunctionWrapper<std::function<bool ()> >::~RpcFunctionWrapper()
                0x0000000000000144                RpcFunctionWrapper<std::function<bool ()> >::~RpcFunctionWrapper()
 .text._ZN18RpcFunctionWrapperISt8functionIFbvEEED0Ev
                0x0000000000000160       0x1c /home/arduino/ArduinoApps/Modulino-AppLab-example-pacakge/modulino-hub-multi-channel/.cache/sketch/sketch/sketch.ino.cpp.o
                0x0000000000000160                RpcFunctionWrapper<std::function<bool ()> >::~RpcFunctionWrapper()
 .text._ZN7arduino7msgpack8Unpacker11deserializeEv
                0x000000000000017c       0x16 /home/arduino/ArduinoApps/Modulino-AppLab-example-pacakge/modulino-hub-multi-channel/.cache/sketch/sketch/sketch.ino.cpp.o
                0x000000000000017c                arduino::msgpack::Unpacker::deserialize()
 .text._ZN7arduino7msgpack8Unpacker5clearEv
                0x0000000000000192       0x14 /home/arduino/ArduinoApps/Modulino-AppLab-example-pacakge/modulino-hub-multi-channel/.cache/sketch/sketch/sketch.ino.cpp.o
                0x0000000000000192                arduino::msgpack::Unpacker::clear()
 .text._ZNK7arduino7msgpack8Unpacker13getRawBytePtrEjj
                0x00000000000001a6       0x1e /home/arduino/ArduinoApps/Modulino-AppLab-example-pacakge/modulino-hub-multi-channel/.cache/sketch/sketch/sketch.ino.cpp.o
                0x00000000000001a6                arduino::msgpack::Unpacker::getRawBytePtr(unsigned int, unsigned int) const
 .text._ZN8RpcErrorC2Ev
                0x00000000000001c4       0x2c /home/arduino/ArduinoApps/Modulino-AppLab-example-pacakge/modulino-hub-multi-channel/.cache/sketch/sketch/sketch.ino.cpp.o
                0x00000000000001c4                RpcError::RpcError()
                0x00000000000001c4                RpcError::RpcError()
 .text._ZN7arduino7msgpack8UnpackerC2Ev
                0x00000000000001f0       0x10 /home/arduino/ArduinoApps/Modulino-AppLab-example-pacakge/modulino-hub-multi-channel/.cache/sketch/sketch/sketch.ino.cpp.o
                0x00000000000001f0                arduino::msgpack::Unpacker::Unpacker()
                0x00000000000001f0                arduino::msgpack::Unpacker::Unpacker()
 .text._ZN10RPCRequestILj256EEC2Ev
                0x0000000000000200       0x4c /home/arduino/ArduinoApps/Modulino-AppLab-example-pacakge/modulino-hub-multi-channel/.cache/sketch/sketch/sketch.ino.cpp.o
                0x0000000000000200                RPCRequest<256u>::RPCRequest()
                0x0000000000000200                RPCRequest<256u>::RPCRequest()
 .text._ZN11BridgeClass10is_startedEv
                0x000000000000024c       0x2c /home/arduino/ArduinoApps/Modulino-AppLab-example-pacakge/modulino-hub-multi-channel/.cache/sketch/sketch/sketch.ino.cpp.o
                0x000000000000024c                BridgeClass::is_started()
 .text.loop     0x0000000000000278        0x2 /home/arduino/ArduinoApps/Modulino-AppLab-example-pacakge/modulino-hub-multi-channel/.cache/sketch/sketch/sketch.ino.cpp.o
                0x0000000000000278                loop
 *fill*         0x000000000000027a        0x2 
 .text._ZNSt12_Vector_baseIhSaIhEED2Ev
                0x000000000000027c       0x18 /home/arduino/ArduinoApps/Modulino-AppLab-example-pacakge/modulino-hub-multi-channel/.cache/sketch/sketch/sketch.ino.cpp.o
                0x000000000000027c                std::_Vector_base<unsigned char, std::allocator<unsigned char> >::~_Vector_base()
                0x000000000000027c                std::_Vector_base<unsigned char, std::allocator<unsigned char> >::~_Vector_base()
 .text.__tcf_2  0x0000000000000294       0x14 /home/arduino/ArduinoApps/Modulino-AppLab-example-pacakge/modulino-hub-multi-channel/.cache/sketch/sketch/sketch.ino.cpp.o
 .text.__tcf_1  0x00000000000002a8       0x14 /home/arduino/ArduinoApps/Modulino-AppLab-example-pacakge/modulino-hub-multi-channel/.cache/sketch/sketch/sketch.ino.cpp.o
 .text._ZNSt6vectorIhSaIhEE14_M_move_assignEOS1_St17integral_constantIbLb1EE.isra.0
                0x00000000000002bc       0x34 /home/arduino/ArduinoApps/Modulino-AppLab-example-pacakge/modulino-hub-multi-channel/.cache/sketch/sketch/sketch.ino.cpp.o
 .text._ZNK7arduino7msgpack8Unpacker11getRawBytesIhEET_jj
                0x00000000000002f0       0x1e /home/arduino/ArduinoApps/Modulino-AppLab-example-pacakge/modulino-hub-multi-channel/.cache/sketch/sketch/sketch.ino.cpp.o
                0x00000000000002f0                unsigned char arduino::msgpack::Unpacker::getRawBytes<unsigned char>(unsigned int, unsigned int) const
 *fill*         0x000000000000030e        0x2 
 .text._ZNK7arduino7msgpack8Unpacker7getTypeEj
                0x0000000000000310       0x58 /home/arduino/ArduinoApps/Modulino-AppLab-example-pacakge/modulino-hub-multi-channel/.cache/sketch/sketch/sketch.ino.cpp.o
                0x0000000000000310                arduino::msgpack::Unpacker::getType(unsigned int) const
 .text._ZNK7arduino7msgpack8Unpacker7getTypeEv
                0x0000000000000368       0x10 /home/arduino/ArduinoApps/Modulino-AppLab-example-pacakge/modulino-hub-multi-channel/.cache/sketch/sketch/sketch.ino.cpp.o
                0x0000000000000368                arduino::msgpack::Unpacker::getType() const
 .text._ZNK7arduino7msgpack8Unpacker7isArrayEv
                0x0000000000000378       0x20 /home/arduino/ArduinoApps/Modulino-AppLab-example-pacakge/modulino-hub-multi-channel/.cache/sketch/sketch/sketch.ino.cpp.o
                0x0000000000000378                arduino::msgpack::Unpacker::isArray() const
 .text._ZN7arduino7msgpack8Unpacker11unpackInt32Ev
                0x0000000000000398       0x58 /home/arduino/ArduinoApps/Modulino-AppLab-example-pacakge/modulino-hub-multi-channel/.cache/sketch/sketch/sketch.ino.cpp.o
                0x0000000000000398                arduino::msgpack::Unpacker::unpackInt32()
 .text._ZN7arduino7msgpack8Unpacker11unpackInt64Ev
                0x00000000000003f0       0x60 /home/arduino/ArduinoApps/Modulino-AppLab-example-pacakge/modulino-hub-multi-channel/.cache/sketch/sketch/sketch.ino.cpp.o
                0x00000000000003f0                arduino::msgpack::Unpacker::unpackInt64()
 .text._ZN7arduino7msgpack8Unpacker9unpackNilEv
                0x0000000000000450       0x3c /home/arduino/ArduinoApps/Modulino-AppLab-example-pacakge/modulino-hub-multi-channel/.cache/sketch/sketch/sketch.ino.cpp.o
                0x0000000000000450                arduino::msgpack::Unpacker::unpackNil()
 .text._ZNK7arduino7msgpack8Unpacker5isMapEv
                0x000000000000048c       0x20 /home/arduino/ArduinoApps/Modulino-AppLab-example-pacakge/modulino-hub-multi-channel/.cache/sketch/sketch/sketch.ino.cpp.o
                0x000000000000048c                arduino::msgpack::Unpacker::isMap() const
 .text._ZNK7arduino7msgpack8Unpacker5isIntEv
                0x00000000000004ac       0x20 /home/arduino/ArduinoApps/Modulino-AppLab-example-pacakge/modulino-hub-multi-channel/.cache/sketch/sketch/sketch.ino.cpp.o
                0x00000000000004ac                arduino::msgpack::Unpacker::isInt() const
 .text._ZNK7arduino7msgpack8Unpacker6isUIntEv
                0x00000000000004cc       0x20 /home/arduino/ArduinoApps/Modulino-AppLab-example-pacakge/modulino-hub-multi-channel/.cache/sketch/sketch/sketch.ino.cpp.o
                0x00000000000004cc                arduino::msgpack::Unpacker::isUInt() const
 .text._ZN7arduino7msgpack8Unpacker11unpackInt16Ev
                0x00000000000004ec       0x4c /home/arduino/ArduinoApps/Modulino-AppLab-example-pacakge/modulino-hub-multi-channel/.cache/sketch/sketch/sketch.ino.cpp.o
                0x00000000000004ec                arduino::msgpack::Unpacker::unpackInt16()
 .text._ZN7arduino7msgpack8Unpacker13unpackFloat32Ev
                0x0000000000000538       0x60 /home/arduino/ArduinoApps/Modulino-AppLab-example-pacakge/modulino-hub-multi-channel/.cache/sketch/sketch/sketch.ino.cpp.o
                0x0000000000000538                arduino::msgpack::Unpacker::unpackFloat32()
 .text._ZN7arduino7msgpack8Unpacker13unpackFloat64Ev
                0x0000000000000598       0x6c /home/arduino/ArduinoApps/Modulino-AppLab-example-pacakge/modulino-hub-multi-channel/.cache/sketch/sketch/sketch.ino.cpp.o
                0x0000000000000598                arduino::msgpack::Unpacker::unpackFloat64()
 .text._ZN7arduino7msgpack8Unpacker10unpackInt5Ev
                0x0000000000000604       0x4c /home/arduino/ArduinoApps/Modulino-AppLab-example-pacakge/modulino-hub-multi-channel/.cache/sketch/sketch/sketch.ino.cpp.o
                0x0000000000000604                arduino::msgpack::Unpacker::unpackInt5()
 .text._ZN7arduino7msgpack8Unpacker11unpackUInt7Ev
                0x0000000000000650       0x48 /home/arduino/ArduinoApps/Modulino-AppLab-example-pacakge/modulino-hub-multi-channel/.cache/sketch/sketch/sketch.ino.cpp.o
                0x0000000000000650                arduino::msgpack::Unpacker::unpackUInt7()
 .text._ZN7arduino7msgpack8Unpacker11unpackUInt8Ev
                0x0000000000000698       0x48 /home/arduino/ArduinoApps/Modulino-AppLab-example-pacakge/modulino-hub-multi-channel/.cache/sketch/sketch/sketch.ino.cpp.o
                0x0000000000000698                arduino::msgpack::Unpacker::unpackUInt8()
 .text._ZNK7arduino7msgpack8Unpacker11getRawBytesItEET_jj
                0x00000000000006e0       0x26 /home/arduino/ArduinoApps/Modulino-AppLab-example-pacakge/modulino-hub-multi-channel/.cache/sketch/sketch/sketch.ino.cpp.o
                0x00000000000006e0                unsigned short arduino::msgpack::Unpacker::getRawBytes<unsigned short>(unsigned int, unsigned int) const
 *fill*         0x0000000000000706        0x2 
 .text._ZN7arduino7msgpack8Unpacker12unpackUInt16Ev
                0x0000000000000708       0x48 /home/arduino/ArduinoApps/Modulino-AppLab-example-pacakge/modulino-hub-multi-channel/.cache/sketch/sketch/sketch.ino.cpp.o
                0x0000000000000708                arduino::msgpack::Unpacker::unpackUInt16()
 .text._ZNK7arduino7msgpack8Unpacker11getRawBytesIjEET_jj
                0x0000000000000750       0x34 /home/arduino/ArduinoApps/Modulino-AppLab-example-pacakge/modulino-hub-multi-channel/.cache/sketch/sketch/sketch.ino.cpp.o
                0x0000000000000750                unsigned int arduino::msgpack::Unpacker::getRawBytes<unsigned int>(unsigned int, unsigned int) const
 .text._ZNK7arduino7msgpack8Unpacker14getElementSizeEj
                0x0000000000000784      0x11c /home/arduino/ArduinoApps/Modulino-AppLab-example-pacakge/modulino-hub-multi-channel/.cache/sketch/sketch/sketch.ino.cpp.o
                0x0000000000000784                arduino::msgpack::Unpacker::getElementSize(unsigned int) const
 .text._ZN7arduino7msgpack8Unpacker15unpackArraySizeEv
                0x00000000000008a0       0x78 /home/arduino/ArduinoApps/Modulino-AppLab-example-pacakge/modulino-hub-multi-channel/.cache/sketch/sketch/sketch.ino.cpp.o
                0x00000000000008a0                arduino::msgpack::Unpacker::unpackArraySize()
 .text._ZN7arduino7msgpack8Unpacker11deserializeINS0_4type9ArraySizeEJEEEbRT_DpOT0_.isra.0
                0x0000000000000918       0x40 /home/arduino/ArduinoApps/Modulino-AppLab-example-pacakge/modulino-hub-multi-channel/.cache/sketch/sketch/sketch.ino.cpp.o
 .text._ZN7arduino7msgpack8Unpacker12unpackUInt32Ev
                0x0000000000000958       0x48 /home/arduino/ArduinoApps/Modulino-AppLab-example-pacakge/modulino-hub-multi-channel/.cache/sketch/sketch/sketch.ino.cpp.o
                0x0000000000000958                arduino::msgpack::Unpacker::unpackUInt32()
 .text._ZN7arduino7msgpack8Unpacker13unpackMapSizeEv
                0x00000000000009a0       0x78 /home/arduino/ArduinoApps/Modulino-AppLab-example-pacakge/modulino-hub-multi-channel/.cache/sketch/sketch/sketch.ino.cpp.o
                0x00000000000009a0                arduino::msgpack::Unpacker::unpackMapSize()
 .text._ZNK7arduino7msgpack8Unpacker11getRawBytesIyEET_jj
                0x0000000000000a18       0x3a /home/arduino/ArduinoApps/Modulino-AppLab-example-pacakge/modulino-hub-multi-channel/.cache/sketch/sketch/sketch.ino.cpp.o
                0x0000000000000a18                unsigned long long arduino::msgpack::Unpacker::getRawBytes<unsigned long long>(unsigned int, unsigned int) const
 *fill*         0x0000000000000a52        0x2 
 .text._ZN7arduino7msgpack8Unpacker12unpackUInt64Ev
                0x0000000000000a54       0x4c /home/arduino/ArduinoApps/Modulino-AppLab-example-pacakge/modulino-hub-multi-channel/.cache/sketch/sketch/sketch.ino.cpp.o
                0x0000000000000a54                arduino::msgpack::Unpacker::unpackUInt64()
 .text._ZNK7arduino7msgpack8Unpacker11getRawBytesIaEET_jj
                0x0000000000000aa0       0x1e /home/arduino/ArduinoApps/Modulino-AppLab-example-pacakge/modulino-hub-multi-channel/.cache/sketch/sketch/sketch.ino.cpp.o
                0x0000000000000aa0                signed char arduino::msgpack::Unpacker::getRawBytes<signed char>(unsigned int, unsigned int) const
 *fill*         0x0000000000000abe        0x2 
 .text._ZN7arduino7msgpack8Unpacker10unpackInt8Ev
                0x0000000000000ac0       0x48 /home/arduino/ArduinoApps/Modulino-AppLab-example-pacakge/modulino-hub-multi-channel/.cache/sketch/sketch/sketch.ino.cpp.o
                0x0000000000000ac0                arduino::msgpack::Unpacker::unpackInt8()
 .text._ZNK7arduino7msgpack8Unpacker13isTimestamp32Ev
                0x0000000000000b08       0x2c /home/arduino/ArduinoApps/Modulino-AppLab-example-pacakge/modulino-hub-multi-channel/.cache/sketch/sketch/sketch.ino.cpp.o
                0x0000000000000b08                arduino::msgpack::Unpacker::isTimestamp32() const
 .text._ZNK7arduino7msgpack8Unpacker13isTimestamp64Ev
                0x0000000000000b34       0x2c /home/arduino/ArduinoApps/Modulino-AppLab-example-pacakge/modulino-hub-multi-channel/.cache/sketch/sketch/sketch.ino.cpp.o
                0x0000000000000b34                arduino::msgpack::Unpacker::isTimestamp64() const
 .text._ZNK7arduino7msgpack8Unpacker13isTimestamp96Ev
                0x0000000000000b60       0x40 /home/arduino/ArduinoApps/Modulino-AppLab-example-pacakge/modulino-hub-multi-channel/.cache/sketch/sketch/sketch.ino.cpp.o
                0x0000000000000b60                arduino::msgpack::Unpacker::isTimestamp96() const
 .text._ZNK7arduino7msgpack8Unpacker11getRawBytesIcEET_jj
                0x0000000000000ba0       0x1e /home/arduino/ArduinoApps/Modulino-AppLab-example-pacakge/modulino-hub-multi-channel/.cache/sketch/sketch/sketch.ino.cpp.o
                0x0000000000000ba0                char arduino::msgpack::Unpacker::getRawBytes<char>(unsigned int, unsigned int) const
 *fill*         0x0000000000000bbe        0x2 
 .text._ZN7arduino7msgpack8Unpacker11deserializeINS0_6object5nil_tEJEEEbRT_DpOT0_
                0x0000000000000bc0       0x40 /home/arduino/ArduinoApps/Modulino-AppLab-example-pacakge/modulino-hub-multi-channel/.cache/sketch/sketch/sketch.ino.cpp.o
                0x0000000000000bc0                bool arduino::msgpack::Unpacker::deserialize<arduino::msgpack::object::nil_t>(arduino::msgpack::object::nil_t&)
 .text._ZN7arduino7msgpack8Unpacker11deserializeIbJEEEbRT_DpOT0_
                0x0000000000000c00       0x68 /home/arduino/ArduinoApps/Modulino-AppLab-example-pacakge/modulino-hub-multi-channel/.cache/sketch/sketch/sketch.ino.cpp.o
                0x0000000000000c00                bool arduino::msgpack::Unpacker::deserialize<bool>(bool&)
 .text._ZN7arduino7msgpack8Unpacker11deserializeINS_6StringEJEEEbRT_DpOT0_
                0x0000000000000c68      0x174 /home/arduino/ArduinoApps/Modulino-AppLab-example-pacakge/modulino-hub-multi-channel/.cache/sketch/sketch/sketch.ino.cpp.o
                0x0000000000000c68                bool arduino::msgpack::Unpacker::deserialize<arduino::String>(arduino::String&)
 .text._ZN7arduino7msgpack8Unpacker11deserializeINS0_6object8timespecEJEEEbRT_DpOT0_
                0x0000000000000ddc       0xc4 /home/arduino/ArduinoApps/Modulino-AppLab-example-pacakge/modulino-hub-multi-channel/.cache/sketch/sketch/sketch.ino.cpp.o
                0x0000000000000ddc                bool arduino::msgpack::Unpacker::deserialize<arduino::msgpack::object::timespec>(arduino::msgpack::object::timespec&)
 .text._ZN17RpcDecoderManagerILj3EE10getDecoderER10ITransport
                0x0000000000000ea0       0x7c /home/arduino/ArduinoApps/Modulino-AppLab-example-pacakge/modulino-hub-multi-channel/.cache/sketch/sketch/sketch.ino.cpp.o
                0x0000000000000ea0                RpcDecoderManager<3u>::getDecoder(ITransport&)
 .text._ZNSt12_Vector_baseIjSaIjEED2Ev
                0x0000000000000f1c       0x18 /home/arduino/ArduinoApps/Modulino-AppLab-example-pacakge/modulino-hub-multi-channel/.cache/sketch/sketch/sketch.ino.cpp.o
                0x0000000000000f1c                std::_Vector_base<unsigned int, std::allocator<unsigned int> >::~_Vector_base()
                0x0000000000000f1c                std::_Vector_base<unsigned int, std::allocator<unsigned int> >::~_Vector_base()
 .text._ZN10RPCRequestILj256EED2Ev
                0x0000000000000f34       0x2c /home/arduino/ArduinoApps/Modulino-AppLab-example-pacakge/modulino-hub-multi-channel/.cache/sketch/sketch/sketch.ino.cpp.o
                0x0000000000000f34                RPCRequest<256u>::~RPCRequest()
                0x0000000000000f34                RPCRequest<256u>::~RPCRequest()
 .text._ZNSt6vectorIjSaIjEE17_M_realloc_insertIJRjEEEvN9__gnu_cxx17__normal_iteratorIPjS1_EEDpOT_
                0x0000000000000f60       0xdc /home/arduino/ArduinoApps/Modulino-AppLab-example-pacakge/modulino-hub-multi-channel/.cache/sketch/sketch/sketch.ino.cpp.o
                0x0000000000000f60                void std::vector<unsigned int, std::allocator<unsigned int> >::_M_realloc_insert<unsigned int&>(__gnu_cxx::__normal_iterator<unsigned int*, std::vector<unsigned int, std::allocator<unsigned int> > >, unsigned int&)
 .text._ZN7arduino7msgpack8Unpacker4feedEPKhj
                0x000000000000103c       0x78 /home/arduino/ArduinoApps/Modulino-AppLab-example-pacakge/modulino-hub-multi-channel/.cache/sketch/sketch/sketch.ino.cpp.o
                0x000000000000103c                arduino::msgpack::Unpacker::feed(unsigned char const*, unsigned int)
 .text._ZN7RpcCallIJEE8setErrorEiN7arduino6StringE
                0x00000000000010b4       0x40 /home/arduino/ArduinoApps/Modulino-AppLab-example-pacakge/modulino-hub-multi-channel/.cache/sketch/sketch/sketch.ino.cpp.o
                0x00000000000010b4                RpcCall<>::setError(int, arduino::String)
 .text._ZN7RpcCallIJEE7isErrorEv
                0x00000000000010f4       0x34 /home/arduino/ArduinoApps/Modulino-AppLab-example-pacakge/modulino-hub-multi-channel/.cache/sketch/sketch/sketch.ino.cpp.o
                0x00000000000010f4                RpcCall<>::isError()
 .text._ZNKSt6vectorIhSaIhEE12_M_check_lenEjPKc
                0x0000000000001128       0x38 /home/arduino/ArduinoApps/Modulino-AppLab-example-pacakge/modulino-hub-multi-channel/.cache/sketch/sketch/sketch.ino.cpp.o
                0x0000000000001128                std::vector<unsigned char, std::allocator<unsigned char> >::_M_check_len(unsigned int, char const*) const
 .text._ZNSt6vectorIhSaIhEE12emplace_backIJhEEERhDpOT_.isra.0
                0x0000000000001160       0x90 /home/arduino/ArduinoApps/Modulino-AppLab-example-pacakge/modulino-hub-multi-channel/.cache/sketch/sketch/sketch.ino.cpp.o
 .text._ZN7arduino7msgpack6Packer11packRawByteERKNS0_4TypeE.isra.0
                0x00000000000011f0       0x18 /home/arduino/ArduinoApps/Modulino-AppLab-example-pacakge/modulino-hub-multi-channel/.cache/sketch/sketch/sketch.ino.cpp.o
 .text._ZNSt6vectorIhSaIhEE12emplace_backIJRKhEEERhDpOT_.isra.0
                0x0000000000001208       0x90 /home/arduino/ArduinoApps/Modulino-AppLab-example-pacakge/modulino-hub-multi-channel/.cache/sketch/sketch/sketch.ino.cpp.o
 .text._ZN7arduino7msgpack6Packer9packUInt8Eh
                0x0000000000001298       0x2c /home/arduino/ArduinoApps/Modulino-AppLab-example-pacakge/modulino-hub-multi-channel/.cache/sketch/sketch/sketch.ino.cpp.o
                0x0000000000001298                arduino::msgpack::Packer::packUInt8(unsigned char)
 .text._ZNSt6vectorIhSaIhEE12emplace_backIJRhEEES3_DpOT_.isra.0
                0x00000000000012c4       0x90 /home/arduino/ArduinoApps/Modulino-AppLab-example-pacakge/modulino-hub-multi-channel/.cache/sketch/sketch/sketch.ino.cpp.o
 .text._ZN7arduino7msgpack6Packer15packRawReversedIjEEvRKT_
                0x0000000000001354       0x1c /home/arduino/ArduinoApps/Modulino-AppLab-example-pacakge/modulino-hub-multi-channel/.cache/sketch/sketch/sketch.ino.cpp.o
                0x0000000000001354                void arduino::msgpack::Packer::packRawReversed<unsigned int>(unsigned int const&)
 .text._ZN7arduino7msgpack6Packer10packUInt32Ej
                0x0000000000001370       0x28 /home/arduino/ArduinoApps/Modulino-AppLab-example-pacakge/modulino-hub-multi-channel/.cache/sketch/sketch/sketch.ino.cpp.o
                0x0000000000001370                arduino::msgpack::Packer::packUInt32(unsigned int)
 .text._ZN7arduino7msgpack6Packer15packRawReversedItEEvRKT_
                0x0000000000001398       0x1c /home/arduino/ArduinoApps/Modulino-AppLab-example-pacakge/modulino-hub-multi-channel/.cache/sketch/sketch/sketch.ino.cpp.o
                0x0000000000001398                void arduino::msgpack::Packer::packRawReversed<unsigned short>(unsigned short const&)
 .text._ZN7arduino7msgpack6Packer13packArraySizeEj
                0x00000000000013b4       0x58 /home/arduino/ArduinoApps/Modulino-AppLab-example-pacakge/modulino-hub-multi-channel/.cache/sketch/sketch/sketch.ino.cpp.o
                0x00000000000013b4                arduino::msgpack::Packer::packArraySize(unsigned int)
 .text._ZN7arduino7msgpack6Packer10packUInt16Et
                0x000000000000140c       0x2c /home/arduino/ArduinoApps/Modulino-AppLab-example-pacakge/modulino-hub-multi-channel/.cache/sketch/sketch/sketch.ino.cpp.o
                0x000000000000140c                arduino::msgpack::Packer::packUInt16(unsigned short)
 .text._ZN7arduino7msgpack6Packer11packIntegerIjEENSt9enable_ifIXaaaaaasrSt13is_arithmeticIT_E5valuesrSt11is_integralIS5_E5valuentsrSt7is_sameIS5_bE5valuentsrS9_INSt9remove_cvIS5_E4typeEPcE5valueEvE4typeERKS5_.isra.0
                0x0000000000001438       0x50 /home/arduino/ArduinoApps/Modulino-AppLab-example-pacakge/modulino-hub-multi-channel/.cache/sketch/sketch/sketch.ino.cpp.o
 .text._ZN7arduino7msgpack6Packer11packIntegerIiEENSt9enable_ifIXaaaaaasrSt13is_arithmeticIT_E5valuesrSt11is_integralIS5_E5valuentsrSt7is_sameIS5_bE5valuentsrS9_INSt9remove_cvIS5_E4typeEPcE5valueEvE4typeERKS5_.isra.0
                0x0000000000001488       0xb8 /home/arduino/ArduinoApps/Modulino-AppLab-example-pacakge/modulino-hub-multi-channel/.cache/sketch/sketch/sketch.ino.cpp.o
 .text._ZN7arduino7msgpack6Packer12packRawBytesEPKcj
                0x0000000000001540       0x9c /home/arduino/ArduinoApps/Modulino-AppLab-example-pacakge/modulino-hub-multi-channel/.cache/sketch/sketch/sketch.ino.cpp.o
                0x0000000000001540                arduino::msgpack::Packer::packRawBytes(char const*, unsigned int)
 .text._ZN7arduino7msgpack6Packer4packERKNS_6StringE
                0x00000000000015dc       0x7c /home/arduino/ArduinoApps/Modulino-AppLab-example-pacakge/modulino-hub-multi-channel/.cache/sketch/sketch/sketch.ino.cpp.o
                0x00000000000015dc                arduino::msgpack::Packer::pack(arduino::String const&)
 .text._ZN7arduino7msgpack6Packer9serializeIJRKiRKNS_6StringEEEEvRKNS0_4type9ArraySizeEDpOT_.isra.0
                0x0000000000001658       0x2c /home/arduino/ArduinoApps/Modulino-AppLab-example-pacakge/modulino-hub-multi-channel/.cache/sketch/sketch/sketch.ino.cpp.o
 .text._ZN7arduino7msgpack6Packer9serializeI8RpcErrorJRNS0_6object5nil_tEEEENSt9enable_ifIXoooontsrSt10is_pointerIT_E5valuesrSt7is_sameIS9_PKcE5valuesrSB_IS9_PKNS_19__FlashStringHelperEE5valueEvE4typeERKS9_DpOT0_.isra.0
                0x0000000000001684       0x28 /home/arduino/ArduinoApps/Modulino-AppLab-example-pacakge/modulino-hub-multi-channel/.cache/sketch/sketch/sketch.ino.cpp.o
 .text._ZN18RpcFunctionWrapperISt8functionIFbvEEEclERN7arduino7msgpack8UnpackerERNS5_6PackerE
                0x00000000000016ac       0xb8 /home/arduino/ArduinoApps/Modulino-AppLab-example-pacakge/modulino-hub-multi-channel/.cache/sketch/sketch/sketch.ino.cpp.o
                0x00000000000016ac                RpcFunctionWrapper<std::function<bool ()> >::operator()(arduino::msgpack::Unpacker&, arduino::msgpack::Packer&)
 .text._ZN7arduino7msgpack8Unpacker9unpackIntIiEENSt9enable_ifIXaaaaaaaasrSt13is_arithmeticIT_E5valuesrSt11is_integralIS5_E5valuentsrSt7is_sameIS5_bE5valuentsrS9_INSt9remove_cvIS5_E4typeEPcE5valuesrSt9is_signedIS5_E5valueES5_E4typeEv
                0x0000000000001764       0xd0 /home/arduino/ArduinoApps/Modulino-AppLab-example-pacakge/modulino-hub-multi-channel/.cache/sketch/sketch/sketch.ino.cpp.o
                0x0000000000001764                std::enable_if<(((std::is_arithmetic<int>::value&&std::is_integral<int>::value)&&(!std::is_same<int, bool>::value))&&(!std::is_same<std::remove_cv<int>::type, char*>::value))&&std::is_signed<int>::value, int>::type arduino::msgpack::Unpacker::unpackInt<int>()
 .text._ZN7arduino7msgpack8Unpacker11deserializeIiJEEEbRT_DpOT0_
                0x0000000000001834       0x40 /home/arduino/ArduinoApps/Modulino-AppLab-example-pacakge/modulino-hub-multi-channel/.cache/sketch/sketch/sketch.ino.cpp.o
                0x0000000000001834                bool arduino::msgpack::Unpacker::deserialize<int>(int&)
 .text._ZN7arduino7msgpack8Unpacker11unpackFloatIfEENSt9enable_ifIXaasrSt13is_arithmeticIT_E5valuesrSt17is_floating_pointIS5_E5valueES5_E4typeEv
                0x0000000000001874      0x118 /home/arduino/ArduinoApps/Modulino-AppLab-example-pacakge/modulino-hub-multi-channel/.cache/sketch/sketch/sketch.ino.cpp.o
                0x0000000000001874                std::enable_if<std::is_arithmetic<float>::value&&std::is_floating_point<float>::value, float>::type arduino::msgpack::Unpacker::unpackFloat<float>()
 *fill*         0x000000000000198c        0x4 
 .text._ZN7arduino7msgpack8Unpacker11unpackFloatIdEENSt9enable_ifIXaasrSt13is_arithmeticIT_E5valuesrSt17is_floating_pointIS5_E5valueES5_E4typeEv
                0x0000000000001990      0x118 /home/arduino/ArduinoApps/Modulino-AppLab-example-pacakge/modulino-hub-multi-channel/.cache/sketch/sketch/sketch.ino.cpp.o
                0x0000000000001990                std::enable_if<std::is_arithmetic<double>::value&&std::is_floating_point<double>::value, double>::type arduino::msgpack::Unpacker::unpackFloat<double>()
 .text._ZN7arduino7msgpack8Unpacker12unpackBinaryIhEENSt9enable_ifIXoosrSt7is_sameIT_cE5valuesrS4_IS5_hE5valueESt6vectorINS3_IXoosrS7_5valuesrS6_5valueES5_E4typeESaIS5_EEE4typeEv
                0x0000000000001aa8      0x114 /home/arduino/ArduinoApps/Modulino-AppLab-example-pacakge/modulino-hub-multi-channel/.cache/sketch/sketch/sketch.ino.cpp.o
                0x0000000000001aa8                std::enable_if<std::is_same<unsigned char, char>::value||std::is_same<unsigned char, unsigned char>::value, std::vector<std::enable_if<std::is_same<unsigned char, unsigned char>::value||std::is_same<unsigned char, char>::value, unsigned char>::type, std::allocator<unsigned char> > >::type arduino::msgpack::Unpacker::unpackBinary<unsigned char>()
 .text._ZN7arduino7msgpack8Unpacker11deserializeINS0_4type9ArraySizeEJRiEEEbRT_DpOT0_
                0x0000000000001bbc       0x44 /home/arduino/ArduinoApps/Modulino-AppLab-example-pacakge/modulino-hub-multi-channel/.cache/sketch/sketch/sketch.ino.cpp.o
                0x0000000000001bbc                bool arduino::msgpack::Unpacker::deserialize<arduino::msgpack::type::ArraySize, int&>(arduino::msgpack::type::ArraySize&, int&)
 .text._ZNK10RpcDecoderILj1024EE4sendEPKhj
                0x0000000000001c00       0x22 /home/arduino/ArduinoApps/Modulino-AppLab-example-pacakge/modulino-hub-multi-channel/.cache/sketch/sketch/sketch.ino.cpp.o
                0x0000000000001c00                RpcDecoder<1024u>::send(unsigned char const*, unsigned int) const
 *fill*         0x0000000000001c22        0x2 
 .text._ZN9RPCClient8send_rpcIJRKN7arduino6StringEEEEbS4_RjDpOT_.isra.0
                0x0000000000001c24       0x90 /home/arduino/ArduinoApps/Modulino-AppLab-example-pacakge/modulino-hub-multi-channel/.cache/sketch/sketch/sketch.ino.cpp.o
 .text._ZN11BridgeClass6notifyIJiEEEvN7arduino6StringEDpOT_
                0x0000000000001cb4       0xa8 /home/arduino/ArduinoApps/Modulino-AppLab-example-pacakge/modulino-hub-multi-channel/.cache/sketch/sketch/sketch.ino.cpp.o
                0x0000000000001cb4                void BridgeClass::notify<int>(arduino::String, int&&)
 .text._ZNK9RPCServer13send_responseILj256EEEbRK10RPCRequestIXT_EE.isra.0
                0x0000000000001d5c       0x24 /home/arduino/ArduinoApps/Modulino-AppLab-example-pacakge/modulino-hub-multi-channel/.cache/sketch/sketch/sketch.ino.cpp.o
 .text._ZN10RpcDecoderILj1024EE9send_callIJEEEbiRKN7arduino6StringERjDpOT_
                0x0000000000001d80       0xb0 /home/arduino/ArduinoApps/Modulino-AppLab-example-pacakge/modulino-hub-multi-channel/.cache/sketch/sketch/sketch.ino.cpp.o
                0x0000000000001d80                bool RpcDecoder<1024u>::send_call<>(int, arduino::String const&, unsigned int&)
 .text._ZN11BridgeClass6notifyIJEEEvN7arduino6StringEDpOT_
                0x0000000000001e30       0x4c /home/arduino/ArduinoApps/Modulino-AppLab-example-pacakge/modulino-hub-multi-channel/.cache/sketch/sketch/sketch.ino.cpp.o
                0x0000000000001e30                void BridgeClass::notify<>(arduino::String)
 .text._ZN7RpcCallIJRKN7arduino6StringEEE8setErrorEiS1_
                0x0000000000001e7c       0x40 /home/arduino/ArduinoApps/Modulino-AppLab-example-pacakge/modulino-hub-multi-channel/.cache/sketch/sketch/sketch.ino.cpp.o
                0x0000000000001e7c                RpcCall<arduino::String const&>::setError(int, arduino::String)
 .text._ZN7RpcCallIJRKN7arduino6StringEEE7isErrorEv
                0x0000000000001ebc       0x34 /home/arduino/ArduinoApps/Modulino-AppLab-example-pacakge/modulino-hub-multi-channel/.cache/sketch/sketch/sketch.ino.cpp.o
                0x0000000000001ebc                RpcCall<arduino::String const&>::isError()
 .text._ZN10RpcDecoderILj1024EE7consumeEjj
                0x0000000000001ef0       0x50 /home/arduino/ArduinoApps/Modulino-AppLab-example-pacakge/modulino-hub-multi-channel/.cache/sketch/sketch/sketch.ino.cpp.o
                0x0000000000001ef0                RpcDecoder<1024u>::consume(unsigned int, unsigned int)
 .text._ZN10RpcDecoderILj1024EE7discardEv
                0x0000000000001f40       0x2c /home/arduino/ArduinoApps/Modulino-AppLab-example-pacakge/modulino-hub-multi-channel/.cache/sketch/sketch/sketch.ino.cpp.o
                0x0000000000001f40                RpcDecoder<1024u>::discard()
 .text._ZN7arduino7msgpack8Unpacker11deserializeI8RpcErrorJRNS0_6object5nil_tEEEEbRT_DpOT0_
                0x0000000000001f6c       0x90 /home/arduino/ArduinoApps/Modulino-AppLab-example-pacakge/modulino-hub-multi-channel/.cache/sketch/sketch/sketch.ino.cpp.o
                0x0000000000001f6c                bool arduino::msgpack::Unpacker::deserialize<RpcError, arduino::msgpack::object::nil_t&>(RpcError&, arduino::msgpack::object::nil_t&)
 .text._Z4wrapIRFbvESt8functionIS0_EEP18RpcFunctionWrapperIT0_EOT_
                0x0000000000001ffc       0x6c /home/arduino/ArduinoApps/Modulino-AppLab-example-pacakge/modulino-hub-multi-channel/.cache/sketch/sketch/sketch.ino.cpp.o
                0x0000000000001ffc                RpcFunctionWrapper<std::function<bool ()> >* wrap<bool (&)(), std::function<bool ()> >(bool (&)())
 .text._ZN7arduino7msgpack8Unpacker10unpackUIntIjEENSt9enable_ifIXaaaaaaaasrSt13is_arithmeticIT_E5valuesrSt11is_integralIS5_E5valuentsrSt7is_sameIS5_bE5valuentsrS9_INSt9remove_cvIS5_E4typeEPcE5valuentsrSt9is_signedIS5_E5valueES5_E4typeEv
                0x0000000000002068       0x80 /home/arduino/ArduinoApps/Modulino-AppLab-example-pacakge/modulino-hub-multi-channel/.cache/sketch/sketch/sketch.ino.cpp.o
                0x0000000000002068                std::enable_if<(((std::is_arithmetic<unsigned int>::value&&std::is_integral<unsigned int>::value)&&(!std::is_same<unsigned int, bool>::value))&&(!std::is_same<std::remove_cv<unsigned int>::type, char*>::value))&&(!std::is_signed<unsigned int>::value), unsigned int>::type arduino::msgpack::Unpacker::unpackUInt<unsigned int>()
 .text._ZN7arduino7msgpack8Unpacker11deserializeIjJRNS_6StringEEEEbRT_DpOT0_
                0x00000000000020e8       0x44 /home/arduino/ArduinoApps/Modulino-AppLab-example-pacakge/modulino-hub-multi-channel/.cache/sketch/sketch/sketch.ino.cpp.o
                0x00000000000020e8                bool arduino::msgpack::Unpacker::deserialize<unsigned int, arduino::String&>(unsigned int&, arduino::String&)
 .text._ZN10RpcDecoderILj1024EE16fetch_rpc_methodEv
                0x000000000000212c       0xe8 /home/arduino/ArduinoApps/Modulino-AppLab-example-pacakge/modulino-hub-multi-channel/.cache/sketch/sketch/sketch.ino.cpp.o
                0x000000000000212c                RpcDecoder<1024u>::fetch_rpc_method()
 .text._ZN10RPCRequestILj256EE22unpack_request_headersEv
                0x0000000000002214       0xb8 /home/arduino/ArduinoApps/Modulino-AppLab-example-pacakge/modulino-hub-multi-channel/.cache/sketch/sketch/sketch.ino.cpp.o
                0x0000000000002214                RPCRequest<256u>::unpack_request_headers()
 .text._ZN9RPCServer15process_requestILj256EEEvR10RPCRequestIXT_EE
                0x00000000000022cc      0x114 /home/arduino/ArduinoApps/Modulino-AppLab-example-pacakge/modulino-hub-multi-channel/.cache/sketch/sketch/sketch.ino.cpp.o
                0x00000000000022cc                void RPCServer::process_request<256u>(RPCRequest<256u>&)
 .text._ZN7arduino7msgpack8Unpacker11deserializeINS0_4type9ArraySizeEJRiRjEEEbRT_DpOT0_
                0x00000000000023e0       0xa0 /home/arduino/ArduinoApps/Modulino-AppLab-example-pacakge/modulino-hub-multi-channel/.cache/sketch/sketch/sketch.ino.cpp.o
                0x00000000000023e0                bool arduino::msgpack::Unpacker::deserialize<arduino::msgpack::type::ArraySize, int&, unsigned int&>(arduino::msgpack::type::ArraySize&, int&, unsigned int&)
 .text._ZN10RpcDecoderILj1024EE12get_responseIbEEbjRT_R8RpcError
                0x0000000000002480      0x17c /home/arduino/ArduinoApps/Modulino-AppLab-example-pacakge/modulino-hub-multi-channel/.cache/sketch/sketch/sketch.ino.cpp.o
                0x0000000000002480                bool RpcDecoder<1024u>::get_response<bool>(unsigned int, bool&, RpcError&)
 .text._ZN10RpcDecoderILj1024EE12get_responseIN7arduino7msgpack6object5nil_tEEEbjRT_R8RpcError
                0x00000000000025fc      0x17c /home/arduino/ArduinoApps/Modulino-AppLab-example-pacakge/modulino-hub-multi-channel/.cache/sketch/sketch/sketch.ino.cpp.o
                0x00000000000025fc                bool RpcDecoder<1024u>::get_response<arduino::msgpack::object::nil_t>(unsigned int, arduino::msgpack::object::nil_t&, RpcError&)
 .text._ZNSt11__copy_moveILb0ELb1ESt26random_access_iterator_tagE8__copy_mIhEEPT_PKS3_S6_S4_
                0x0000000000002778       0x1c /home/arduino/ArduinoApps/Modulino-AppLab-example-pacakge/modulino-hub-multi-channel/.cache/sketch/sketch/sketch.ino.cpp.o
                0x0000000000002778                unsigned char* std::__copy_move<false, true, std::random_access_iterator_tag>::__copy_m<unsigned char>(unsigned char const*, unsigned char const*, unsigned char*)
 .text._ZNSt11__copy_moveILb1ELb1ESt26random_access_iterator_tagE8__copy_mIhEEPT_PKS3_S6_S4_
                0x0000000000002794       0x1c /home/arduino/ArduinoApps/Modulino-AppLab-example-pacakge/modulino-hub-multi-channel/.cache/sketch/sketch/sketch.ino.cpp.o
                0x0000000000002794                unsigned char* std::__copy_move<true, true, std::random_access_iterator_tag>::__copy_m<unsigned char>(unsigned char const*, unsigned char const*, unsigned char*)
 .text._ZN7arduino7msgpack6object3extC2EaPKhj
                0x00000000000027b0      0x104 /home/arduino/ArduinoApps/Modulino-AppLab-example-pacakge/modulino-hub-multi-channel/.cache/sketch/sketch/sketch.ino.cpp.o
                0x00000000000027b0                arduino::msgpack::object::ext::ext(signed char, unsigned char const*, unsigned int)
                0x00000000000027b0                arduino::msgpack::object::ext::ext(signed char, unsigned char const*, unsigned int)
 .text._ZN7arduino7msgpack8Unpacker9unpackExtEv
                0x00000000000028b4      0x178 /home/arduino/ArduinoApps/Modulino-AppLab-example-pacakge/modulino-hub-multi-channel/.cache/sketch/sketch/sketch.ino.cpp.o
                0x00000000000028b4                arduino::msgpack::Unpacker::unpackExt()
 .text._ZN8RpcUtils6detail12unpackObjectERN7arduino7msgpack8UnpackerE
                0x0000000000002a2c      0x2b4 /home/arduino/ArduinoApps/Modulino-AppLab-example-pacakge/modulino-hub-multi-channel/.cache/sketch/sketch/sketch.ino.cpp.o
                0x0000000000002a2c                RpcUtils::detail::unpackObject(arduino::msgpack::Unpacker&)
 .text._ZN10RpcDecoderILj1024EE12parse_packetEv
                0x0000000000002ce0      0x134 /home/arduino/ArduinoApps/Modulino-AppLab-example-pacakge/modulino-hub-multi-channel/.cache/sketch/sketch/sketch.ino.cpp.o
                0x0000000000002ce0                RpcDecoder<1024u>::parse_packet()
 .text._ZN10RpcDecoderILj1024EE6decodeEv
                0x0000000000002e14       0x40 /home/arduino/ArduinoApps/Modulino-AppLab-example-pacakge/modulino-hub-multi-channel/.cache/sketch/sketch/sketch.ino.cpp.o
                0x0000000000002e14                RpcDecoder<1024u>::decode()
 .text._ZN9RPCServer7get_rpcILj256EEEbR10RPCRequestIXT_EEN7arduino6StringE
                0x0000000000002e54       0xc4 /home/arduino/ArduinoApps/Modulino-AppLab-example-pacakge/modulino-hub-multi-channel/.cache/sketch/sketch/sketch.ino.cpp.o
                0x0000000000002e54                bool RPCServer::get_rpc<256u>(RPCRequest<256u>&, arduino::String)
 .text._ZN11BridgeClass11update_safeEv
                0x0000000000002f18       0xb0 /home/arduino/ArduinoApps/Modulino-AppLab-example-pacakge/modulino-hub-multi-channel/.cache/sketch/sketch/sketch.ino.cpp.o
                0x0000000000002f18                BridgeClass::update_safe()
 .text._Z10__loopHookv
                0x0000000000002fc8       0x28 /home/arduino/ArduinoApps/Modulino-AppLab-example-pacakge/modulino-hub-multi-channel/.cache/sketch/sketch/sketch.ino.cpp.o
                0x0000000000002fc8                __loopHook()
 .text._ZN11BridgeClass6updateEv
                0x0000000000002ff0       0xb0 /home/arduino/ArduinoApps/Modulino-AppLab-example-pacakge/modulino-hub-multi-channel/.cache/sketch/sketch/sketch.ino.cpp.o
                0x0000000000002ff0                BridgeClass::update()
 .text._Z16updateEntryPointPvS_S_
                0x00000000000030a0       0x28 /home/arduino/ArduinoApps/Modulino-AppLab-example-pacakge/modulino-hub-multi-channel/.cache/sketch/sketch/sketch.ino.cpp.o
                0x00000000000030a0                updateEntryPoint(void*, void*, void*)
 .text._ZN9RPCClient12get_responseIbEEbjRT_R8RpcError
                0x00000000000030c8       0x40 /home/arduino/ArduinoApps/Modulino-AppLab-example-pacakge/modulino-hub-multi-channel/.cache/sketch/sketch/sketch.ino.cpp.o
                0x00000000000030c8                bool RPCClient::get_response<bool>(unsigned int, bool&, RpcError&)
 .text._ZN7RpcCallIJEE6resultIbEEbRT_
                0x0000000000003108      0x11c /home/arduino/ArduinoApps/Modulino-AppLab-example-pacakge/modulino-hub-multi-channel/.cache/sketch/sketch/sketch.ino.cpp.o
                0x0000000000003108                bool RpcCall<>::result<bool>(bool&)
 .text._ZN7RpcCallIJRKN7arduino6StringEEE6resultIbEEbRT_
                0x0000000000003224      0x118 /home/arduino/ArduinoApps/Modulino-AppLab-example-pacakge/modulino-hub-multi-channel/.cache/sketch/sketch/sketch.ino.cpp.o
                0x0000000000003224                bool RpcCall<arduino::String const&>::result<bool>(bool&)
 .text._ZN9RPCClient12get_responseIN7arduino7msgpack6object5nil_tEEEbjRT_R8RpcError
                0x000000000000333c       0x40 /home/arduino/ArduinoApps/Modulino-AppLab-example-pacakge/modulino-hub-multi-channel/.cache/sketch/sketch/sketch.ino.cpp.o
                0x000000000000333c                bool RPCClient::get_response<arduino::msgpack::object::nil_t>(unsigned int, arduino::msgpack::object::nil_t&, RpcError&)
 .text._ZN7RpcCallIJEED2Ev
                0x000000000000337c      0x11c /home/arduino/ArduinoApps/Modulino-AppLab-example-pacakge/modulino-hub-multi-channel/.cache/sketch/sketch/sketch.ino.cpp.o
                0x000000000000337c                RpcCall<>::~RpcCall()
                0x000000000000337c                RpcCall<>::~RpcCall()
 .text._ZN8RpcUtils6detail9unpackMapERN7arduino7msgpack8UnpackerERj
                0x0000000000003498       0x80 /home/arduino/ArduinoApps/Modulino-AppLab-example-pacakge/modulino-hub-multi-channel/.cache/sketch/sketch/sketch.ino.cpp.o
                0x0000000000003498                RpcUtils::detail::unpackMap(arduino::msgpack::Unpacker&, unsigned int&)
 .text._GLOBAL__sub_I_hub
                0x0000000000003518       0x70 /home/arduino/ArduinoApps/Modulino-AppLab-example-pacakge/modulino-hub-multi-channel/.cache/sketch/sketch/sketch.ino.cpp.o
 .text._GLOBAL__sub_D_hub
                0x0000000000003588       0x2c /home/arduino/ArduinoApps/Modulino-AppLab-example-pacakge/modulino-hub-multi-channel/.cache/sketch/sketch/sketch.ino.cpp.o
 .text._ZL7scanAllv
                0x00000000000035b4      0x340 /home/arduino/ArduinoApps/Modulino-AppLab-example-pacakge/modulino-hub-multi-channel/.cache/sketch/sketch/sketch.ino.cpp.o
 .text._Z6rescanv
                0x00000000000038f4       0x10 /home/arduino/ArduinoApps/Modulino-AppLab-example-pacakge/modulino-hub-multi-channel/.cache/sketch/sketch/sketch.ino.cpp.o
                0x00000000000038f4                rescan()
 .text.setup    0x0000000000003904      0x4a4 /home/arduino/ArduinoApps/Modulino-AppLab-example-pacakge/modulino-hub-multi-channel/.cache/sketch/sketch/sketch.ino.cpp.o
                0x0000000000003904                setup
 .text._ZN7arduino5Print17availableForWriteEv
                0x0000000000003da8        0x4 /home/arduino/ArduinoApps/Modulino-AppLab-example-pacakge/modulino-hub-multi-channel/.cache/sketch/libraries/Wire/Wire.cpp.o
                0x0000000000003da8                arduino::Print::availableForWrite()
 .text._ZN7arduino9ZephyrI2C5writeEi
                0x0000000000003dac        0x8 /home/arduino/ArduinoApps/Modulino-AppLab-example-pacakge/modulino-hub-multi-channel/.cache/sketch/libraries/Wire/Wire.cpp.o
                0x0000000000003dac                arduino::ZephyrI2C::write(int)
 .text._ZN7arduino9ZephyrI2C15endTransmissionEv
                0x0000000000003db4        0x8 /home/arduino/ArduinoApps/Modulino-AppLab-example-pacakge/modulino-hub-multi-channel/.cache/sketch/libraries/Wire/Wire.cpp.o
                0x0000000000003db4                arduino::ZephyrI2C::endTransmission()
 .text._ZN7arduino9ZephyrI2C11requestFromEhj
                0x0000000000003dbc       0x10 /home/arduino/ArduinoApps/Modulino-AppLab-example-pacakge/modulino-hub-multi-channel/.cache/sketch/libraries/Wire/Wire.cpp.o
                0x0000000000003dbc                arduino::ZephyrI2C::requestFrom(unsigned char, unsigned int)
 .text._ZN7arduino9ZephyrI2C9availableEv
                0x0000000000003dcc        0xe /home/arduino/ArduinoApps/Modulino-AppLab-example-pacakge/modulino-hub-multi-channel/.cache/sketch/libraries/Wire/Wire.cpp.o
                0x0000000000003dcc                arduino::ZephyrI2C::available()
 .text._ZN7arduino9ZephyrI2C5flushEv
                0x0000000000003dda        0x2 /home/arduino/ArduinoApps/Modulino-AppLab-example-pacakge/modulino-hub-multi-channel/.cache/sketch/libraries/Wire/Wire.cpp.o
                0x0000000000003dda                arduino::ZephyrI2C::flush()
 .text._ZN7arduino9ZephyrI2C9onReceiveEPFviE
                0x0000000000003ddc        0x6 /home/arduino/ArduinoApps/Modulino-AppLab-example-pacakge/modulino-hub-multi-channel/.cache/sketch/libraries/Wire/Wire.cpp.o
                0x0000000000003ddc                arduino::ZephyrI2C::onReceive(void (*)(int))
 .text._ZN7arduino9ZephyrI2C9onRequestEPFvvE
                0x0000000000003de2        0x6 /home/arduino/ArduinoApps/Modulino-AppLab-example-pacakge/modulino-hub-multi-channel/.cache/sketch/libraries/Wire/Wire.cpp.o
                0x0000000000003de2                arduino::ZephyrI2C::onRequest(void (*)())
 .text._ZN7arduino9ZephyrI2C5beginEv
                0x0000000000003de8        0xc /home/arduino/ArduinoApps/Modulino-AppLab-example-pacakge/modulino-hub-multi-channel/.cache/sketch/libraries/Wire/Wire.cpp.o
                0x0000000000003de8                arduino::ZephyrI2C::begin()
 .text._ZN7arduino9ZephyrI2C5writeEh
                0x0000000000003df4       0x1c /home/arduino/ArduinoApps/Modulino-AppLab-example-pacakge/modulino-hub-multi-channel/.cache/sketch/libraries/Wire/Wire.cpp.o
                0x0000000000003df4                arduino::ZephyrI2C::write(unsigned char)
 .text._ZN7arduino9ZephyrI2C5writeEPKhj
                0x0000000000003e10        0xc /home/arduino/ArduinoApps/Modulino-AppLab-example-pacakge/modulino-hub-multi-channel/.cache/sketch/libraries/Wire/Wire.cpp.o
                0x0000000000003e10                arduino::ZephyrI2C::write(unsigned char const*, unsigned int)
 .text._ZN7arduino9ZephyrI2C4readEv
                0x0000000000003e1c       0x28 /home/arduino/ArduinoApps/Modulino-AppLab-example-pacakge/modulino-hub-multi-channel/.cache/sketch/libraries/Wire/Wire.cpp.o
                0x0000000000003e1c                arduino::ZephyrI2C::read()
 .text._ZL28i2c_target_read_processed_cbP17i2c_target_configPh
                0x0000000000003e44       0x18 /home/arduino/ArduinoApps/Modulino-AppLab-example-pacakge/modulino-hub-multi-channel/.cache/sketch/libraries/Wire/Wire.cpp.o
 .text._ZN7arduino9ZephyrI2C4peekEv
                0x0000000000003e5c       0x28 /home/arduino/ArduinoApps/Modulino-AppLab-example-pacakge/modulino-hub-multi-channel/.cache/sketch/libraries/Wire/Wire.cpp.o
                0x0000000000003e5c                arduino::ZephyrI2C::peek()
 .text._ZN7arduino9ZephyrI2C5beginEh
                0x0000000000003e84       0x2c /home/arduino/ArduinoApps/Modulino-AppLab-example-pacakge/modulino-hub-multi-channel/.cache/sketch/libraries/Wire/Wire.cpp.o
                0x0000000000003e84                arduino::ZephyrI2C::begin(unsigned char)
 .text._ZN7arduino9ZephyrI2C8setClockEj
                0x0000000000003eb0       0x3c /home/arduino/ArduinoApps/Modulino-AppLab-example-pacakge/modulino-hub-multi-channel/.cache/sketch/libraries/Wire/Wire.cpp.o
                0x0000000000003eb0                arduino::ZephyrI2C::setClock(unsigned int)
 .text._ZN7arduino9ZephyrI2C11requestFromEhjb
                0x0000000000003eec       0x88 /home/arduino/ArduinoApps/Modulino-AppLab-example-pacakge/modulino-hub-multi-channel/.cache/sketch/libraries/Wire/Wire.cpp.o
                0x0000000000003eec                arduino::ZephyrI2C::requestFrom(unsigned char, unsigned int, bool)
 .text._ZN7arduino9ZephyrI2C3endEv
                0x0000000000003f74       0x34 /home/arduino/ArduinoApps/Modulino-AppLab-example-pacakge/modulino-hub-multi-channel/.cache/sketch/libraries/Wire/Wire.cpp.o
                0x0000000000003f74                arduino::ZephyrI2C::end()
 .text._ZN7arduino9ZephyrI2C15endTransmissionEb
                0x0000000000003fa8       0x74 /home/arduino/ArduinoApps/Modulino-AppLab-example-pacakge/modulino-hub-multi-channel/.cache/sketch/libraries/Wire/Wire.cpp.o
                0x0000000000003fa8                arduino::ZephyrI2C::endTransmission(bool)
 .text._ZL29i2c_target_write_requested_cbP17i2c_target_config
                0x000000000000401c        0xe /home/arduino/ArduinoApps/Modulino-AppLab-example-pacakge/modulino-hub-multi-channel/.cache/sketch/libraries/Wire/Wire.cpp.o
 .text._ZN7arduino9ZephyrI2C17beginTransmissionEh
                0x000000000000402a       0x14 /home/arduino/ArduinoApps/Modulino-AppLab-example-pacakge/modulino-hub-multi-channel/.cache/sketch/libraries/Wire/Wire.cpp.o
                0x000000000000402a                arduino::ZephyrI2C::beginTransmission(unsigned char)
 *fill*         0x000000000000403e        0x2 
 .text._ZN7arduino9ZephyrI2CC2EPK6device
                0x0000000000004040       0x4c /home/arduino/ArduinoApps/Modulino-AppLab-example-pacakge/modulino-hub-multi-channel/.cache/sketch/libraries/Wire/Wire.cpp.o
                0x0000000000004040                arduino::ZephyrI2C::ZephyrI2C(device const*)
                0x0000000000004040                arduino::ZephyrI2C::ZephyrI2C(device const*)
 .text._ZN7arduino9ZephyrI2C21writeReceivedCallbackEP17i2c_target_configh
                0x000000000000408c       0x44 /home/arduino/ArduinoApps/Modulino-AppLab-example-pacakge/modulino-hub-multi-channel/.cache/sketch/libraries/Wire/Wire.cpp.o
                0x000000000000408c                arduino::ZephyrI2C::writeReceivedCallback(i2c_target_config*, unsigned char)
 .text._ZL28i2c_target_write_received_cbP17i2c_target_configh
                0x00000000000040d0       0x10 /home/arduino/ArduinoApps/Modulino-AppLab-example-pacakge/modulino-hub-multi-channel/.cache/sketch/libraries/Wire/Wire.cpp.o
 .text._ZN7arduino9ZephyrI2C21readRequestedCallbackEP17i2c_target_configPh
                0x00000000000040e0       0x30 /home/arduino/ArduinoApps/Modulino-AppLab-example-pacakge/modulino-hub-multi-channel/.cache/sketch/libraries/Wire/Wire.cpp.o
                0x00000000000040e0                arduino::ZephyrI2C::readRequestedCallback(i2c_target_config*, unsigned char*)
 .text._ZL28i2c_target_read_requested_cbP17i2c_target_configPh
                0x0000000000004110       0x10 /home/arduino/ArduinoApps/Modulino-AppLab-example-pacakge/modulino-hub-multi-channel/.cache/sketch/libraries/Wire/Wire.cpp.o
 .text._ZN7arduino9ZephyrI2C12stopCallbackEP17i2c_target_config
                0x0000000000004120       0x1c /home/arduino/ArduinoApps/Modulino-AppLab-example-pacakge/modulino-hub-multi-channel/.cache/sketch/libraries/Wire/Wire.cpp.o
                0x0000000000004120                arduino::ZephyrI2C::stopCallback(i2c_target_config*)
 .text._ZL18i2c_target_stop_cbP17i2c_target_config
                0x000000000000413c        0xc /home/arduino/ArduinoApps/Modulino-AppLab-example-pacakge/modulino-hub-multi-channel/.cache/sketch/libraries/Wire/Wire.cpp.o
 .text._GLOBAL__sub_I__ZN7arduino9ZephyrI2CC2EPK6device
                0x0000000000004148       0x94 /home/arduino/ArduinoApps/Modulino-AppLab-example-pacakge/modulino-hub-multi-channel/.cache/sketch/libraries/Wire/Wire.cpp.o
 .text._GLOBAL__sub_D__ZN7arduino9ZephyrI2CC2EPK6device
                0x00000000000041dc       0x2c /home/arduino/ArduinoApps/Modulino-AppLab-example-pacakge/modulino-hub-multi-channel/.cache/sketch/libraries/Wire/Wire.cpp.o
 .text._ZN7arduino9ZephyrSPI14usingInterruptEi
                0x0000000000004208        0x2 /home/arduino/ArduinoApps/Modulino-AppLab-example-pacakge/modulino-hub-multi-channel/.cache/sketch/libraries/SPI/SPI.cpp.o
                0x0000000000004208                arduino::ZephyrSPI::notUsingInterrupt(int)
                0x0000000000004208                arduino::ZephyrSPI::usingInterrupt(int)
 .text._ZN7arduino9ZephyrSPI15attachInterruptEv
                0x000000000000420a        0x2 /home/arduino/ArduinoApps/Modulino-AppLab-example-pacakge/modulino-hub-multi-channel/.cache/sketch/libraries/SPI/SPI.cpp.o
                0x000000000000420a                arduino::ZephyrSPI::attachInterrupt()
                0x000000000000420a                arduino::ZephyrSPI::detachInterrupt()
 .text._ZN7arduino9ZephyrSPID2Ev
                0x000000000000420c        0x2 /home/arduino/ArduinoApps/Modulino-AppLab-example-pacakge/modulino-hub-multi-channel/.cache/sketch/libraries/SPI/SPI.cpp.o
                0x000000000000420c                arduino::ZephyrSPI::~ZephyrSPI()
                0x000000000000420c                arduino::ZephyrSPI::~ZephyrSPI()
 *fill*         0x000000000000420e        0x2 
 .text._ZN7arduino9ZephyrSPID0Ev
                0x0000000000004210       0x14 /home/arduino/ArduinoApps/Modulino-AppLab-example-pacakge/modulino-hub-multi-channel/.cache/sketch/libraries/SPI/SPI.cpp.o
                0x0000000000004210                arduino::ZephyrSPI::~ZephyrSPI()
 .text._ZN7arduino9ZephyrSPI16beginTransactionENS_11SPISettingsE
                0x0000000000004224       0x80 /home/arduino/ArduinoApps/Modulino-AppLab-example-pacakge/modulino-hub-multi-channel/.cache/sketch/libraries/SPI/SPI.cpp.o
                0x0000000000004224                arduino::ZephyrSPI::beginTransaction(arduino::SPISettings)
 .text._ZN7arduino9ZephyrSPI5beginEv
                0x00000000000042a4        0xc /home/arduino/ArduinoApps/Modulino-AppLab-example-pacakge/modulino-hub-multi-channel/.cache/sketch/libraries/SPI/SPI.cpp.o
                0x00000000000042a4                arduino::ZephyrSPI::begin()
 .text._ZN7arduino9ZephyrSPI14endTransactionEv
                0x00000000000042b0        0xc /home/arduino/ArduinoApps/Modulino-AppLab-example-pacakge/modulino-hub-multi-channel/.cache/sketch/libraries/SPI/SPI.cpp.o
                0x00000000000042b0                arduino::ZephyrSPI::endTransaction()
 .text._ZN7arduino9ZephyrSPI3endEv
                0x00000000000042bc        0xc /home/arduino/ArduinoApps/Modulino-AppLab-example-pacakge/modulino-hub-multi-channel/.cache/sketch/libraries/SPI/SPI.cpp.o
                0x00000000000042bc                arduino::ZephyrSPI::end()
 .text._ZN7arduino9ZephyrSPI8transferEPvjPK10spi_config
                0x00000000000042c8       0x2e /home/arduino/ArduinoApps/Modulino-AppLab-example-pacakge/modulino-hub-multi-channel/.cache/sketch/libraries/SPI/SPI.cpp.o
                0x00000000000042c8                arduino::ZephyrSPI::transfer(void*, unsigned int, spi_config const*)
 *fill*         0x00000000000042f6        0x2 
 .text._ZN7arduino9ZephyrSPI8transferEh
                0x00000000000042f8       0x28 /home/arduino/ArduinoApps/Modulino-AppLab-example-pacakge/modulino-hub-multi-channel/.cache/sketch/libraries/SPI/SPI.cpp.o
                0x00000000000042f8                arduino::ZephyrSPI::transfer(unsigned char)
 .text._ZN7arduino9ZephyrSPI10transfer16Et
                0x0000000000004320       0x28 /home/arduino/ArduinoApps/Modulino-AppLab-example-pacakge/modulino-hub-multi-channel/.cache/sketch/libraries/SPI/SPI.cpp.o
                0x0000000000004320                arduino::ZephyrSPI::transfer16(unsigned short)
 .text._ZN7arduino9ZephyrSPI8transferEPvj
                0x0000000000004348       0x14 /home/arduino/ArduinoApps/Modulino-AppLab-example-pacakge/modulino-hub-multi-channel/.cache/sketch/libraries/SPI/SPI.cpp.o
                0x0000000000004348                arduino::ZephyrSPI::transfer(void*, unsigned int)
 .text._GLOBAL__sub_I__ZN7arduino9ZephyrSPIC2EPK6device
                0x000000000000435c       0x94 /home/arduino/ArduinoApps/Modulino-AppLab-example-pacakge/modulino-hub-multi-channel/.cache/sketch/libraries/SPI/SPI.cpp.o
 .text._GLOBAL__sub_D__ZN7arduino9ZephyrSPIC2EPK6device
                0x00000000000043f0       0x2c /home/arduino/ArduinoApps/Modulino-AppLab-example-pacakge/modulino-hub-multi-channel/.cache/sketch/libraries/SPI/SPI.cpp.o
 .text._ZN7arduino5Print5flushEv
                0x000000000000441c        0x2 /home/arduino/ArduinoApps/Modulino-AppLab-example-pacakge/modulino-hub-multi-channel/.cache/sketch/libraries/Arduino_RouterBridge/singletons.cpp.o
                0x000000000000441c                arduino::Print::flush()
 .text._ZN13BridgeMonitorILj512EE5writeEh
                0x000000000000441e       0x18 /home/arduino/ArduinoApps/Modulino-AppLab-example-pacakge/modulino-hub-multi-channel/.cache/sketch/libraries/Arduino_RouterBridge/singletons.cpp.o
                0x000000000000441e                BridgeMonitor<512u>::write(unsigned char)
 *fill*         0x0000000000004436        0x2 
 .text.k_yield  0x0000000000004438        0x8 /home/arduino/ArduinoApps/Modulino-AppLab-example-pacakge/modulino-hub-multi-channel/.cache/sketch/libraries/Arduino_RouterBridge/singletons.cpp.o
 .text.k_mutex_lock
                0x0000000000004440        0x8 /home/arduino/ArduinoApps/Modulino-AppLab-example-pacakge/modulino-hub-multi-channel/.cache/sketch/libraries/Arduino_RouterBridge/singletons.cpp.o
 .text._ZSt14__relocate_a_1IhhENSt9enable_ifIXsrSt24__is_bitwise_relocatableIT_vE5valueEPS2_E4typeES4_S4_S4_RSaIT0_E.isra.0
                0x0000000000004448       0x20 /home/arduino/ArduinoApps/Modulino-AppLab-example-pacakge/modulino-hub-multi-channel/.cache/sketch/libraries/Arduino_RouterBridge/singletons.cpp.o
 .text._ZNSt12_Vector_baseIhSaIhEE11_M_allocateEj.isra.0