Archive member included to satisfy reference by file (symbol)

/home/arduino/ArduinoApps/Modulino-AppLab-example-pacakge/modulino-change-address/.cache/sketch/core/core.a(Stream.cpp.o)
                              /home/arduino/ArduinoApps/Modulino-AppLab-example-pacakge/modulino-change-address/.cache/sketch/sketch/sketch.ino.cpp.o (arduino::Stream::setTimeout(unsigned long))
/home/arduino/ArduinoApps/Modulino-AppLab-example-pacakge/modulino-change-address/.cache/sketch/core/core.a(String.cpp.o)
                              /home/arduino/ArduinoApps/Modulino-AppLab-example-pacakge/modulino-change-address/.cache/sketch/sketch/sketch.ino.cpp.o (arduino::String::String(arduino::String&&))
/home/arduino/ArduinoApps/Modulino-AppLab-example-pacakge/modulino-change-address/.cache/sketch/core/core.a(itoa.cpp.o)
                              /home/arduino/ArduinoApps/Modulino-AppLab-example-pacakge/modulino-change-address/.cache/sketch/core/core.a(String.cpp.o) (dtostrf)
/home/arduino/ArduinoApps/Modulino-AppLab-example-pacakge/modulino-change-address/.cache/sketch/core/core.a(llext_wrappers.c.o)
                              /home/arduino/ArduinoApps/Modulino-AppLab-example-pacakge/modulino-change-address/.cache/sketch/sketch/sketch.ino.cpp.o (memcpy)
/home/arduino/ArduinoApps/Modulino-AppLab-example-pacakge/modulino-change-address/.cache/sketch/core/core.a(main.cpp.o)
                              (main)
/home/arduino/ArduinoApps/Modulino-AppLab-example-pacakge/modulino-change-address/.cache/sketch/core/core.a(new.cpp.o)
                              /home/arduino/ArduinoApps/Modulino-AppLab-example-pacakge/modulino-change-address/.cache/sketch/sketch/sketch.ino.cpp.o (operator new(unsigned int))
/home/arduino/ArduinoApps/Modulino-AppLab-example-pacakge/modulino-change-address/.cache/sketch/core/core.a(threads.cpp.o)
                              /home/arduino/ArduinoApps/Modulino-AppLab-example-pacakge/modulino-change-address/.cache/sketch/core/core.a(main.cpp.o) (start_static_threads())
/home/arduino/ArduinoApps/Modulino-AppLab-example-pacakge/modulino-change-address/.cache/sketch/core/core.a(zephyrCommon.cpp.o)
                              /home/arduino/ArduinoApps/Modulino-AppLab-example-pacakge/modulino-change-address/.cache/sketch/core/core.a(Stream.cpp.o) (millis)
/home/arduino/ArduinoApps/Modulino-AppLab-example-pacakge/modulino-change-address/.cache/sketch/core/core.a(zephyrPinctrl.cpp.o)
                              /home/arduino/ArduinoApps/Modulino-AppLab-example-pacakge/modulino-change-address/.cache/sketch/libraries/Wire/Wire.cpp.o (zephyr::arduino::init_dev_apply_pinctrl(device const*))
/home/arduino/ArduinoApps/Modulino-AppLab-example-pacakge/modulino-change-address/.cache/sketch/core/core.a(zephyrSerial.cpp.o)
                              /home/arduino/ArduinoApps/Modulino-AppLab-example-pacakge/modulino-change-address/.cache/sketch/libraries/Arduino_RouterBridge/singletons.cpp.o (Serial2)
/home/arduino/.arduino15/packages/zephyr/tools/arm-zephyr-eabi/0.16.8/bin/../lib/gcc/arm-zephyr-eabi/12.2.0/../../../../arm-zephyr-eabi/lib/thumb/v8-m.main+fp/hard/libstdc++_nano.a(functexcept.o)
                              /home/arduino/ArduinoApps/Modulino-AppLab-example-pacakge/modulino-change-address/.cache/sketch/sketch/sketch.ino.cpp.o (std::__throw_bad_alloc())
/home/arduino/.arduino15/packages/zephyr/tools/arm-zephyr-eabi/0.16.8/bin/../lib/gcc/arm-zephyr-eabi/12.2.0/../../../../arm-zephyr-eabi/lib/thumb/v8-m.main+fp/hard/libstdc++_nano.a(functional.o)
                              /home/arduino/ArduinoApps/Modulino-AppLab-example-pacakge/modulino-change-address/.cache/sketch/sketch/sketch.ino.cpp.o (std::__throw_bad_function_call())
/home/arduino/.arduino15/packages/zephyr/tools/arm-zephyr-eabi/0.16.8/bin/../lib/gcc/arm-zephyr-eabi/12.2.0/../../../../arm-zephyr-eabi/lib/thumb/v8-m.main+fp/hard/libstdc++_nano.a(eh_exception.o)
                              /home/arduino/.arduino15/packages/zephyr/tools/arm-zephyr-eabi/0.16.8/bin/../lib/gcc/arm-zephyr-eabi/12.2.0/../../../../arm-zephyr-eabi/lib/thumb/v8-m.main+fp/hard/libstdc++_nano.a(functional.o) (std::exception::~exception())
/home/arduino/.arduino15/packages/zephyr/tools/arm-zephyr-eabi/0.16.8/bin/../lib/gcc/arm-zephyr-eabi/12.2.0/../../../../arm-zephyr-eabi/lib/thumb/v8-m.main+fp/hard/libstdc++_nano.a(si_class_type_info.o)
                              /home/arduino/.arduino15/packages/zephyr/tools/arm-zephyr-eabi/0.16.8/bin/../lib/gcc/arm-zephyr-eabi/12.2.0/../../../../arm-zephyr-eabi/lib/thumb/v8-m.main+fp/hard/libstdc++_nano.a(functional.o) (vtable for __cxxabiv1::__si_class_type_info)
/home/arduino/.arduino15/packages/zephyr/tools/arm-zephyr-eabi/0.16.8/bin/../lib/gcc/arm-zephyr-eabi/12.2.0/../../../../arm-zephyr-eabi/lib/thumb/v8-m.main+fp/hard/libstdc++_nano.a(tinfo.o)
[...]
Memory Configuration

Name             Origin             Length             Attributes
*default*        0x0000000000000000 0xffffffffffffffff

Linker script and memory map

LOAD /home/arduino/.arduino15/packages/zephyr/tools/arm-zephyr-eabi/0.16.8/bin/../lib/gcc/arm-zephyr-eabi/12.2.0/../../../../arm-zephyr-eabi/lib/thumb/v8-m.main+fp/hard/libstdc++_nano.a
LOAD /home/arduino/.arduino15/packages/zephyr/tools/arm-zephyr-eabi/0.16.8/bin/../lib/gcc/arm-zephyr-eabi/12.2.0/../../../../arm-zephyr-eabi/lib/thumb/v8-m.main+fp/hard/libsupc++_nano.a
LOAD /home/arduino/.arduino15/packages/zephyr/tools/arm-zephyr-eabi/0.16.8/bin/../lib/gcc/arm-zephyr-eabi/12.2.0/../../../../arm-zephyr-eabi/lib/thumb/v8-m.main+fp/hard/libnosys.a
LOAD /home/arduino/ArduinoApps/Modulino-AppLab-example-pacakge/modulino-change-address/.cache/sketch/sketch/sketch.ino.cpp.o
LOAD /home/arduino/ArduinoApps/Modulino-AppLab-example-pacakge/modulino-change-address/.cache/sketch/libraries/Wire/Wire.cpp.o
LOAD /home/arduino/ArduinoApps/Modulino-AppLab-example-pacakge/modulino-change-address/.cache/sketch/libraries/Arduino_RouterBridge/singletons.cpp.o
LOAD /home/arduino/ArduinoApps/Modulino-AppLab-example-pacakge/modulino-change-address/.cache/sketch/core/analogReference.cpp.o
LOAD /home/arduino/ArduinoApps/Modulino-AppLab-example-pacakge/modulino-change-address/.cache/sketch/core/tls-syms.S.o
START GROUP
LOAD /home/arduino/ArduinoApps/Modulino-AppLab-example-pacakge/modulino-change-address/.cache/sketch/core/core.a
LOAD /home/arduino/.arduino15/packages/zephyr/tools/arm-zephyr-eabi/0.16.8/bin/../lib/gcc/arm-zephyr-eabi/12.2.0/../../../../arm-zephyr-eabi/lib/thumb/v8-m.main+fp/hard/libstdc++_nano.a
LOAD /home/arduino/.arduino15/packages/zephyr/tools/arm-zephyr-eabi/0.16.8/bin/../lib/gcc/arm-zephyr-eabi/12.2.0/../../../../arm-zephyr-eabi/lib/thumb/v8-m.main+fp/hard/libsupc++_nano.a
LOAD /home/arduino/.arduino15/packages/zephyr/tools/arm-zephyr-eabi/0.16.8/bin/../lib/gcc/arm-zephyr-eabi/12.2.0/../../../../arm-zephyr-eabi/lib/thumb/v8-m.main+fp/hard/libm_nano.a
END GROUP

.rodata         0x0000000000000000      0x2fc
 *(.rodata._ZN6zephyr7arduinoL11pinctrl_mapE)
 .rodata._ZN6zephyr7arduinoL11pinctrl_mapE
                0x0000000000000000       0x88 /home/arduino/ArduinoApps/Modulino-AppLab-example-pacakge/modulino-change-address/.cache/sketch/core/core.a(zephyrPinctrl.cpp.o)
 *(.rodata._ZN6zephyr7arduinoL35__pinctrl_states__device_dts_ord_17E)
 .rodata._ZN6zephyr7arduinoL35__pinctrl_states__device_dts_ord_17E
                0x0000000000000088       0x18 /home/arduino/ArduinoApps/Modulino-AppLab-example-pacakge/modulino-change-address/.cache/sketch/core/core.a(zephyrPinctrl.cpp.o)
 *(.rodata._ZN6zephyr7arduinoL35__pinctrl_states__device_dts_ord_25E)
 .rodata._ZN6zephyr7arduinoL35__pinctrl_states__device_dts_ord_25E
                0x00000000000000a0        0x8 /home/arduino/ArduinoApps/Modulino-AppLab-example-pacakge/modulino-change-address/.cache/sketch/core/core.a(zephyrPinctrl.cpp.o)
 *(.rodata._ZN6zephyr7arduinoL35__pinctrl_states__device_dts_ord_29E)
 .rodata._ZN6zephyr7arduinoL35__pinctrl_states__device_dts_ord_29E
                0x00000000000000a8        0x8 /home/arduino/ArduinoApps/Modulino-AppLab-example-pacakge/modulino-change-address/.cache/sketch/core/core.a(zephyrPinctrl.cpp.o)
 *(.rodata._ZN6zephyr7arduinoL35__pinctrl_states__device_dts_ord_35E)
 .rodata._ZN6zephyr7arduinoL35__pinctrl_states__device_dts_ord_35E
                0x00000000000000b0       0x10 /home/arduino/ArduinoApps/Modulino-AppLab-example-pacakge/modulino-change-address/.cache/sketch/core/core.a(zephyrPinctrl.cpp.o)
 *(.rodata._ZN6zephyr7arduinoL35__pinctrl_states__device_dts_ord_55E)
 .rodata._ZN6zephyr7arduinoL35__pinctrl_states__device_dts_ord_55E
                0x00000000000000c0        0x8 /home/arduino/ArduinoApps/Modulino-AppLab-example-pacakge/modulino-change-address/.cache/sketch/core/core.a(zephyrPinctrl.cpp.o)
 *(.rodata._ZN6zephyr7arduinoL35__pinctrl_states__device_dts_ord_64E)
 .rodata._ZN6zephyr7arduinoL35__pinctrl_states__device_dts_ord_64E
                0x00000000000000c8        0x8 /home/arduino/ArduinoApps/Modulino-AppLab-example-pacakge/modulino-change-address/.cache/sketch/core/core.a(zephyrPinctrl.cpp.o)
 *(.rodata._ZN6zephyr7arduinoL35__pinctrl_states__device_dts_ord_67E)
 .rodata._ZN6zephyr7arduinoL35__pinctrl_states__device_dts_ord_67E
                0x00000000000000d0        0x8 /home/arduino/ArduinoApps/Modulino-AppLab-example-pacakge/modulino-change-address/.cache/sketch/core/core.a(zephyrPinctrl.cpp.o)
 *(.rodata._ZN6zephyr7arduinoL35__pinctrl_states__device_dts_ord_72E)
 .rodata._ZN6zephyr7arduinoL35__pinctrl_states__device_dts_ord_72E
                0x00000000000000d8        0x8 /home/arduino/ArduinoApps/Modulino-AppLab-example-pacakge/modulino-change-address/.cache/sketch/core/core.a(zephyrPinctrl.cpp.o)
 *(.rodata._ZN6zephyr7arduinoL35__pinctrl_states__device_dts_ord_80E)
 .rodata._ZN6zephyr7arduinoL35__pinctrl_states__device_dts_ord_80E
                0x00000000000000e0       0x10 /home/arduino/ArduinoApps/Modulino-AppLab-example-pacakge/modulino-change-address/.cache/sketch/core/core.a(zephyrPinctrl.cpp.o)
 *(.rodata._ZN6zephyr7arduinoL35__pinctrl_states__device_dts_ord_85E)
 .rodata._ZN6zephyr7arduinoL35__pinctrl_states__device_dts_ord_85E
                0x00000000000000f0        0x8 /home/arduino/ArduinoApps/Modulino-AppLab-example-pacakge/modulino-change-address/.cache/sketch/core/core.a(zephyrPinctrl.cpp.o)
 *(.rodata._ZN6zephyr7arduinoL35__pinctrl_states__device_dts_ord_97E)
 .rodata._ZN6zephyr7arduinoL35__pinctrl_states__device_dts_ord_97E
                0x00000000000000f8       0x18 /home/arduino/ArduinoApps/Modulino-AppLab-example-pacakge/modulino-change-address/.cache/sketch/core/core.a(zephyrPinctrl.cpp.o)
 *(.rodata._ZN6zephyr7arduinoL36__pinctrl_states__device_dts_ord_102E)
 .rodata._ZN6zephyr7arduinoL36__pinctrl_states__device_dts_ord_102E
                0x0000000000000110       0x18 /home/arduino/ArduinoApps/Modulino-AppLab-example-pacakge/modulino-change-address/.cache/sketch/core/core.a(zephyrPinctrl.cpp.o)
 *(.rodata._ZN6zephyr7arduinoL36__pinctrl_states__device_dts_ord_106E)
 .rodata._ZN6zephyr7arduinoL36__pinctrl_states__device_dts_ord_106E
                0x0000000000000128       0x18 /home/arduino/ArduinoApps/Modulino-AppLab-example-pacakge/modulino-change-address/.cache/sketch/core/core.a(zephyrPinctrl.cpp.o)
 *(.rodata._ZN6zephyr7arduinoL36__pinctrl_states__device_dts_ord_111E)
 .rodata._ZN6zephyr7arduinoL36__pinctrl_states__device_dts_ord_111E
                0x0000000000000140       0x18 /home/arduino/ArduinoApps/Modulino-AppLab-example-pacakge/modulino-change-address/.cache/sketch/core/core.a(zephyrPinctrl.cpp.o)
 *(.rodata._ZN6zephyr7arduinoL36__pinctrl_states__device_dts_ord_117E)
 .rodata._ZN6zephyr7arduinoL36__pinctrl_states__device_dts_ord_117E
                0x0000000000000158       0x18 /home/arduino/ArduinoApps/Modulino-AppLab-example-pacakge/modulino-change-address/.cache/sketch/core/core.a(zephyrPinctrl.cpp.o)
 *(.rodata._ZN6zephyr7arduinoL36__pinctrl_states__device_dts_ord_120E)
 .rodata._ZN6zephyr7arduinoL36__pinctrl_states__device_dts_ord_120E
                0x0000000000000170       0x18 /home/arduino/ArduinoApps/Modulino-AppLab-example-pacakge/modulino-change-address/.cache/sketch/core/core.a(zephyrPinctrl.cpp.o)
 *(.rodata._ZN6zephyr7arduinoL39__pinctrl_dev_config__device_dts_ord_17E)
 .rodata._ZN6zephyr7arduinoL39__pinctrl_dev_config__device_dts_ord_17E
                0x0000000000000188        0x8 /home/arduino/ArduinoApps/Modulino-AppLab-example-pacakge/modulino-change-address/.cache/sketch/core/core.a(zephyrPinctrl.cpp.o)
 *(.rodata._ZN6zephyr7arduinoL39__pinctrl_dev_config__device_dts_ord_25E)
 .rodata._ZN6zephyr7arduinoL39__pinctrl_dev_config__device_dts_ord_25E
                0x0000000000000190        0x8 /home/arduino/ArduinoApps/Modulino-AppLab-example-pacakge/modulino-change-address/.cache/sketch/core/core.a(zephyrPinctrl.cpp.o)
 *(.rodata._ZN6zephyr7arduinoL39__pinctrl_dev_config__device_dts_ord_29E)
 .rodata._ZN6zephyr7arduinoL39__pinctrl_dev_config__device_dts_ord_29E
                0x0000000000000198        0x8 /home/arduino/ArduinoApps/Modulino-AppLab-example-pacakge/modulino-change-address/.cache/sketch/core/core.a(zephyrPinctrl.cpp.o)
 *(.rodata._ZN6zephyr7arduinoL39__pinctrl_dev_config__device_dts_ord_35E)
 .rodata._ZN6zephyr7arduinoL39__pinctrl_dev_config__device_dts_ord_35E
                0x00000000000001a0        0x8 /home/arduino/ArduinoApps/Modulino-AppLab-example-pacakge/modulino-change-address/.cache/sketch/core/core.a(zephyrPinctrl.cpp.o)
 *(.rodata._ZN6zephyr7arduinoL39__pinctrl_dev_config__device_dts_ord_55E)
 .rodata._ZN6zephyr7arduinoL39__pinctrl_dev_config__device_dts_ord_55E
                0x00000000000001a8        0x8 /home/arduino/ArduinoApps/Modulino-AppLab-example-pacakge/modulino-change-address/.cache/sketch/core/core.a(zephyrPinctrl.cpp.o)
 *(.rodata._ZN6zephyr7arduinoL39__pinctrl_dev_config__device_dts_ord_64E)
 .rodata._ZN6zephyr7arduinoL39__pinctrl_dev_config__device_dts_ord_64E
                0x00000000000001b0        0x8 /home/arduino/ArduinoApps/Modulino-AppLab-example-pacakge/modulino-change-address/.cache/sketch/core/core.a(zephyrPinctrl.cpp.o)
 *(.rodata._ZN6zephyr7arduinoL39__pinctrl_dev_config__device_dts_ord_67E)
 .rodata._ZN6zephyr7arduinoL39__pinctrl_dev_config__device_dts_ord_67E
                0x00000000000001b8        0x8 /home/arduino/ArduinoApps/Modulino-AppLab-example-pacakge/modulino-change-address/.cache/sketch/core/core.a(zephyrPinctrl.cpp.o)
 *(.rodata._ZN6zephyr7arduinoL39__pinctrl_dev_config__device_dts_ord_72E)
 .rodata._ZN6zephyr7arduinoL39__pinctrl_dev_config__device_dts_ord_72E
                0x00000000000001c0        0x8 /home/arduino/ArduinoApps/Modulino-AppLab-example-pacakge/modulino-change-address/.cache/sketch/core/core.a(zephyrPinctrl.cpp.o)
 *(.rodata._ZN6zephyr7arduinoL39__pinctrl_dev_config__device_dts_ord_80E)
 .rodata._ZN6zephyr7arduinoL39__pinctrl_dev_config__device_dts_ord_80E
                0x00000000000001c8        0x8 /home/arduino/ArduinoApps/Modulino-AppLab-example-pacakge/modulino-change-address/.cache/sketch/core/core.a(zephyrPinctrl.cpp.o)
 *(.rodata._ZN6zephyr7arduinoL39__pinctrl_dev_config__device_dts_ord_85E)
 .rodata._ZN6zephyr7arduinoL39__pinctrl_dev_config__device_dts_ord_85E
                0x00000000000001d0        0x8 /home/arduino/ArduinoApps/Modulino-AppLab-example-pacakge/modulino-change-address/.cache/sketch/core/core.a(zephyrPinctrl.cpp.o)
 *(.rodata._ZN6zephyr7arduinoL39__pinctrl_dev_config__device_dts_ord_97E)
 .rodata._ZN6zephyr7arduinoL39__pinctrl_dev_config__device_dts_ord_97E
                0x00000000000001d8        0x8 /home/arduino/ArduinoApps/Modulino-AppLab-example-pacakge/modulino-change-address/.cache/sketch/core/core.a(zephyrPinctrl.cpp.o)
 *(.rodata._ZN6zephyr7arduinoL40__pinctrl_dev_config__device_dts_ord_102E)
 .rodata._ZN6zephyr7arduinoL40__pinctrl_dev_config__device_dts_ord_102E
                0x00000000000001e0        0x8 /home/arduino/ArduinoApps/Modulino-AppLab-example-pacakge/modulino-change-address/.cache/sketch/core/core.a(zephyrPinctrl.cpp.o)
 *(.rodata._ZN6zephyr7arduinoL40__pinctrl_dev_config__device_dts_ord_106E)
 .rodata._ZN6zephyr7arduinoL40__pinctrl_dev_config__device_dts_ord_106E
                0x00000000000001e8        0x8 /home/arduino/ArduinoApps/Modulino-AppLab-example-pacakge/modulino-change-address/.cache/sketch/core/core.a(zephyrPinctrl.cpp.o)
 *(.rodata._ZN6zephyr7arduinoL40__pinctrl_dev_config__device_dts_ord_111E)
 .rodata._ZN6zephyr7arduinoL40__pinctrl_dev_config__device_dts_ord_111E
                0x00000000000001f0        0x8 /home/arduino/ArduinoApps/Modulino-AppLab-example-pacakge/modulino-change-address/.cache/sketch/core/core.a(zephyrPinctrl.cpp.o)
 *(.rodata._ZN6zephyr7arduinoL40__pinctrl_dev_config__device_dts_ord_117E)
 .rodata._ZN6zephyr7arduinoL40__pinctrl_dev_config__device_dts_ord_117E
                0x00000000000001f8        0x8 /home/arduino/ArduinoApps/Modulino-AppLab-example-pacakge/modulino-change-address/.cache/sketch/core/core.a(zephyrPinctrl.cpp.o)
 *(.rodata._ZN6zephyr7arduinoL40__pinctrl_dev_config__device_dts_ord_120E)
 .rodata._ZN6zephyr7arduinoL40__pinctrl_dev_config__device_dts_ord_120E
                0x0000000000000200        0x8 /home/arduino/ArduinoApps/Modulino-AppLab-example-pacakge/modulino-change-address/.cache/sketch/core/core.a(zephyrPinctrl.cpp.o)
 *(.rodata._ZTV13BridgeMonitorILj512EE)
 .rodata._ZTV13BridgeMonitorILj512EE
                0x0000000000000208       0x24 /home/arduino/ArduinoApps/Modulino-AppLab-example-pacakge/modulino-change-address/.cache/sketch/libraries/Arduino_RouterBridge/singletons.cpp.o
                0x0000000000000208                vtable for BridgeMonitor<512u>
 *(.rodata._ZTV15SerialTransport)
 .rodata._ZTV15SerialTransport
                0x000000000000022c       0x20 /home/arduino/ArduinoApps/Modulino-AppLab-example-pacakge/modulino-change-address/.cache/sketch/sketch/sketch.ino.cpp.o
                0x000000000000022c                vtable for SerialTransport
 *(.rodata._ZTV18RpcFunctionWrapperISt8functionIFbiiEEE)
 .rodata._ZTV18RpcFunctionWrapperISt8functionIFbiiEEE
                0x000000000000024c       0x14 /home/arduino/ArduinoApps/Modulino-AppLab-example-pacakge/modulino-change-address/.cache/sketch/sketch/sketch.ino.cpp.o
                0x000000000000024c                vtable for RpcFunctionWrapper<std::function<bool (int, int)> >
 *(.rodata._ZTV18RpcFunctionWrapperISt8functionIFbvEEE)
 .rodata._ZTV18RpcFunctionWrapperISt8functionIFbvEEE
                0x0000000000000260       0x14 /home/arduino/ArduinoApps/Modulino-AppLab-example-pacakge/modulino-change-address/.cache/sketch/sketch/sketch.ino.cpp.o
                0x0000000000000260                vtable for RpcFunctionWrapper<std::function<bool ()> >
 *(.rodata._ZTVN7arduino12ZephyrSerialE)
 .rodata._ZTVN7arduino12ZephyrSerialE
                0x0000000000000274       0x34 /home/arduino/ArduinoApps/Modulino-AppLab-example-pacakge/modulino-change-address/.cache/sketch/core/core.a(zephyrSerial.cpp.o)
                0x0000000000000274                vtable for arduino::ZephyrSerial
 *(.rodata._ZTVN7arduino9ZephyrI2CE)
 .rodata._ZTVN7arduino9ZephyrI2CE
                0x00000000000002a8       0x54 /home/arduino/ArduinoApps/Modulino-AppLab-example-pacakge/modulino-change-address/.cache/sketch/libraries/Wire/Wire.cpp.o
                0x00000000000002a8                vtable for arduino::ZephyrI2C

.llext.rodata.noreloc
                0x00000000000002fc      0x648
 *(.rodata._Z14change_addressii.str1.1)
 .rodata._Z14change_addressii.str1.1
                0x00000000000002fc       0xbd /home/arduino/ArduinoApps/Modulino-AppLab-example-pacakge/modulino-change-address/.cache/sketch/sketch/sketch.ino.cpp.o
 *(.rodata._ZL15discoverDevicesv.str1.1)
 .rodata._ZL15discoverDevicesv.str1.1
                0x00000000000003b9       0x99 /home/arduino/ArduinoApps/Modulino-AppLab-example-pacakge/modulino-change-address/.cache/sketch/sketch/sketch.ino.cpp.o
 *(.rodata._ZN10RpcDecoderILj1024EE12get_responseIN7arduino7msgpack6object5nil_tEEEbjRT_R8RpcError.str1.1)
 .rodata._ZN10RpcDecoderILj1024EE12get_responseIN7arduino7msgpack6object5nil_tEEEbjRT_R8RpcError.str1.1
                0x0000000000000452       0x7b /home/arduino/ArduinoApps/Modulino-AppLab-example-pacakge/modulino-change-address/.cache/sketch/libraries/Arduino_RouterBridge/singletons.cpp.o
 *(.rodata._ZN10RpcDecoderILj1024EE12get_responseIbEEbjRT_R8RpcError.str1.1)
 .rodata._ZN10RpcDecoderILj1024EE12get_responseIbEEbjRT_R8RpcError.str1.1
                0x00000000000004cd       0x7b /home/arduino/ArduinoApps/Modulino-AppLab-example-pacakge/modulino-change-address/.cache/sketch/sketch/sketch.ino.cpp.o
 *(.rodata._ZN11BridgeClass11update_safeEv.str1.1)
 .rodata._ZN11BridgeClass11update_safeEv.str1.1
                0x0000000000000548        0x9 /home/arduino/ArduinoApps/Modulino-AppLab-example-pacakge/modulino-change-address/.cache/sketch/sketch/sketch.ino.cpp.o
 *(.rodata._ZN13BridgeMonitorILj512EE5_readEj.str1.1)
 .rodata._ZN13BridgeMonitorILj512EE5_readEj.str1.1
                0x0000000000000551        0x9 /home/arduino/ArduinoApps/Modulino-AppLab-example-pacakge/modulino-change-address/.cache/sketch/libraries/Arduino_RouterBridge/singletons.cpp.o
 *(.rodata._ZN13BridgeMonitorILj512EE5writeEPKhj.str1.1)
 .rodata._ZN13BridgeMonitorILj512EE5writeEPKhj.str1.1
                0x000000000000055a        0xa /home/arduino/ArduinoApps/Modulino-AppLab-example-pacakge/modulino-change-address/.cache/sketch/libraries/Arduino_RouterBridge/singletons.cpp.o
 *(.rodata._ZN13BridgeMonitorILj512EEcvbEv.str1.1)
 .rodata._ZN13BridgeMonitorILj512EEcvbEv.str1.1
                0x0000000000000564       0x4d /home/arduino/ArduinoApps/Modulino-AppLab-example-pacakge/modulino-change-address/.cache/sketch/libraries/Arduino_RouterBridge/singletons.cpp.o
 *(.rodata._ZN18RpcFunctionWrapperISt8functionIFbiiEEEclERN7arduino7msgpack8UnpackerERNS5_6PackerE.str1.1)
 .rodata._ZN18RpcFunctionWrapperISt8functionIFbiiEEEclERN7arduino7msgpack8UnpackerERNS5_6PackerE.str1.1
                0x00000000000005b1       0x72 /home/arduino/ArduinoApps/Modulino-AppLab-example-pacakge/modulino-change-address/.cache/sketch/sketch/sketch.ino.cpp.o
 *(.rodata._ZN18RpcFunctionWrapperISt8functionIFbvEEEclERN7arduino7msgpack8UnpackerERNS5_6PackerE.str1.1)
 .rodata._ZN18RpcFunctionWrapperISt8functionIFbvEEEclERN7arduino7msgpack8UnpackerERNS5_6PackerE.str1.1
                0x0000000000000623       0x34 /home/arduino/ArduinoApps/Modulino-AppLab-example-pacakge/modulino-change-address/.cache/sketch/sketch/sketch.ino.cpp.o
 *(.rodata._ZN6zephyr7arduinoL41__pinctrl_state_pins_0__device_dts_ord_17E)
 *fill*         0x0000000000000657        0x1 
 .rodata._ZN6zephyr7arduinoL41__pinctrl_state_pins_0__device_dts_ord_17E
                0x0000000000000658        0x0 /home/arduino/ArduinoApps/Modulino-AppLab-example-pacakge/modulino-change-address/.cache/sketch/core/core.a(zephyrPinctrl.cpp.o)
 *(.rodata._ZN6zephyr7arduinoL41__pinctrl_state_pins_0__device_dts_ord_25E)
 .rodata._ZN6zephyr7arduinoL41__pinctrl_state_pins_0__device_dts_ord_25E
                0x0000000000000658       0x10 /home/arduino/ArduinoApps/Modulino-AppLab-example-pacakge/modulino-change-address/.cache/sketch/core/core.a(zephyrPinctrl.cpp.o)
 *(.rodata._ZN6zephyr7arduinoL41__pinctrl_state_pins_0__device_dts_ord_29E)
 .rodata._ZN6zephyr7arduinoL41__pinctrl_state_pins_0__device_dts_ord_29E
                0x0000000000000668       0x10 /home/arduino/ArduinoApps/Modulino-AppLab-example-pacakge/modulino-change-address/.cache/sketch/core/core.a(zephyrPinctrl.cpp.o)
 *(.rodata._ZN6zephyr7arduinoL41__pinctrl_state_pins_0__device_dts_ord_35E)
 .rodata._ZN6zephyr7arduinoL41__pinctrl_state_pins_0__device_dts_ord_35E
                0x0000000000000678       0x10 /home/arduino/ArduinoApps/Modulino-AppLab-example-pacakge/modulino-change-address/.cache/sketch/core/core.a(zephyrPinctrl.cpp.o)
 *(.rodata._ZN6zephyr7arduinoL41__pinctrl_state_pins_0__device_dts_ord_55E)
 .rodata._ZN6zephyr7arduinoL41__pinctrl_state_pins_0__device_dts_ord_55E
                0x0000000000000688       0x10 /home/arduino/ArduinoApps/Modulino-AppLab-example-pacakge/modulino-change-address/.cache/sketch/core/core.a(zephyrPinctrl.cpp.o)
 *(.rodata._ZN6zephyr7arduinoL41__pinctrl_state_pins_0__device_dts_ord_64E)
 .rodata._ZN6zephyr7arduinoL41__pinctrl_state_pins_0__device_dts_ord_64E
                0x0000000000000698       0x10 /home/arduino/ArduinoApps/Modulino-AppLab-example-pacakge/modulino-change-address/.cache/sketch/core/core.a(zephyrPinctrl.cpp.o)
 *(.rodata._ZN6zephyr7arduinoL41__pinctrl_state_pins_0__device_dts_ord_67E)
 .rodata._ZN6zephyr7arduinoL41__pinctrl_state_pins_0__device_dts_ord_67E
                0x00000000000006a8       0x10 /home/arduino/ArduinoApps/Modulino-AppLab-example-pacakge/modulino-change-address/.cache/sketch/core/core.a(zephyrPinctrl.cpp.o)
 *(.rodata._ZN6zephyr7arduinoL41__pinctrl_state_pins_0__device_dts_ord_72E)
 .rodata._ZN6zephyr7arduinoL41__pinctrl_state_pins_0__device_dts_ord_72E
                0x00000000000006b8       0x20 /home/arduino/ArduinoApps/Modulino-AppLab-example-pacakge/modulino-change-address/.cache/sketch/core/core.a(zephyrPinctrl.cpp.o)
 *(.rodata._ZN6zephyr7arduinoL41__pinctrl_state_pins_0__device_dts_ord_80E)
 .rodata._ZN6zephyr7arduinoL41__pinctrl_state_pins_0__device_dts_ord_80E
                0x00000000000006d8       0x20 /home/arduino/ArduinoApps/Modulino-AppLab-example-pacakge/modulino-change-address/.cache/sketch/core/core.a(zephyrPinctrl.cpp.o)
 *(.rodata._ZN6zephyr7arduinoL41__pinctrl_state_pins_0__device_dts_ord_85E)
 .rodata._ZN6zephyr7arduinoL41__pinctrl_state_pins_0__device_dts_ord_85E
                0x00000000000006f8       0x20 /home/arduino/ArduinoApps/Modulino-AppLab-example-pacakge/modulino-change-address/.cache/sketch/core/core.a(zephyrPinctrl.cpp.o)
 *(.rodata._ZN6zephyr7arduinoL41__pinctrl_state_pins_0__device_dts_ord_97E)
 .rodata._ZN6zephyr7arduinoL41__pinctrl_state_pins_0__device_dts_ord_97E
                0x0000000000000718        0x0 /home/arduino/ArduinoApps/Modulino-AppLab-example-pacakge/modulino-change-address/.cache/sketch/core/core.a(zephyrPinctrl.cpp.o)
 *(.rodata._ZN6zephyr7arduinoL41__pinctrl_state_pins_1__device_dts_ord_17E)
 .rodata._ZN6zephyr7arduinoL41__pinctrl_state_pins_1__device_dts_ord_17E
                0x0000000000000718        0x0 /home/arduino/ArduinoApps/Modulino-AppLab-example-pacakge/modulino-change-address/.cache/sketch/core/core.a(zephyrPinctrl.cpp.o)
 *(.rodata._ZN6zephyr7arduinoL41__pinctrl_state_pins_1__device_dts_ord_35E)
 .rodata._ZN6zephyr7arduinoL41__pinctrl_state_pins_1__device_dts_ord_35E
                0x0000000000000718       0x10 /home/arduino/ArduinoApps/Modulino-AppLab-example-pacakge/modulino-change-address/.cache/sketch/core/core.a(zephyrPinctrl.cpp.o)
 *(.rodata._ZN6zephyr7arduinoL41__pinctrl_state_pins_1__device_dts_ord_80E)
 .rodata._ZN6zephyr7arduinoL41__pinctrl_state_pins_1__device_dts_ord_80E
                0x0000000000000728       0x18 /home/arduino/ArduinoApps/Modulino-AppLab-example-pacakge/modulino-change-address/.cache/sketch/core/core.a(zephyrPinctrl.cpp.o)
 *(.rodata._ZN6zephyr7arduinoL41__pinctrl_state_pins_1__device_dts_ord_97E)
 .rodata._ZN6zephyr7arduinoL41__pinctrl_state_pins_1__device_dts_ord_97E
                0x0000000000000740        0x0 /home/arduino/ArduinoApps/Modulino-AppLab-example-pacakge/modulino-change-address/.cache/sketch/core/core.a(zephyrPinctrl.cpp.o)
 *(.rodata._ZN6zephyr7arduinoL41__pinctrl_state_pins_2__device_dts_ord_17E)
 .rodata._ZN6zephyr7arduinoL41__pinctrl_state_pins_2__device_dts_ord_17E
                0x0000000000000740       0x30 /home/arduino/ArduinoApps/Modulino-AppLab-example-pacakge/modulino-change-address/.cache/sketch/core/core.a(zephyrPinctrl.cpp.o)
 *(.rodata._ZN6zephyr7arduinoL41__pinctrl_state_pins_2__device_dts_ord_97E)
 .rodata._ZN6zephyr7arduinoL41__pinctrl_state_pins_2__device_dts_ord_97E
                0x0000000000000770       0x18 /home/arduino/ArduinoApps/Modulino-AppLab-example-pacakge/modulino-change-address/.cache/sketch/core/core.a(zephyrPinctrl.cpp.o)
 *(.rodata._ZN6zephyr7arduinoL42__pinctrl_state_pins_0__device_dts_ord_102E)
 .rodata._ZN6zephyr7arduinoL42__pinctrl_state_pins_0__device_dts_ord_102E
                0x0000000000000788        0x0 /home/arduino/ArduinoApps/Modulino-AppLab-example-pacakge/modulino-change-address/.cache/sketch/core/core.a(zephyrPinctrl.cpp.o)
 *(.rodata._ZN6zephyr7arduinoL42__pinctrl_state_pins_0__device_dts_ord_106E)
 .rodata._ZN6zephyr7arduinoL42__pinctrl_state_pins_0__device_dts_ord_106E
                0x0000000000000788        0x0 /home/arduino/ArduinoApps/Modulino-AppLab-example-pacakge/modulino-change-address/.cache/sketch/core/core.a(zephyrPinctrl.cpp.o)
 *(.rodata._ZN6zephyr7arduinoL42__pinctrl_state_pins_0__device_dts_ord_111E)
 .rodata._ZN6zephyr7arduinoL42__pinctrl_state_pins_0__device_dts_ord_111E
                0x0000000000000788        0x0 /home/arduino/ArduinoApps/Modulino-AppLab-example-pacakge/modulino-change-address/.cache/sketch/core/core.a(zephyrPinctrl.cpp.o)
 *(.rodata._ZN6zephyr7arduinoL42__pinctrl_state_pins_0__device_dts_ord_117E)
 .rodata._ZN6zephyr7arduinoL42__pinctrl_state_pins_0__device_dts_ord_117E
                0x0000000000000788        0x0 /home/arduino/ArduinoApps/Modulino-AppLab-example-pacakge/modulino-change-address/.cache/sketch/core/core.a(zephyrPinctrl.cpp.o)
 *(.rodata._ZN6zephyr7arduinoL42__pinctrl_state_pins_0__device_dts_ord_120E)
 .rodata._ZN6zephyr7arduinoL42__pinctrl_state_pins_0__device_dts_ord_120E
                0x0000000000000788        0x0 /home/arduino/ArduinoApps/Modulino-AppLab-example-pacakge/modulino-change-address/.cache/sketch/core/core.a(zephyrPinctrl.cpp.o)
 *(.rodata._ZN6zephyr7arduinoL42__pinctrl_state_pins_1__device_dts_ord_102E)
 .rodata._ZN6zephyr7arduinoL42__pinctrl_state_pins_1__device_dts_ord_102E
                0x0000000000000788        0x0 /home/arduino/ArduinoApps/Modulino-AppLab-example-pacakge/modulino-change-address/.cache/sketch/core/core.a(zephyrPinctrl.cpp.o)
 *(.rodata._ZN6zephyr7arduinoL42__pinctrl_state_pins_1__device_dts_ord_106E)
 .rodata._ZN6zephyr7arduinoL42__pinctrl_state_pins_1__device_dts_ord_106E
                0x0000000000000788        0x0 /home/arduino/ArduinoApps/Modulino-AppLab-example-pacakge/modulino-change-address/.cache/sketch/core/core.a(zephyrPinctrl.cpp.o)
 *(.rodata._ZN6zephyr7arduinoL42__pinctrl_state_pins_1__device_dts_ord_111E)
 .rodata._ZN6zephyr7arduinoL42__pinctrl_state_pins_1__device_dts_ord_111E
                0x0000000000000788        0x0 /home/arduino/ArduinoApps/Modulino-AppLab-example-pacakge/modulino-change-address/.cache/sketch/core/core.a(zephyrPinctrl.cpp.o)
 *(.rodata._ZN6zephyr7arduinoL42__pinctrl_state_pins_1__device_dts_ord_117E)
 .rodata._ZN6zephyr7arduinoL42__pinctrl_state_pins_1__device_dts_ord_117E
                0x0000000000000788        0x0 /home/arduino/ArduinoApps/Modulino-AppLab-example-pacakge/modulino-change-address/.cache/sketch/core/core.a(zephyrPinctrl.cpp.o)
 *(.rodata._ZN6zephyr7arduinoL42__pinctrl_state_pins_1__device_dts_ord_120E)
 .rodata._ZN6zephyr7arduinoL42__pinctrl_state_pins_1__device_dts_ord_120E
                0x0000000000000788        0x0 /home/arduino/ArduinoApps/Modulino-AppLab-example-pacakge/modulino-change-address/.cache/sketch/core/core.a(zephyrPinctrl.cpp.o)
 *(.rodata._ZN6zephyr7arduinoL42__pinctrl_state_pins_2__device_dts_ord_102E)
 .rodata._ZN6zephyr7arduinoL42__pinctrl_state_pins_2__device_dts_ord_102E
                0x0000000000000788       0x18 /home/arduino/ArduinoApps/Modulino-AppLab-example-pacakge/modulino-change-address/.cache/sketch/core/core.a(zephyrPinctrl.cpp.o)
 *(.rodata._ZN6zephyr7arduinoL42__pinctrl_state_pins_2__device_dts_ord_106E)
 .rodata._ZN6zephyr7arduinoL42__pinctrl_state_pins_2__device_dts_ord_106E
                0x00000000000007a0       0x10 /home/arduino/ArduinoApps/Modulino-AppLab-example-pacakge/modulino-change-address/.cache/sketch/core/core.a(zephyrPinctrl.cpp.o)
 *(.rodata._ZN6zephyr7arduinoL42__pinctrl_state_pins_2__device_dts_ord_111E)
 .rodata._ZN6zephyr7arduinoL42__pinctrl_state_pins_2__device_dts_ord_111E
                0x00000000000007b0       0x18 /home/arduino/ArduinoApps/Modulino-AppLab-example-pacakge/modulino-change-address/.cache/sketch/core/core.a(zephyrPinctrl.cpp.o)
 *(.rodata._ZN6zephyr7arduinoL42__pinctrl_state_pins_2__device_dts_ord_117E)
 .rodata._ZN6zephyr7arduinoL42__pinctrl_state_pins_2__device_dts_ord_117E
                0x00000000000007c8       0x20 /home/arduino/ArduinoApps/Modulino-AppLab-example-pacakge/modulino-change-address/.cache/sketch/core/core.a(zephyrPinctrl.cpp.o)
 *(.rodata._ZN6zephyr7arduinoL42__pinctrl_state_pins_2__device_dts_ord_120E)
 .rodata._ZN6zephyr7arduinoL42__pinctrl_state_pins_2__device_dts_ord_120E
                0x00000000000007e8        0x8 /home/arduino/ArduinoApps/Modulino-AppLab-example-pacakge/modulino-change-address/.cache/sketch/core/core.a(zephyrPinctrl.cpp.o)
 *(.rodata._ZN7RpcCallIJEE6resultIbEEbRT_.str1.1)
 .rodata._ZN7RpcCallIJEE6resultIbEEbRT_.str1.1
                0x00000000000007f0       0x21 /home/arduino/ArduinoApps/Modulino-AppLab-example-pacakge/modulino-change-address/.cache/sketch/sketch/sketch.ino.cpp.o
 *(.rodata._ZN7RpcCallIJRKN7arduino6StringEEEC2ES3_P9RPCClientP7k_mutexS8_S3_.str1.1)
 .rodata._ZN7RpcCallIJRKN7arduino6StringEEEC2ES3_P9RPCClientP7k_mutexS8_S3_.str1.1
                0x0000000000000811       0x1e /home/arduino/ArduinoApps/Modulino-AppLab-example-pacakge/modulino-change-address/.cache/sketch/sketch/sketch.ino.cpp.o
 *(.rodata._ZN7arduino7msgpack6object3extC2EaPKhj.str1.1)
 .rodata._ZN7arduino7msgpack6object3extC2EaPKhj.str1.1
                0x000000000000082f       0x28 /home/arduino/ArduinoApps/Modulino-AppLab-example-pacakge/modulino-change-address/.cache/sketch/sketch/sketch.ino.cpp.o
 *(.rodata._ZN8RpcErrorC2Ev.str1.1)
 .rodata._ZN8RpcErrorC2Ev.str1.1
                0x0000000000000857        0x1 /home/arduino/ArduinoApps/Modulino-AppLab-example-pacakge/modulino-change-address/.cache/sketch/sketch/sketch.ino.cpp.o
 .rodata._ZN8RpcErrorC2Ev.str1.1
                0x0000000000000858        0x1 /home/arduino/ArduinoApps/Modulino-AppLab-example-pacakge/modulino-change-address/.cache/sketch/libraries/Arduino_RouterBridge/singletons.cpp.o
 *(.rodata._ZNSt6vectorIjSaIjEE17_M_realloc_insertIJRjEEEvN9__gnu_cxx17__normal_iteratorIPjS1_EEDpOT_.str1.1)
 .rodata._ZNSt6vectorIjSaIjEE17_M_realloc_insertIJRjEEEvN9__gnu_cxx17__normal_iteratorIPjS1_EEDpOT_.str1.1
                0x0000000000000859       0x1a /home/arduino/ArduinoApps/Modulino-AppLab-example-pacakge/modulino-change-address/.cache/sketch/sketch/sketch.ino.cpp.o
 .rodata._ZNSt6vectorIjSaIjEE17_M_realloc_insertIJRjEEEvN9__gnu_cxx17__normal_iteratorIPjS1_EEDpOT_.str1.1
                0x0000000000000873       0x1a /home/arduino/ArduinoApps/Modulino-AppLab-example-pacakge/modulino-change-address/.cache/sketch/libraries/Arduino_RouterBridge/singletons.cpp.o
 *(.rodata.setup.str1.1)
 .rodata.setup.str1.1
                0x000000000000088d       0x66 /home/arduino/ArduinoApps/Modulino-AppLab-example-pacakge/modulino-change-address/.cache/sketch/sketch/sketch.ino.cpp.o
 *(.rodata.str1.1)
 .rodata.str1.1
                0x00000000000008f3       0x51 /home/arduino/ArduinoApps/Modulino-AppLab-example-pacakge/modulino-change-address/.cache/sketch/core/core.a(main.cpp.o)

.rel.rodata
 *(.rel.rodata)
 *(.rel.rodata.*)

.rela.rodata
 *(.rela.rodata)
 *(.rela.rodata.*)

/DISCARD/
 *(.ARM.attributes)
 *(.ARM.attributes.*)
 *(.ARM.exidx)
 *(.ARM.exidx.*)
 *(.ARM.extidx)
 *(.ARM.extidx.*)
 *(.ARM.extab)
 *(.ARM.extab.*)
 *(.comment)
 *(.comment.*)
 *(.llvmbc)
 *(.llvmcmd)
 *(.eh_frame)
 *stdexcept.o()
 *eh_*.o()
 *cow-stdexcept.o()
 *cow-string-inst.o()

.text           0x0000000000000000     0x6906
 *(.text)
 *(.stub)
 *(.text*)
 .text._ZN15SerialTransport9availableEv
                0x0000000000000000       0x12 /home/arduino/ArduinoApps/Modulino-AppLab-example-pacakge/modulino-change-address/.cache/sketch/sketch/sketch.ino.cpp.o
                0x0000000000000000                SerialTransport::available()
 .text._ZN15SerialTransport5writeEPKhj
                0x0000000000000012       0x10 /home/arduino/ArduinoApps/Modulino-AppLab-example-pacakge/modulino-change-address/.cache/sketch/sketch/sketch.ino.cpp.o
                0x0000000000000012                SerialTransport::write(unsigned char const*, unsigned int)
 .text._ZN15SerialTransportD2Ev
                0x0000000000000022        0x2 /home/arduino/ArduinoApps/Modulino-AppLab-example-pacakge/modulino-change-address/.cache/sketch/sketch/sketch.ino.cpp.o
                0x0000000000000022                SerialTransport::~SerialTransport()
                0x0000000000000022                SerialTransport::~SerialTransport()
 .text.k_yield  0x0000000000000024        0x8 /home/arduino/ArduinoApps/Modulino-AppLab-example-pacakge/modulino-change-address/.cache/sketch/sketch/sketch.ino.cpp.o
 .text.k_mutex_lock
                0x000000000000002c        0x8 /home/arduino/ArduinoApps/Modulino-AppLab-example-pacakge/modulino-change-address/.cache/sketch/sketch/sketch.ino.cpp.o
 .text.__tcf_0  0x0000000000000034       0x10 /home/arduino/ArduinoApps/Modulino-AppLab-example-pacakge/modulino-change-address/.cache/sketch/sketch/sketch.ino.cpp.o
 .text._ZN15SerialTransport4readEPhj
                0x0000000000000044       0x28 /home/arduino/ArduinoApps/Modulino-AppLab-example-pacakge/modulino-change-address/.cache/sketch/sketch/sketch.ino.cpp.o
                0x0000000000000044                SerialTransport::read(unsigned char*, unsigned int)
 .text._ZN15SerialTransport9read_byteERh
                0x000000000000006c       0x20 /home/arduino/ArduinoApps/Modulino-AppLab-example-pacakge/modulino-change-address/.cache/sketch/sketch/sketch.ino.cpp.o
                0x000000000000006c                SerialTransport::read_byte(unsigned char&)
 .text._ZN15SerialTransportD0Ev
                0x000000000000008c       0x14 /home/arduino/ArduinoApps/Modulino-AppLab-example-pacakge/modulino-change-address/.cache/sketch/sketch/sketch.ino.cpp.o
                0x000000000000008c                SerialTransport::~SerialTransport()
 .text._ZNSt17_Function_handlerIFbvEPS0_E10_M_managerERSt9_Any_dataRKS3_St18_Manager_operation
                0x00000000000000a0       0x30 /home/arduino/ArduinoApps/Modulino-AppLab-example-pacakge/modulino-change-address/.cache/sketch/sketch/sketch.ino.cpp.o
                0x00000000000000a0                std::_Function_handler<bool (), bool (*)()>::_M_manager(std::_Any_data&, std::_Any_data const&, std::_Manager_operation)
 .text._ZNSt17_Function_handlerIFbvEPS0_E9_M_invokeERKSt9_Any_data
                0x00000000000000d0        0x4 /home/arduino/ArduinoApps/Modulino-AppLab-example-pacakge/modulino-change-address/.cache/sketch/sketch/sketch.ino.cpp.o
                0x00000000000000d0                std::_Function_handler<bool (), bool (*)()>::_M_invoke(std::_Any_data const&)
 .text._ZNSt17_Function_handlerIFbiiEPS0_E10_M_managerERSt9_Any_dataRKS3_St18_Manager_operation
                0x00000000000000d4       0x30 /home/arduino/ArduinoApps/Modulino-AppLab-example-pacakge/modulino-change-address/.cache/sketch/sketch/sketch.ino.cpp.o
                0x00000000000000d4                std::_Function_handler<bool (int, int), bool (*)(int, int)>::_M_manager(std::_Any_data&, std::_Any_data const&, std::_Manager_operation)
 .text._ZNSt17_Function_handlerIFbiiEPS0_E9_M_invokeERKSt9_Any_dataOiS6_
                0x0000000000000104       0x10 /home/arduino/ArduinoApps/Modulino-AppLab-example-pacakge/modulino-change-address/.cache/sketch/sketch/sketch.ino.cpp.o
                0x0000000000000104                std::_Function_handler<bool (int, int), bool (*)(int, int)>::_M_invoke(std::_Any_data const&, int&&, int&&)
 .text._ZSt14__relocate_a_1IhhENSt9enable_ifIXsrSt24__is_bitwise_relocatableIT_vE5valueEPS2_E4typeES4_S4_S4_RSaIT0_E.isra.0
                0x0000000000000114       0x20 /home/arduino/ArduinoApps/Modulino-AppLab-example-pacakge/modulino-change-address/.cache/sketch/sketch/sketch.ino.cpp.o
 .text._ZNSt12_Vector_baseIhSaIhEE11_M_allocateEj.isra.0
                0x0000000000000134       0x20 /home/arduino/ArduinoApps/Modulino-AppLab-example-pacakge/modulino-change-address/.cache/sketch/sketch/sketch.ino.cpp.o
 .text.k_mutex_unlock.isra.0
                0x0000000000000154        0x8 /home/arduino/ArduinoApps/Modulino-AppLab-example-pacakge/modulino-change-address/.cache/sketch/sketch/sketch.ino.cpp.o
 .text.k_mutex_init.isra.0
                0x000000000000015c        0x8 /home/arduino/ArduinoApps/Modulino-AppLab-example-pacakge/modulino-change-address/.cache/sketch/sketch/sketch.ino.cpp.o
 .text.k_msleep.constprop.0.isra.0
                0x0000000000000164        0xc /home/arduino/ArduinoApps/Modulino-AppLab-example-pacakge/modulino-change-address/.cache/sketch/sketch/sketch.ino.cpp.o
 .text._ZNSt14_Function_baseD2Ev
                0x0000000000000170       0x12 /home/arduino/ArduinoApps/Modulino-AppLab-example-pacakge/modulino-change-address/.cache/sketch/sketch/sketch.ino.cpp.o
                0x0000000000000170                std::_Function_base::~_Function_base()
                0x0000000000000170                std::_Function_base::~_Function_base()
 *fill*         0x0000000000000182        0x2 
 .text._ZN18RpcFunctionWrapperISt8functionIFbiiEEED2Ev
                0x0000000000000184       0x1c /home/arduino/ArduinoApps/Modulino-AppLab-example-pacakge/modulino-change-address/.cache/sketch/sketch/sketch.ino.cpp.o
                0x0000000000000184                RpcFunctionWrapper<std::function<bool (int, int)> >::~RpcFunctionWrapper()
                0x0000000000000184                RpcFunctionWrapper<std::function<bool (int, int)> >::~RpcFunctionWrapper()
 .text._ZN18RpcFunctionWrapperISt8functionIFbiiEEED0Ev
                0x00000000000001a0       0x1c /home/arduino/ArduinoApps/Modulino-AppLab-example-pacakge/modulino-change-address/.cache/sketch/sketch/sketch.ino.cpp.o
                0x00000000000001a0                RpcFunctionWrapper<std::function<bool (int, int)> >::~RpcFunctionWrapper()
 .text._ZN18RpcFunctionWrapperISt8functionIFbvEEED2Ev
                0x00000000000001bc       0x1c /home/arduino/ArduinoApps/Modulino-AppLab-example-pacakge/modulino-change-address/.cache/sketch/sketch/sketch.ino.cpp.o
                0x00000000000001bc                RpcFunctionWrapper<std::function<bool ()> >::~RpcFunctionWrapper()
                0x00000000000001bc                RpcFunctionWrapper<std::function<bool ()> >::~RpcFunctionWrapper()
 .text._ZN18RpcFunctionWrapperISt8functionIFbvEEED0Ev
                0x00000000000001d8       0x1c /home/arduino/ArduinoApps/Modulino-AppLab-example-pacakge/modulino-change-address/.cache/sketch/sketch/sketch.ino.cpp.o
                0x00000000000001d8                RpcFunctionWrapper<std::function<bool ()> >::~RpcFunctionWrapper()
 .text._ZN7arduino7msgpack8Unpacker11deserializeEv
                0x00000000000001f4       0x16 /home/arduino/ArduinoApps/Modulino-AppLab-example-pacakge/modulino-change-address/.cache/sketch/sketch/sketch.ino.cpp.o
                0x00000000000001f4                arduino::msgpack::Unpacker::deserialize()
 .text._ZN7arduino7msgpack8Unpacker5clearEv
                0x000000000000020a       0x14 /home/arduino/ArduinoApps/Modulino-AppLab-example-pacakge/modulino-change-address/.cache/sketch/sketch/sketch.ino.cpp.o
                0x000000000000020a                arduino::msgpack::Unpacker::clear()
 .text._ZNK7arduino7msgpack8Unpacker13getRawBytePtrEjj
                0x000000000000021e       0x1e /home/arduino/ArduinoApps/Modulino-AppLab-example-pacakge/modulino-change-address/.cache/sketch/sketch/sketch.ino.cpp.o
                0x000000000000021e                arduino::msgpack::Unpacker::getRawBytePtr(unsigned int, unsigned int) const
 .text._ZN8RpcErrorC2Ev
                0x000000000000023c       0x2c /home/arduino/ArduinoApps/Modulino-AppLab-example-pacakge/modulino-change-address/.cache/sketch/sketch/sketch.ino.cpp.o
                0x000000000000023c                RpcError::RpcError()
                0x000000000000023c                RpcError::RpcError()
 .text._ZN7arduino7msgpack8UnpackerC2Ev
                0x0000000000000268       0x10 /home/arduino/ArduinoApps/Modulino-AppLab-example-pacakge/modulino-change-address/.cache/sketch/sketch/sketch.ino.cpp.o
                0x0000000000000268                arduino::msgpack::Unpacker::Unpacker()
                0x0000000000000268                arduino::msgpack::Unpacker::Unpacker()
 .text._ZN10RPCRequestILj256EEC2Ev
                0x0000000000000278       0x4c /home/arduino/ArduinoApps/Modulino-AppLab-example-pacakge/modulino-change-address/.cache/sketch/sketch/sketch.ino.cpp.o
                0x0000000000000278                RPCRequest<256u>::RPCRequest()
                0x0000000000000278                RPCRequest<256u>::RPCRequest()
 .text._ZN11BridgeClass10is_startedEv
                0x00000000000002c4       0x2c /home/arduino/ArduinoApps/Modulino-AppLab-example-pacakge/modulino-change-address/.cache/sketch/sketch/sketch.ino.cpp.o
                0x00000000000002c4                BridgeClass::is_started()
 .text.loop     0x00000000000002f0        0x2 /home/arduino/ArduinoApps/Modulino-AppLab-example-pacakge/modulino-change-address/.cache/sketch/sketch/sketch.ino.cpp.o
                0x00000000000002f0                loop
 *fill*         0x00000000000002f2        0x2 
 .text._ZNSt12_Vector_baseIhSaIhEED2Ev
                0x00000000000002f4       0x18 /home/arduino/ArduinoApps/Modulino-AppLab-example-pacakge/modulino-change-address/.cache/sketch/sketch/sketch.ino.cpp.o
                0x00000000000002f4                std::_Vector_base<unsigned char, std::allocator<unsigned char> >::~_Vector_base()
                0x00000000000002f4                std::_Vector_base<unsigned char, std::allocator<unsigned char> >::~_Vector_base()
 .text.__tcf_2  0x000000000000030c       0x14 /home/arduino/ArduinoApps/Modulino-AppLab-example-pacakge/modulino-change-address/.cache/sketch/sketch/sketch.ino.cpp.o
 .text.__tcf_1  0x0000000000000320       0x14 /home/arduino/ArduinoApps/Modulino-AppLab-example-pacakge/modulino-change-address/.cache/sketch/sketch/sketch.ino.cpp.o
 .text._ZNSt6vectorIhSaIhEE14_M_move_assignEOS1_St17integral_constantIbLb1EE.isra.0
                0x0000000000000334       0x34 /home/arduino/ArduinoApps/Modulino-AppLab-example-pacakge/modulino-change-address/.cache/sketch/sketch/sketch.ino.cpp.o
 .text._ZNK7arduino7msgpack8Unpacker11getRawBytesIhEET_jj
                0x0000000000000368       0x1e /home/arduino/ArduinoApps/Modulino-AppLab-example-pacakge/modulino-change-address/.cache/sketch/sketch/sketch.ino.cpp.o
                0x0000000000000368                unsigned char arduino::msgpack::Unpacker::getRawBytes<unsigned char>(unsigned int, unsigned int) const
 *fill*         0x0000000000000386        0x2 
 .text._ZNK7arduino7msgpack8Unpacker7getTypeEj
                0x0000000000000388       0x58 /home/arduino/ArduinoApps/Modulino-AppLab-example-pacakge/modulino-change-address/.cache/sketch/sketch/sketch.ino.cpp.o
                0x0000000000000388                arduino::msgpack::Unpacker::getType(unsigned int) const
 .text._ZNK7arduino7msgpack8Unpacker7getTypeEv
                0x00000000000003e0       0x10 /home/arduino/ArduinoApps/Modulino-AppLab-example-pacakge/modulino-change-address/.cache/sketch/sketch/sketch.ino.cpp.o
                0x00000000000003e0                arduino::msgpack::Unpacker::getType() const
 .text._ZNK7arduino7msgpack8Unpacker7isArrayEv
                0x00000000000003f0       0x20 /home/arduino/ArduinoApps/Modulino-AppLab-example-pacakge/modulino-change-address/.cache/sketch/sketch/sketch.ino.cpp.o
                0x00000000000003f0                arduino::msgpack::Unpacker::isArray() const
 .text._ZNK7arduino7msgpack8Unpacker5isIntEv
                0x0000000000000410       0x20 /home/arduino/ArduinoApps/Modulino-AppLab-example-pacakge/modulino-change-address/.cache/sketch/sketch/sketch.ino.cpp.o
                0x0000000000000410                arduino::msgpack::Unpacker::isInt() const
 .text._ZN7arduino7msgpack8Unpacker9unpackNilEv
                0x0000000000000430       0x3c /home/arduino/ArduinoApps/Modulino-AppLab-example-pacakge/modulino-change-address/.cache/sketch/sketch/sketch.ino.cpp.o
                0x0000000000000430                arduino::msgpack::Unpacker::unpackNil()
 .text._ZNK7arduino7msgpack8Unpacker5isMapEv
                0x000000000000046c       0x20 /home/arduino/ArduinoApps/Modulino-AppLab-example-pacakge/modulino-change-address/.cache/sketch/sketch/sketch.ino.cpp.o
                0x000000000000046c                arduino::msgpack::Unpacker::isMap() const
 .text._ZNK7arduino7msgpack8Unpacker6isUIntEv
                0x000000000000048c       0x20 /home/arduino/ArduinoApps/Modulino-AppLab-example-pacakge/modulino-change-address/.cache/sketch/sketch/sketch.ino.cpp.o
                0x000000000000048c                arduino::msgpack::Unpacker::isUInt() const
 .text._ZN7arduino7msgpack8Unpacker13unpackFloat32Ev
                0x00000000000004ac       0x60 /home/arduino/ArduinoApps/Modulino-AppLab-example-pacakge/modulino-change-address/.cache/sketch/sketch/sketch.ino.cpp.o
                0x00000000000004ac                arduino::msgpack::Unpacker::unpackFloat32()
 *fill*         0x000000000000050c        0x4 
 .text._ZN7arduino7msgpack8Unpacker13unpackFloat64Ev
                0x0000000000000510       0x6c /home/arduino/ArduinoApps/Modulino-AppLab-example-pacakge/modulino-change-address/.cache/sketch/sketch/sketch.ino.cpp.o
                0x0000000000000510                arduino::msgpack::Unpacker::unpackFloat64()
 .text._ZN7arduino7msgpack8Unpacker11unpackInt64Ev
                0x000000000000057c       0x60 /home/arduino/ArduinoApps/Modulino-AppLab-example-pacakge/modulino-change-address/.cache/sketch/sketch/sketch.ino.cpp.o
                0x000000000000057c                arduino::msgpack::Unpacker::unpackInt64()
 .text._ZN7arduino7msgpack8Unpacker11unpackInt32Ev
                0x00000000000005dc       0x58 /home/arduino/ArduinoApps/Modulino-AppLab-example-pacakge/modulino-change-address/.cache/sketch/sketch/sketch.ino.cpp.o
                0x00000000000005dc                arduino::msgpack::Unpacker::unpackInt32()
 .text._ZN7arduino7msgpack8Unpacker11unpackInt16Ev
                0x0000000000000634       0x4c /home/arduino/ArduinoApps/Modulino-AppLab-example-pacakge/modulino-change-address/.cache/sketch/sketch/sketch.ino.cpp.o
                0x0000000000000634                arduino::msgpack::Unpacker::unpackInt16()
 .text._ZN7arduino7msgpack8Unpacker10unpackInt5Ev
                0x0000000000000680       0x4c /home/arduino/ArduinoApps/Modulino-AppLab-example-pacakge/modulino-change-address/.cache/sketch/sketch/sketch.ino.cpp.o
                0x0000000000000680                arduino::msgpack::Unpacker::unpackInt5()
 .text._ZN7arduino7msgpack8Unpacker11unpackUInt7Ev
                0x00000000000006cc       0x48 /home/arduino/ArduinoApps/Modulino-AppLab-example-pacakge/modulino-change-address/.cache/sketch/sketch/sketch.ino.cpp.o
                0x00000000000006cc                arduino::msgpack::Unpacker::unpackUInt7()
 .text._ZN7arduino7msgpack8Unpacker11unpackUInt8Ev
                0x0000000000000714       0x48 /home/arduino/ArduinoApps/Modulino-AppLab-example-pacakge/modulino-change-address/.cache/sketch/sketch/sketch.ino.cpp.o
                0x0000000000000714                arduino::msgpack::Unpacker::unpackUInt8()
 .text._ZNK7arduino7msgpack8Unpacker11getRawBytesItEET_jj
                0x000000000000075c       0x26 /home/arduino/ArduinoApps/Modulino-AppLab-example-pacakge/modulino-change-address/.cache/sketch/sketch/sketch.ino.cpp.o
                0x000000000000075c                unsigned short arduino::msgpack::Unpacker::getRawBytes<unsigned short>(unsigned int, unsigned int) const
 *fill*         0x0000000000000782        0x2 
 .text._ZN7arduino7msgpack8Unpacker12unpackUInt16Ev
                0x0000000000000784       0x48 /home/arduino/ArduinoApps/Modulino-AppLab-example-pacakge/modulino-change-address/.cache/sketch/sketch/sketch.ino.cpp.o
                0x0000000000000784                arduino::msgpack::Unpacker::unpackUInt16()
 .text._ZNK7arduino7msgpack8Unpacker11getRawBytesIjEET_jj
                0x00000000000007cc       0x34 /home/arduino/ArduinoApps/Modulino-AppLab-example-pacakge/modulino-change-address/.cache/sketch/sketch/sketch.ino.cpp.o
                0x00000000000007cc                unsigned int arduino::msgpack::Unpacker::getRawBytes<unsigned int>(unsigned int, unsigned int) const
 .text._ZNK7arduino7msgpack8Unpacker14getElementSizeEj
                0x0000000000000800      0x11c /home/arduino/ArduinoApps/Modulino-AppLab-example-pacakge/modulino-change-address/.cache/sketch/sketch/sketch.ino.cpp.o
                0x0000000000000800                arduino::msgpack::Unpacker::getElementSize(unsigned int) const
 .text._ZN7arduino7msgpack8Unpacker15unpackArraySizeEv
                0x000000000000091c       0x78 /home/arduino/ArduinoApps/Modulino-AppLab-example-pacakge/modulino-change-address/.cache/sketch/sketch/sketch.ino.cpp.o
                0x000000000000091c                arduino::msgpack::Unpacker::unpackArraySize()
 .text._ZN7arduino7msgpack8Unpacker11deserializeINS0_4type9ArraySizeEJEEEbRT_DpOT0_.isra.0
                0x0000000000000994       0x40 /home/arduino/ArduinoApps/Modulino-AppLab-example-pacakge/modulino-change-address/.cache/sketch/sketch/sketch.ino.cpp.o
 .text._ZN7arduino7msgpack8Unpacker12unpackUInt32Ev
                0x00000000000009d4       0x48 /home/arduino/ArduinoApps/Modulino-AppLab-example-pacakge/modulino-change-address/.cache/sketch/sketch/sketch.ino.cpp.o
                0x00000000000009d4                arduino::msgpack::Unpacker::unpackUInt32()
 .text._ZN7arduino7msgpack8Unpacker13unpackMapSizeEv
                0x0000000000000a1c       0x78 /home/arduino/ArduinoApps/Modulino-AppLab-example-pacakge/modulino-change-address/.cache/sketch/sketch/sketch.ino.cpp.o
                0x0000000000000a1c                arduino::msgpack::Unpacker::unpackMapSize()
 .text._ZNK7arduino7msgpack8Unpacker11getRawBytesIyEET_jj
                0x0000000000000a94       0x3a /home/arduino/ArduinoApps/Modulino-AppLab-example-pacakge/modulino-change-address/.cache/sketch/sketch/sketch.ino.cpp.o
                0x0000000000000a94                unsigned long long arduino::msgpack::Unpacker::getRawBytes<unsigned long long>(unsigned int, unsigned int) const
 *fill*         0x0000000000000ace        0x2 
 .text._ZN7arduino7msgpack8Unpacker12unpackUInt64Ev
                0x0000000000000ad0       0x4c /home/arduino/ArduinoApps/Modulino-AppLab-example-pacakge/modulino-change-address/.cache/sketch/sketch/sketch.ino.cpp.o
                0x0000000000000ad0                arduino::msgpack::Unpacker::unpackUInt64()
 .text._ZNK7arduino7msgpack8Unpacker11getRawBytesIaEET_jj
                0x0000000000000b1c       0x1e /home/arduino/ArduinoApps/Modulino-AppLab-example-pacakge/modulino-change-address/.cache/sketch/sketch/sketch.ino.cpp.o
                0x0000000000000b1c                signed char arduino::msgpack::Unpacker::getRawBytes<signed char>(unsigned int, unsigned int) const
 *fill*         0x0000000000000b3a        0x2 
 .text._ZN7arduino7msgpack8Unpacker10unpackInt8Ev
                0x0000000000000b3c       0x48 /home/arduino/ArduinoApps/Modulino-AppLab-example-pacakge/modulino-change-address/.cache/sketch/sketch/sketch.ino.cpp.o
                0x0000000000000b3c                arduino::msgpack::Unpacker::unpackInt8()
 .text._ZNK7arduino7msgpack8Unpacker13isTimestamp32Ev
                0x0000000000000b84       0x2c /home/arduino/ArduinoApps/Modulino-AppLab-example-pacakge/modulino-change-address/.cache/sketch/sketch/sketch.ino.cpp.o
                0x0000000000000b84                arduino::msgpack::Unpacker::isTimestamp32() const
 .text._ZNK7arduino7msgpack8Unpacker13isTimestamp64Ev
                0x0000000000000bb0       0x2c /home/arduino/ArduinoApps/Modulino-AppLab-example-pacakge/modulino-change-address/.cache/sketch/sketch/sketch.ino.cpp.o
                0x0000000000000bb0                arduino::msgpack::Unpacker::isTimestamp64() const
 .text._ZNK7arduino7msgpack8Unpacker13isTimestamp96Ev
                0x0000000000000bdc       0x40 /home/arduino/ArduinoApps/Modulino-AppLab-example-pacakge/modulino-change-address/.cache/sketch/sketch/sketch.ino.cpp.o
                0x0000000000000bdc                arduino::msgpack::Unpacker::isTimestamp96() const
 .text._ZNK7arduino7msgpack8Unpacker11getRawBytesIcEET_jj
                0x0000000000000c1c       0x1e /home/arduino/ArduinoApps/Modulino-AppLab-example-pacakge/modulino-change-address/.cache/sketch/sketch/sketch.ino.cpp.o
                0x0000000000000c1c                char arduino::msgpack::Unpacker::getRawBytes<char>(unsigned int, unsigned int) const
 *fill*         0x0000000000000c3a        0x2 
 .text._ZN7arduino7msgpack8Unpacker11deserializeINS0_6object5nil_tEJEEEbRT_DpOT0_
                0x0000000000000c3c       0x40 /home/arduino/ArduinoApps/Modulino-AppLab-example-pacakge/modulino-change-address/.cache/sketch/sketch/sketch.ino.cpp.o
                0x0000000000000c3c                bool arduino::msgpack::Unpacker::deserialize<arduino::msgpack::object::nil_t>(arduino::msgpack::object::nil_t&)
 .text._ZN7arduino7msgpack8Unpacker11deserializeIbJEEEbRT_DpOT0_
                0x0000000000000c7c       0x68 /home/arduino/ArduinoApps/Modulino-AppLab-example-pacakge/modulino-change-address/.cache/sketch/sketch/sketch.ino.cpp.o
                0x0000000000000c7c                bool arduino::msgpack::Unpacker::deserialize<bool>(bool&)
 .text._ZN7arduino7msgpack8Unpacker11deserializeINS_6StringEJEEEbRT_DpOT0_
                0x0000000000000ce4      0x174 /home/arduino/ArduinoApps/Modulino-AppLab-example-pacakge/modulino-change-address/.cache/sketch/sketch/sketch.ino.cpp.o
                0x0000000000000ce4                bool arduino::msgpack::Unpacker::deserialize<arduino::String>(arduino::String&)
 .text._ZN7arduino7msgpack8Unpacker11deserializeINS0_6object8timespecEJEEEbRT_DpOT0_
                0x0000000000000e58       0xc4 /home/arduino/ArduinoApps/Modulino-AppLab-example-pacakge/modulino-change-address/.cache/sketch/sketch/sketch.ino.cpp.o
                0x0000000000000e58                bool arduino::msgpack::Unpacker::deserialize<arduino::msgpack::object::timespec>(arduino::msgpack::object::timespec&)
 .text._ZN17RpcDecoderManagerILj3EE10getDecoderER10ITransport
                0x0000000000000f1c       0x7c /home/arduino/ArduinoApps/Modulino-AppLab-example-pacakge/modulino-change-address/.cache/sketch/sketch/sketch.ino.cpp.o
                0x0000000000000f1c                RpcDecoderManager<3u>::getDecoder(ITransport&)
 .text._ZNSt12_Vector_baseIjSaIjEED2Ev
                0x0000000000000f98       0x18 /home/arduino/ArduinoApps/Modulino-AppLab-example-pacakge/modulino-change-address/.cache/sketch/sketch/sketch.ino.cpp.o
                0x0000000000000f98                std::_Vector_base<unsigned int, std::allocator<unsigned int> >::~_Vector_base()
                0x0000000000000f98                std::_Vector_base<unsigned int, std::allocator<unsigned int> >::~_Vector_base()
 .text._ZN10RPCRequestILj256EED2Ev
                0x0000000000000fb0       0x2c /home/arduino/ArduinoApps/Modulino-AppLab-example-pacakge/modulino-change-address/.cache/sketch/sketch/sketch.ino.cpp.o
                0x0000000000000fb0                RPCRequest<256u>::~RPCRequest()
                0x0000000000000fb0                RPCRequest<256u>::~RPCRequest()
 .text._ZNSt6vectorIjSaIjEE17_M_realloc_insertIJRjEEEvN9__gnu_cxx17__normal_iteratorIPjS1_EEDpOT_
                0x0000000000000fdc       0xdc /home/arduino/ArduinoApps/Modulino-AppLab-example-pacakge/modulino-change-address/.cache/sketch/sketch/sketch.ino.cpp.o
                0x0000000000000fdc                void std::vector<unsigned int, std::allocator<unsigned int> >::_M_realloc_insert<unsigned int&>(__gnu_cxx::__normal_iterator<unsigned int*, std::vector<unsigned int, std::allocator<unsigned int> > >, unsigned int&)
 .text._ZN7arduino7msgpack8Unpacker4feedEPKhj
                0x00000000000010b8       0x78 /home/arduino/ArduinoApps/Modulino-AppLab-example-pacakge/modulino-change-address/.cache/sketch/sketch/sketch.ino.cpp.o
                0x00000000000010b8                arduino::msgpack::Unpacker::feed(unsigned char const*, unsigned int)
 .text._ZN7RpcCallIJEE8setErrorEiN7arduino6StringE
                0x0000000000001130       0x40 /home/arduino/ArduinoApps/Modulino-AppLab-example-pacakge/modulino-change-address/.cache/sketch/sketch/sketch.ino.cpp.o
                0x0000000000001130                RpcCall<>::setError(int, arduino::String)
 .text._ZN7RpcCallIJEE7isErrorEv
                0x0000000000001170       0x34 /home/arduino/ArduinoApps/Modulino-AppLab-example-pacakge/modulino-change-address/.cache/sketch/sketch/sketch.ino.cpp.o
                0x0000000000001170                RpcCall<>::isError()
 .text._ZNKSt6vectorIhSaIhEE12_M_check_lenEjPKc
                0x00000000000011a4       0x38 /home/arduino/ArduinoApps/Modulino-AppLab-example-pacakge/modulino-change-address/.cache/sketch/sketch/sketch.ino.cpp.o
                0x00000000000011a4                std::vector<unsigned char, std::allocator<unsigned char> >::_M_check_len(unsigned int, char const*) const
 .text._ZNSt6vectorIhSaIhEE12emplace_backIJhEEERhDpOT_.isra.0
                0x00000000000011dc       0x90 /home/arduino/ArduinoApps/Modulino-AppLab-example-pacakge/modulino-change-address/.cache/sketch/sketch/sketch.ino.cpp.o
 .text._ZN7arduino7msgpack6Packer11packRawByteERKNS0_4TypeE.isra.0
                0x000000000000126c       0x18 /home/arduino/ArduinoApps/Modulino-AppLab-example-pacakge/modulino-change-address/.cache/sketch/sketch/sketch.ino.cpp.o
 .text._ZN7arduino7msgpack6Packer7packNilEv
                0x0000000000001284       0x18 /home/arduino/ArduinoApps/Modulino-AppLab-example-pacakge/modulino-change-address/.cache/sketch/sketch/sketch.ino.cpp.o
                0x0000000000001284                arduino::msgpack::Packer::packNil()
 .text._ZNSt6vectorIhSaIhEE12emplace_backIJRKhEEERhDpOT_.isra.0
                0x000000000000129c       0x90 /home/arduino/ArduinoApps/Modulino-AppLab-example-pacakge/modulino-change-address/.cache/sketch/sketch/sketch.ino.cpp.o
 .text._ZN7arduino7msgpack6Packer9packUInt8Eh
                0x000000000000132c       0x2c /home/arduino/ArduinoApps/Modulino-AppLab-example-pacakge/modulino-change-address/.cache/sketch/sketch/sketch.ino.cpp.o
                0x000000000000132c                arduino::msgpack::Packer::packUInt8(unsigned char)
 .text._ZNSt6vectorIhSaIhEE12emplace_backIJRhEEES3_DpOT_.isra.0
                0x0000000000001358       0x90 /home/arduino/ArduinoApps/Modulino-AppLab-example-pacakge/modulino-change-address/.cache/sketch/sketch/sketch.ino.cpp.o
 .text._ZN7arduino7msgpack6Packer15packRawReversedIjEEvRKT_
                0x00000000000013e8       0x1c /home/arduino/ArduinoApps/Modulino-AppLab-example-pacakge/modulino-change-address/.cache/sketch/sketch/sketch.ino.cpp.o
                0x00000000000013e8                void arduino::msgpack::Packer::packRawReversed<unsigned int>(unsigned int const&)
 .text._ZN7arduino7msgpack6Packer10packUInt32Ej
                0x0000000000001404       0x28 /home/arduino/ArduinoApps/Modulino-AppLab-example-pacakge/modulino-change-address/.cache/sketch/sketch/sketch.ino.cpp.o
                0x0000000000001404                arduino::msgpack::Packer::packUInt32(unsigned int)
 .text._ZN7arduino7msgpack6Packer15packRawReversedItEEvRKT_
                0x000000000000142c       0x1c /home/arduino/ArduinoApps/Modulino-AppLab-example-pacakge/modulino-change-address/.cache/sketch/sketch/sketch.ino.cpp.o
                0x000000000000142c                void arduino::msgpack::Packer::packRawReversed<unsigned short>(unsigned short const&)
 .text._ZN7arduino7msgpack6Packer13packArraySizeEj
                0x0000000000001448       0x58 /home/arduino/ArduinoApps/Modulino-AppLab-example-pacakge/modulino-change-address/.cache/sketch/sketch/sketch.ino.cpp.o
                0x0000000000001448                arduino::msgpack::Packer::packArraySize(unsigned int)
 .text._ZN7arduino7msgpack6Packer10packUInt16Et
                0x00000000000014a0       0x2c /home/arduino/ArduinoApps/Modulino-AppLab-example-pacakge/modulino-change-address/.cache/sketch/sketch/sketch.ino.cpp.o
                0x00000000000014a0                arduino::msgpack::Packer::packUInt16(unsigned short)
 .text._ZN7arduino7msgpack6Packer11packIntegerIjEENSt9enable_ifIXaaaaaasrSt13is_arithmeticIT_E5valuesrSt11is_integralIS5_E5valuentsrSt7is_sameIS5_bE5valuentsrS9_INSt9remove_cvIS5_E4typeEPcE5valueEvE4typeERKS5_.isra.0
                0x00000000000014cc       0x50 /home/arduino/ArduinoApps/Modulino-AppLab-example-pacakge/modulino-change-address/.cache/sketch/sketch/sketch.ino.cpp.o
 .text._ZN7arduino7msgpack6Packer11packIntegerIiEENSt9enable_ifIXaaaaaasrSt13is_arithmeticIT_E5valuesrSt11is_integralIS5_E5valuentsrSt7is_sameIS5_bE5valuentsrS9_INSt9remove_cvIS5_E4typeEPcE5valueEvE4typeERKS5_.isra.0
                0x000000000000151c       0xb8 /home/arduino/ArduinoApps/Modulino-AppLab-example-pacakge/modulino-change-address/.cache/sketch/sketch/sketch.ino.cpp.o
 .text._ZN7arduino7msgpack6Packer12packRawBytesEPKcj
                0x00000000000015d4       0x9c /home/arduino/ArduinoApps/Modulino-AppLab-example-pacakge/modulino-change-address/.cache/sketch/sketch/sketch.ino.cpp.o
                0x00000000000015d4                arduino::msgpack::Packer::packRawBytes(char const*, unsigned int)
 .text._ZN7arduino7msgpack6Packer4packERKNS_6StringE
                0x0000000000001670       0x7c /home/arduino/ArduinoApps/Modulino-AppLab-example-pacakge/modulino-change-address/.cache/sketch/sketch/sketch.ino.cpp.o
                0x0000000000001670                arduino::msgpack::Packer::pack(arduino::String const&)
 .text._ZN7arduino7msgpack6Packer9serializeIJRKiRKNS_6StringEEEEvRKNS0_4type9ArraySizeEDpOT_.isra.0
                0x00000000000016ec       0x2c /home/arduino/ArduinoApps/Modulino-AppLab-example-pacakge/modulino-change-address/.cache/sketch/sketch/sketch.ino.cpp.o
 .text._ZN7arduino7msgpack6Packer9serializeI8RpcErrorJRNS0_6object5nil_tEEEENSt9enable_ifIXoooontsrSt10is_pointerIT_E5valuesrSt7is_sameIS9_PKcE5valuesrSB_IS9_PKNS_19__FlashStringHelperEE5valueEvE4typeERKS9_DpOT0_.constprop.0
                0x0000000000001718       0x20 /home/arduino/ArduinoApps/Modulino-AppLab-example-pacakge/modulino-change-address/.cache/sketch/sketch/sketch.ino.cpp.o
 .text._ZN18RpcFunctionWrapperISt8functionIFbvEEEclERN7arduino7msgpack8UnpackerERNS5_6PackerE
                0x0000000000001738       0xb0 /home/arduino/ArduinoApps/Modulino-AppLab-example-pacakge/modulino-change-address/.cache/sketch/sketch/sketch.ino.cpp.o
                0x0000000000001738                RpcFunctionWrapper<std::function<bool ()> >::operator()(arduino::msgpack::Unpacker&, arduino::msgpack::Packer&)
 .text._ZN7arduino7msgpack8Unpacker9unpackIntIiEENSt9enable_ifIXaaaaaaaasrSt13is_arithmeticIT_E5valuesrSt11is_integralIS5_E5valuentsrSt7is_sameIS5_bE5valuentsrS9_INSt9remove_cvIS5_E4typeEPcE5valuesrSt9is_signedIS5_E5valueES5_E4typeEv
                0x00000000000017e8       0xd0 /home/arduino/ArduinoApps/Modulino-AppLab-example-pacakge/modulino-change-address/.cache/sketch/sketch/sketch.ino.cpp.o
                0x00000000000017e8                std::enable_if<(((std::is_arithmetic<int>::value&&std::is_integral<int>::value)&&(!std::is_same<int, bool>::value))&&(!std::is_same<std::remove_cv<int>::type, char*>::value))&&std::is_signed<int>::value, int>::type arduino::msgpack::Unpacker::unpackInt<int>()
 .text._ZN7arduino7msgpack8Unpacker11deserializeIiJEEEbRT_DpOT0_
                0x00000000000018b8       0x40 /home/arduino/ArduinoApps/Modulino-AppLab-example-pacakge/modulino-change-address/.cache/sketch/sketch/sketch.ino.cpp.o
                0x00000000000018b8                bool arduino::msgpack::Unpacker::deserialize<int>(int&)
 .text._ZN7arduino7msgpack8Unpacker11unpackFloatIfEENSt9enable_ifIXaasrSt13is_arithmeticIT_E5valuesrSt17is_floating_pointIS5_E5valueES5_E4typeEv
                0x00000000000018f8      0x118 /home/arduino/ArduinoApps/Modulino-AppLab-example-pacakge/modulino-change-address/.cache/sketch/sketch/sketch.ino.cpp.o
                0x00000000000018f8                std::enable_if<std::is_arithmetic<float>::value&&std::is_floating_point<float>::value, float>::type arduino::msgpack::Unpacker::unpackFloat<float>()
 .text._ZN7arduino7msgpack8Unpacker11unpackFloatIdEENSt9enable_ifIXaasrSt13is_arithmeticIT_E5valuesrSt17is_floating_pointIS5_E5valueES5_E4typeEv
                0x0000000000001a10      0x118 /home/arduino/ArduinoApps/Modulino-AppLab-example-pacakge/modulino-change-address/.cache/sketch/sketch/sketch.ino.cpp.o
                0x0000000000001a10                std::enable_if<std::is_arithmetic<double>::value&&std::is_floating_point<double>::value, double>::type arduino::msgpack::Unpacker::unpackFloat<double>()
 .text._ZN7arduino7msgpack8Unpacker12unpackBinaryIhEENSt9enable_ifIXoosrSt7is_sameIT_cE5valuesrS4_IS5_hE5valueESt6vectorINS3_IXoosrS7_5valuesrS6_5valueES5_E4typeESaIS5_EEE4typeEv
                0x0000000000001b28      0x114 /home/arduino/ArduinoApps/Modulino-AppLab-example-pacakge/modulino-change-address/.cache/sketch/sketch/sketch.ino.cpp.o
                0x0000000000001b28                std::enable_if<std::is_same<unsigned char, char>::value||std::is_same<unsigned char, unsigned char>::value, std::vector<std::enable_if<std::is_same<unsigned char, unsigned char>::value||std::is_same<unsigned char, char>::value, unsigned char>::type, std::allocator<unsigned char> > >::type arduino::msgpack::Unpacker::unpackBinary<unsigned char>()
 .text._ZN7arduino7msgpack8Unpacker11deserializeINS0_4type9ArraySizeEJRiEEEbRT_DpOT0_
                0x0000000000001c3c       0x44 /home/arduino/ArduinoApps/Modulino-AppLab-example-pacakge/modulino-change-address/.cache/sketch/sketch/sketch.ino.cpp.o
                0x0000000000001c3c                bool arduino::msgpack::Unpacker::deserialize<arduino::msgpack::type::ArraySize, int&>(arduino::msgpack::type::ArraySize&, int&)
 .text._ZNK10RpcDecoderILj1024EE4sendEPKhj
                0x0000000000001c80       0x22 /home/arduino/ArduinoApps/Modulino-AppLab-example-pacakge/modulino-change-address/.cache/sketch/sketch/sketch.ino.cpp.o
                0x0000000000001c80                RpcDecoder<1024u>::send(unsigned char const*, unsigned int) const
 *fill*         0x0000000000001ca2        0x2 
 .text._ZN9RPCClient8send_rpcIJRKN7arduino6StringEEEEbS4_RjDpOT_.isra.0
                0x0000000000001ca4       0x90 /home/arduino/ArduinoApps/Modulino-AppLab-example-pacakge/modulino-change-address/.cache/sketch/sketch/sketch.ino.cpp.o
 .text._ZN11BridgeClass6notifyIJiRiS1_N7arduino6StringEEEEvS3_DpOT_
                0x0000000000001d34       0xc4 /home/arduino/ArduinoApps/Modulino-AppLab-example-pacakge/modulino-change-address/.cache/sketch/sketch/sketch.ino.cpp.o
                0x0000000000001d34                void BridgeClass::notify<int, int&, int&, arduino::String>(arduino::String, int&&, int&, int&, arduino::String&&)
 .text._ZN11BridgeClass6notifyIJRiN7arduino6StringEiS1_iEEEvS3_DpOT_
                0x0000000000001df8       0xd0 /home/arduino/ArduinoApps/Modulino-AppLab-example-pacakge/modulino-change-address/.cache/sketch/sketch/sketch.ino.cpp.o
                0x0000000000001df8                void BridgeClass::notify<int&, arduino::String, int, int&, int>(arduino::String, int&, arduino::String&&, int&&, int&, int&&)
 .text._ZN11BridgeClass6notifyIJiEEEvN7arduino6StringEDpOT_
                0x0000000000001ec8       0xa8 /home/arduino/ArduinoApps/Modulino-AppLab-example-pacakge/modulino-change-address/.cache/sketch/sketch/sketch.ino.cpp.o
                0x0000000000001ec8                void BridgeClass::notify<int>(arduino::String, int&&)
 .text._ZNK9RPCServer13send_responseILj256EEEbRK10RPCRequestIXT_EE.isra.0
                0x0000000000001f70       0x24 /home/arduino/ArduinoApps/Modulino-AppLab-example-pacakge/modulino-change-address/.cache/sketch/sketch/sketch.ino.cpp.o
 .text._ZN10RpcDecoderILj1024EE9send_callIJEEEbiRKN7arduino6StringERjDpOT_
                0x0000000000001f94       0xb0 /home/arduino/ArduinoApps/Modulino-AppLab-example-pacakge/modulino-change-address/.cache/sketch/sketch/sketch.ino.cpp.o
                0x0000000000001f94                bool RpcDecoder<1024u>::send_call<>(int, arduino::String const&, unsigned int&)
 .text._ZN11BridgeClass6notifyIJEEEvN7arduino6StringEDpOT_
                0x0000000000002044       0x4c /home/arduino/ArduinoApps/Modulino-AppLab-example-pacakge/modulino-change-address/.cache/sketch/sketch/sketch.ino.cpp.o
                0x0000000000002044                void BridgeClass::notify<>(arduino::String)
 .text._ZN7RpcCallIJRKN7arduino6StringEEE8setErrorEiS1_
                0x0000000000002090       0x40 /home/arduino/ArduinoApps/Modulino-AppLab-example-pacakge/modulino-change-address/.cache/sketch/sketch/sketch.ino.cpp.o
                0x0000000000002090                RpcCall<arduino::String const&>::setError(int, arduino::String)
 .text._ZN7RpcCallIJRKN7arduino6StringEEEC2ES3_P9RPCClientP7k_mutexS8_S3_
                0x00000000000020d0       0x80 /home/arduino/ArduinoApps/Modulino-AppLab-example-pacakge/modulino-change-address/.cache/sketch/sketch/sketch.ino.cpp.o
                0x00000000000020d0                RpcCall<arduino::String const&>::RpcCall(arduino::String const&, RPCClient*, k_mutex*, k_mutex*, arduino::String const&)
                0x00000000000020d0                RpcCall<arduino::String const&>::RpcCall(arduino::String const&, RPCClient*, k_mutex*, k_mutex*, arduino::String const&)
 .text._ZN7RpcCallIJRKN7arduino6StringEEE7isErrorEv
                0x0000000000002150       0x34 /home/arduino/ArduinoApps/Modulino-AppLab-example-pacakge/modulino-change-address/.cache/sketch/sketch/sketch.ino.cpp.o
                0x0000000000002150                RpcCall<arduino::String const&>::isError()
 .text._ZN10RpcDecoderILj1024EE7consumeEjj
                0x0000000000002184       0x50 /home/arduino/ArduinoApps/Modulino-AppLab-example-pacakge/modulino-change-address/.cache/sketch/sketch/sketch.ino.cpp.o
                0x0000000000002184                RpcDecoder<1024u>::consume(unsigned int, unsigned int)
 .text._ZN10RpcDecoderILj1024EE7discardEv
                0x00000000000021d4       0x2c /home/arduino/ArduinoApps/Modulino-AppLab-example-pacakge/modulino-change-address/.cache/sketch/sketch/sketch.ino.cpp.o
                0x00000000000021d4                RpcDecoder<1024u>::discard()
 .text._ZN7arduino7msgpack8Unpacker11deserializeI8RpcErrorJRNS0_6object5nil_tEEEEbRT_DpOT0_
                0x0000000000002200       0x90 /home/arduino/ArduinoApps/Modulino-AppLab-example-pacakge/modulino-change-address/.cache/sketch/sketch/sketch.ino.cpp.o
                0x0000000000002200                bool arduino::msgpack::Unpacker::deserialize<RpcError, arduino::msgpack::object::nil_t&>(RpcError&, arduino::msgpack::object::nil_t&)
 .text._ZNK21RpcFunctionDispatcherILj100EE7isBoundERKN7arduino6StringE
                0x0000000000002290       0x34 /home/arduino/ArduinoApps/Modulino-AppLab-example-pacakge/modulino-change-address/.cache/sketch/sketch/sketch.ino.cpp.o
                0x0000000000002290                RpcFunctionDispatcher<100u>::isBound(arduino::String const&) const
 .text._Z4wrapIRFbiiESt8functionIS0_EEP18RpcFunctionWrapperIT0_EOT_
                0x00000000000022c4       0x6c /home/arduino/ArduinoApps/Modulino-AppLab-example-pacakge/modulino-change-address/.cache/sketch/sketch/sketch.ino.cpp.o
                0x00000000000022c4                RpcFunctionWrapper<std::function<bool (int, int)> >* wrap<bool (&)(int, int), std::function<bool (int, int)> >(bool (&)(int, int))
 .text._Z4wrapIRFbvESt8functionIS0_EEP18RpcFunctionWrapperIT0_EOT_
                0x0000000000002330       0x6c /home/arduino/ArduinoApps/Modulino-AppLab-example-pacakge/modulino-change-address/.cache/sketch/sketch/sketch.ino.cpp.o
                0x0000000000002330                RpcFunctionWrapper<std::function<bool ()> >* wrap<bool (&)(), std::function<bool ()> >(bool (&)())
 .text._ZN7arduino7msgpack8Unpacker10unpackUIntIjEENSt9enable_ifIXaaaaaaaasrSt13is_arithmeticIT_E5valuesrSt11is_integralIS5_E5valuentsrSt7is_sameIS5_bE5valuentsrS9_INSt9remove_cvIS5_E4typeEPcE5valuentsrSt9is_signedIS5_E5valueES5_E4typeEv
                0x000000000000239c       0x80 /home/arduino/ArduinoApps/Modulino-AppLab-example-pacakge/modulino-change-address/.cache/sketch/sketch/sketch.ino.cpp.o
                0x000000000000239c                std::enable_if<(((std::is_arithmetic<unsigned int>::value&&std::is_integral<unsigned int>::value)&&(!std::is_same<unsigned int, bool>::value))&&(!std::is_same<std::remove_cv<unsigned int>::type, char*>::value))&&(!std::is_signed<unsigned int>::value), unsigned int>::type arduino::msgpack::Unpacker::unpackUInt<unsigned int>()
 .text._ZN7arduino7msgpack8Unpacker11deserializeIjJRNS_6StringEEEEbRT_DpOT0_
                0x000000000000241c       0x44 /home/arduino/ArduinoApps/Modulino-AppLab-example-pacakge/modulino-change-address/.cache/sketch/sketch/sketch.ino.cpp.o
                0x000000000000241c                bool arduino::msgpack::Unpacker::deserialize<unsigned int, arduino::String&>(unsigned int&, arduino::String&)
 .text._ZN10RpcDecoderILj1024EE16fetch_rpc_methodEv
                0x0000000000002460       0xe8 /home/arduino/ArduinoApps/Modulino-AppLab-example-pacakge/modulino-change-address/.cache/sketch/sketch/sketch.ino.cpp.o
                0x0000000000002460                RpcDecoder<1024u>::fetch_rpc_method()
 .text._ZN10RPCRequestILj256EE22unpack_request_headersEv
                0x0000000000002548       0xb8 /home/arduino/ArduinoApps/Modulino-AppLab-example-pacakge/modulino-change-address/.cache/sketch/sketch/sketch.ino.cpp.o
                0x0000000000002548                RPCRequest<256u>::unpack_request_headers()
 .text._ZN9RPCServer15process_requestILj256EEEvR10RPCRequestIXT_EE
                0x0000000000002600      0x114 /home/arduino/ArduinoApps/Modulino-AppLab-example-pacakge/modulino-change-address/.cache/sketch/sketch/sketch.ino.cpp.o
                0x0000000000002600                void RPCServer::process_request<256u>(RPCRequest<256u>&)
 .text._ZN7arduino7msgpack8Unpacker11deserializeINS0_4type9ArraySizeEJRiRjEEEbRT_DpOT0_
                0x0000000000002714       0xa0 /home/arduino/ArduinoApps/Modulino-AppLab-example-pacakge/modulino-change-address/.cache/sketch/sketch/sketch.ino.cpp.o
                0x0000000000002714                bool arduino::msgpack::Unpacker::deserialize<arduino::msgpack::type::ArraySize, int&, unsigned int&>(arduino::msgpack::type::ArraySize&, int&, unsigned int&)
 .text._ZN10RpcDecoderILj1024EE12get_responseIbEEbjRT_R8RpcError
                0x00000000000027b4      0x17c /home/arduino/ArduinoApps/Modulino-AppLab-example-pacakge/modulino-change-address/.cache/sketch/sketch/sketch.ino.cpp.o
                0x00000000000027b4                bool RpcDecoder<1024u>::get_response<bool>(unsigned int, bool&, RpcError&)
 .text._ZN10RpcDecoderILj1024EE12get_responseIN7arduino7msgpack6object5nil_tEEEbjRT_R8RpcError
                0x0000000000002930      0x17c /home/arduino/ArduinoApps/Modulino-AppLab-example-pacakge/modulino-change-address/.cache/sketch/sketch/sketch.ino.cpp.o
                0x0000000000002930                bool RpcDecoder<1024u>::get_response<arduino::msgpack::object::nil_t>(unsigned int, arduino::msgpack::object::nil_t&, RpcError&)
 .text._ZNSt11__copy_moveILb0ELb1ESt26random_access_iterator_tagE8__copy_mIhEEPT_PKS3_S6_S4_
                0x0000000000002aac       0x1c /home/arduino/ArduinoApps/Modulino-AppLab-example-pacakge/modulino-change-address/.cache/sketch/sketch/sketch.ino.cpp.o
                0x0000000000002aac                unsigned char* std::__copy_move<false, true, std::random_access_iterator_tag>::__copy_m<unsigned char>(unsigned char const*, unsigned char const*, unsigned char*)
 .text._ZNSt11__copy_moveILb1ELb1ESt26random_access_iterator_tagE8__copy_mIhEEPT_PKS3_S6_S4_
                0x0000000000002ac8       0x1c /home/arduino/ArduinoApps/Modulino-AppLab-example-pacakge/modulino-change-address/.cache/sketch/sketch/sketch.ino.cpp.o
                0x0000000000002ac8                unsigned char* std::__copy_move<true, true, std::random_access_iterator_tag>::__copy_m<unsigned char>(unsigned char const*, unsigned char const*, unsigned char*)
 .text._ZN7arduino7msgpack6object3extC2EaPKhj
                0x0000000000002ae4      0x104 /home/arduino/ArduinoApps/Modulino-AppLab-example-pacakge/modulino-change-address/.cache/sketch/sketch/sketch.ino.cpp.o
                0x0000000000002ae4                arduino::msgpack::object::ext::ext(signed char, unsigned char const*, unsigned int)
                0x0000000000002ae4                arduino::msgpack::object::ext::ext(signed char, unsigned char const*, unsigned int)
 .text._ZN7arduino7msgpack8Unpacker9unpackExtEv
                0x0000000000002be8      0x178 /home/arduino/ArduinoApps/Modulino-AppLab-example-pacakge/modulino-change-address/.cache/sketch/sketch/sketch.ino.cpp.o
                0x0000000000002be8                arduino::msgpack::Unpacker::unpackExt()
 .text._ZN8RpcUtils6detail12unpackObjectERN7arduino7msgpack8UnpackerE
                0x0000000000002d60      0x2b4 /home/arduino/ArduinoApps/Modulino-AppLab-example-pacakge/modulino-change-address/.cache/sketch/sketch/sketch.ino.cpp.o
                0x0000000000002d60                RpcUtils::detail::unpackObject(arduino::msgpack::Unpacker&)
 .text._ZN10RpcDecoderILj1024EE12parse_packetEv
                0x0000000000003014      0x134 /home/arduino/ArduinoApps/Modulino-AppLab-example-pacakge/modulino-change-address/.cache/sketch/sketch/sketch.ino.cpp.o
                0x0000000000003014                RpcDecoder<1024u>::parse_packet()
 .text._ZN10RpcDecoderILj1024EE6decodeEv
                0x0000000000003148       0x40 /home/arduino/ArduinoApps/Modulino-AppLab-example-pacakge/modulino-change-address/.cache/sketch/sketch/sketch.ino.cpp.o
                0x0000000000003148                RpcDecoder<1024u>::decode()
 .text._ZN9RPCServer7get_rpcILj256EEEbR10RPCRequestIXT_EEN7arduino6StringE
                0x0000000000003188       0xc4 /home/arduino/ArduinoApps/Modulino-AppLab-example-pacakge/modulino-change-address/.cache/sketch/sketch/sketch.ino.cpp.o
                0x0000000000003188                bool RPCServer::get_rpc<256u>(RPCRequest<256u>&, arduino::String)
 .text._ZN11BridgeClass11update_safeEv
                0x000000000000324c       0xb0 /home/arduino/ArduinoApps/Modulino-AppLab-example-pacakge/modulino-change-address/.cache/sketch/sketch/sketch.ino.cpp.o
                0x000000000000324c                BridgeClass::update_safe()
 .text._Z10__loopHookv
                0x00000000000032fc       0x28 /home/arduino/ArduinoApps/Modulino-AppLab-example-pacakge/modulino-change-address/.cache/sketch/sketch/sketch.ino.cpp.o
                0x00000000000032fc                __loopHook()
 .text._ZN11BridgeClass6updateEv
                0x0000000000003324       0xb0 /home/arduino/ArduinoApps/Modulino-AppLab-example-pacakge/modulino-change-address/.cache/sketch/sketch/sketch.ino.cpp.o
                0x0000000000003324                BridgeClass::update()
 .text._Z16updateEntryPointPvS_S_
                0x00000000000033d4       0x28 /home/arduino/ArduinoApps/Modulino-AppLab-example-pacakge/modulino-change-address/.cache/sketch/sketch/sketch.ino.cpp.o
                0x00000000000033d4                updateEntryPoint(void*, void*, void*)
 .text._ZN9RPCClient12get_responseIbEEbjRT_R8RpcError
                0x00000000000033fc       0x40 /home/arduino/ArduinoApps/Modulino-AppLab-example-pacakge/modulino-change-address/.cache/sketch/sketch/sketch.ino.cpp.o
                0x00000000000033fc                bool RPCClient::get_response<bool>(unsigned int, bool&, RpcError&)
 .text._ZN7RpcCallIJEE6resultIbEEbRT_
                0x000000000000343c      0x11c /home/arduino/ArduinoApps/Modulino-AppLab-example-pacakge/modulino-change-address/.cache/sketch/sketch/sketch.ino.cpp.o
                0x000000000000343c                bool RpcCall<>::result<bool>(bool&)
 .text._ZN7RpcCallIJRKN7arduino6StringEEE6resultIbEEbRT_
                0x0000000000003558      0x118 /home/arduino/ArduinoApps/Modulino-AppLab-example-pacakge/modulino-change-address/.cache/sketch/sketch/sketch.ino.cpp.o
                0x0000000000003558                bool RpcCall<arduino::String const&>::result<bool>(bool&)
 .text._ZN9RPCClient12get_responseIN7arduino7msgpack6object5nil_tEEEbjRT_R8RpcError
                0x0000000000003670       0x40 /home/arduino/ArduinoApps/Modulino-AppLab-example-pacakge/modulino-change-address/.cache/sketch/sketch/sketch.ino.cpp.o
                0x0000000000003670                bool RPCClient::get_response<arduino::msgpack::object::nil_t>(unsigned int, arduino::msgpack::object::nil_t&, RpcError&)
 .text._ZN7RpcCallIJRKN7arduino6StringEEED2Ev
                0x00000000000036b0      0x118 /home/arduino/ArduinoApps/Modulino-AppLab-example-pacakge/modulino-change-address/.cache/sketch/sketch/sketch.ino.cpp.o
                0x00000000000036b0                RpcCall<arduino::String const&>::~RpcCall()
                0x00000000000036b0                RpcCall<arduino::String const&>::~RpcCall()
 .text._ZN7RpcCallIJEED2Ev
                0x00000000000037c8      0x11c /home/arduino/ArduinoApps/Modulino-AppLab-example-pacakge/modulino-change-address/.cache/sketch/sketch/sketch.ino.cpp.o
                0x00000000000037c8                RpcCall<>::~RpcCall()
                0x00000000000037c8                RpcCall<>::~RpcCall()
 .text._ZN8RpcUtils6detail9unpackMapERN7arduino7msgpack8UnpackerERj
                0x00000000000038e4       0x80 /home/arduino/ArduinoApps/Modulino-AppLab-example-pacakge/modulino-change-address/.cache/sketch/sketch/sketch.ino.cpp.o
                0x00000000000038e4                RpcUtils::detail::unpackMap(arduino::msgpack::Unpacker&, unsigned int&)
 .text._ZN8RpcUtils6detail18deserialize_singleIiEEiRN7arduino7msgpack8UnpackerERT_
                0x0000000000003964       0x44 /home/arduino/ArduinoApps/Modulino-AppLab-example-pacakge/modulino-change-address/.cache/sketch/sketch/sketch.ino.cpp.o
                0x0000000000003964                int RpcUtils::detail::deserialize_single<int>(arduino::msgpack::Unpacker&, int&)
 .text._ZN18RpcFunctionWrapperISt8functionIFbiiEEEclERN7arduino7msgpack8UnpackerERNS5_6PackerE
                0x00000000000039a8      0x154 /home/arduino/ArduinoApps/Modulino-AppLab-example-pacakge/modulino-change-address/.cache/sketch/sketch/sketch.ino.cpp.o
                0x00000000000039a8                RpcFunctionWrapper<std::function<bool (int, int)> >::operator()(arduino::msgpack::Unpacker&, arduino::msgpack::Packer&)
 .text._GLOBAL__sub_I__Z14change_addressii
                0x0000000000003afc       0x64 /home/arduino/ArduinoApps/Modulino-AppLab-example-pacakge/modulino-change-address/.cache/sketch/sketch/sketch.ino.cpp.o
 .text._GLOBAL__sub_D__Z14change_addressii
                0x0000000000003b60       0x2c /home/arduino/ArduinoApps/Modulino-AppLab-example-pacakge/modulino-change-address/.cache/sketch/sketch/sketch.ino.cpp.o
 .text._ZL15discoverDevicesv
                0x0000000000003b8c      0x25c /home/arduino/ArduinoApps/Modulino-AppLab-example-pacakge/modulino-change-address/.cache/sketch/sketch/sketch.ino.cpp.o
 .text._Z6rescanv
                0x0000000000003de8       0x10 /home/arduino/ArduinoApps/Modulino-AppLab-example-pacakge/modulino-change-address/.cache/sketch/sketch/sketch.ino.cpp.o
                0x0000000000003de8                rescan()
 .text._Z14change_addressii
                0x0000000000003df8      0x180 /home/arduino/ArduinoApps/Modulino-AppLab-example-pacakge/modulino-change-address/.cache/sketch/sketch/sketch.ino.cpp.o
                0x0000000000003df8                change_address(int, int)
 .text.setup    0x0000000000003f78      0x464 /home/arduino/ArduinoApps/Modulino-AppLab-example-pacakge/modulino-change-address/.cache/sketch/sketch/sketch.ino.cpp.o
                0x0000000000003f78                setup
 .text._ZN7arduino5Print17availableForWriteEv
                0x00000000000043dc        0x4 /home/arduino/ArduinoApps/Modulino-AppLab-example-pacakge/modulino-change-address/.cache/sketch/libraries/Wire/Wire.cpp.o
                0x00000000000043dc                arduino::Print::availableForWrite()
 .text._ZN7arduino9ZephyrI2C5writeEi
                0x00000000000043e0        0x8 /home/arduino/ArduinoApps/Modulino-AppLab-example-pacakge/modulino-change-address/.cache/sketch/libraries/Wire/Wire.cpp.o
                0x00000000000043e0                arduino::ZephyrI2C::write(int)
 .text._ZN7arduino9ZephyrI2C15endTransmissionEv
                0x00000000000043e8        0x8 /home/arduino/ArduinoApps/Modulino-AppLab-example-pacakge/modulino-change-address/.cache/sketch/libraries/Wire/Wire.cpp.o
                0x00000000000043e8                arduino::ZephyrI2C::endTransmission()
 .text._ZN7arduino9ZephyrI2C11requestFromEhj
                0x00000000000043f0       0x10 /home/arduino/ArduinoApps/Modulino-AppLab-example-pacakge/modulino-change-address/.cache/sketch/libraries/Wire/Wire.cpp.o
                0x00000000000043f0                arduino::ZephyrI2C::requestFrom(unsigned char, unsigned int)
 .text._ZN7arduino9ZephyrI2C9availableEv
                0x0000000000004400        0xe /home/arduino/ArduinoApps/Modulino-AppLab-example-pacakge/modulino-change-address/.cache/sketch/libraries/Wire/Wire.cpp.o
                0x0000000000004400                arduino::ZephyrI2C::available()
 .text._ZN7arduino9ZephyrI2C5flushEv
                0x000000000000440e        0x2 /home/arduino/ArduinoApps/Modulino-AppLab-example-pacakge/modulino-change-address/.cache/sketch/libraries/Wire/Wire.cpp.o
                0x000000000000440e                arduino::ZephyrI2C::flush()
 .text._ZN7arduino9ZephyrI2C9onReceiveEPFviE
                0x0000000000004410        0x6 /home/arduino/ArduinoApps/Modulino-AppLab-example-pacakge/modulino-change-address/.cache/sketch/libraries/Wire/Wire.cpp.o
                0x0000000000004410                arduino::ZephyrI2C::onReceive(void (*)(int))
 .text._ZN7arduino9ZephyrI2C9onRequestEPFvvE
                0x0000000000004416        0x6 /home/arduino/ArduinoApps/Modulino-AppLab-example-pacakge/modulino-change-address/.cache/sketch/libraries/Wire/Wire.cpp.o
                0x0000000000004416                arduino::ZephyrI2C::onRequest(void (*)())
 .text._ZN7arduino9ZephyrI2C5beginEv
                0x000000000000441c        0xc /home/arduino/ArduinoApps/Modulino-AppLab-example-pacakge/modulino-change-address/.cache/sketch/libraries/Wire/Wire.cpp.o
                0x000000000000441c                arduino::ZephyrI2C::begin()
 .text._ZN7arduino9ZephyrI2C5writeEh
                0x0000000000004428       0x1c /home/arduino/ArduinoApps/Modulino-AppLab-example-pacakge/modulino-change-address/.cache/sketch/libraries/Wire/Wire.cpp.o
                0x0000000000004428                arduino::ZephyrI2C::write(unsigned char)
 .text._ZN7arduino9ZephyrI2C5writeEPKhj
                0x0000000000004444        0xc /home/arduino/ArduinoApps/Modulino-AppLab-example-pacakge/modulino-change-address/.cache/sketch/libraries/Wire/Wire.cpp.o
                0x0000000000004444                arduino::ZephyrI2C::write(unsigned char const*, unsigned int)
 .text._ZN7arduino9ZephyrI2C4readEv
                0x0000000000004450       0x28 /home/arduino/ArduinoApps/Modulino-AppLab-example-pacakge/modulino-change-address/.cache/sketch/libraries/Wire/Wire.cpp.o
                0x0000000000004450                arduino::ZephyrI2C::read()
 .text._ZL28i2c_target_read_processed_cbP17i2c_target_configPh
                0x0000000000004478       0x18 /home/arduino/ArduinoApps/Modulino-AppLab-example-pacakge/modulino-change-address/.cache/sketch/libraries/Wire/Wire.cpp.o
 .text._ZN7arduino9ZephyrI2C4peekEv
                0x0000000000004490       0x28 /home/arduino/ArduinoApps/Modulino-AppLab-example-pacakge/modulino-change-address/.cache/sketch/libraries/Wire/Wire.cpp.o
                0x0000000000004490                arduino::ZephyrI2C::peek()
 .text._ZN7arduino9ZephyrI2C5beginEh
                0x00000000000044b8       0x2c /home/arduino/ArduinoApps/Modulino-AppLab-example-pacakge/modulino-change-address/.cache/sketch/libraries/Wire/Wire.cpp.o
                0x00000000000044b8                arduino::ZephyrI2C::begin(unsigned char)
 .text._ZN7arduino9ZephyrI2C8setClockEj
                0x00000000000044e4       0x3c /home/arduino/ArduinoApps/Modulino-AppLab-example-pacakge/modulino-change-address/.cache/sketch/libraries/Wire/Wire.cpp.o
                0x00000000000044e4                arduino::ZephyrI2C::setClock(unsigned int)
 .text._ZN7arduino9ZephyrI2C11requestFromEhjb
                0x0000000000004520       0x88 /home/arduino/ArduinoApps/Modulino-AppLab-example-pacakge/modulino-change-address/.cache/sketch/libraries/Wire/Wire.cpp.o
                0x0000000000004520                arduino::ZephyrI2C::requestFrom(unsigned char, unsigned int, bool)
 .text._ZN7arduino9ZephyrI2C3endEv
                0x00000000000045a8       0x34 /home/arduino/ArduinoApps/Modulino-AppLab-example-pacakge/modulino-change-address/.cache/sketch/libraries/Wire/Wire.cpp.o
                0x00000000000045a8                arduino::ZephyrI2C::end()
 .text._ZN7arduino9ZephyrI2C15endTransmissionEb
                0x00000000000045dc       0x74 /home/arduino/ArduinoApps/Modulino-AppLab-example-pacakge/modulino-change-address/.cache/sketch/libraries/Wire/Wire.cpp.o
                0x00000000000045dc                arduino::ZephyrI2C::endTransmission(bool)
 .text._ZL29i2c_target_write_requested_cbP17i2c_target_config
                0x0000000000004650        0xe /home/arduino/ArduinoApps/Modulino-AppLab-example-pacakge/modulino-change-address/.cache/sketch/libraries/Wire/Wire.cpp.o
 .text._ZN7arduino9ZephyrI2C17beginTransmissionEh
                0x000000000000465e       0x14 /home/arduino/ArduinoApps/Modulino-AppLab-example-pacakge/modulino-change-address/.cache/sketch/libraries/Wire/Wire.cpp.o
                0x000000000000465e                arduino::ZephyrI2C::beginTransmission(unsigned char)
 *fill*         0x0000000000004672        0x2 
 .text._ZN7arduino9ZephyrI2CC2EPK6device
                0x0000000000004674       0x4c /home/arduino/ArduinoApps/Modulino-AppLab-example-pacakge/modulino-change-address/.cache/sketch/libraries/Wire/Wire.cpp.o
                0x0000000000004674                arduino::ZephyrI2C::ZephyrI2C(device const*)
                0x0000000000004674                arduino::ZephyrI2C::ZephyrI2C(device const*)
 .text._ZN7arduino9ZephyrI2C21writeReceivedCallbackEP17i2c_target_configh
                0x00000000000046c0       0x44 /home/arduino/ArduinoApps/Modulino-AppLab-example-pacakge/modulino-change-address/.cache/sketch/libraries/Wire/Wire.cpp.o
                0x00000000000046c0                arduino::ZephyrI2C::writeReceivedCallback(i2c_target_config*, unsigned char)
 .text._ZL28i2c_target_write_received_cbP17i2c_target_configh
                0x0000000000004704       0x10 /home/arduino/ArduinoApps/Modulino-AppLab-example-pacakge/modulino-change-address/.cache/sketch/libraries/Wire/Wire.cpp.o
 .text._ZN7arduino9ZephyrI2C21readRequestedCallbackEP17i2c_target_configPh
                0x0000000000004714       0x30 /home/arduino/ArduinoApps/Modulino-AppLab-example-pacakge/modulino-change-address/.cache/sketch/libraries/Wire/Wire.cpp.o
                0x0000000000004714                arduino::ZephyrI2C::readRequestedCallback(i2c_target_config*, unsigned char*)
 .text._ZL28i2c_target_read_requested_cbP17i2c_target_configPh
                0x0000000000004744       0x10 /home/arduino/ArduinoApps/Modulino-AppLab-example-pacakge/modulino-change-address/.cache/sketch/libraries/Wire/Wire.cpp.o
 .text._ZN7arduino9ZephyrI2C12stopCallbackEP17i2c_target_config
                0x0000000000004754       0x1c /home/arduino/ArduinoApps/Modulino-AppLab-example-pacakge/modulino-change-address/.cache/sketch/libraries/Wire/Wire.cpp.o
                0x0000000000004754                arduino::ZephyrI2C::stopCallback(i2c_target_config*)
 .text._ZL18i2c_target_stop_cbP17i2c_target_config
                0x0000000000004770        0xc /home/arduino/ArduinoApps/Modulino-AppLab-example-pacakge/modulino-change-address/.cache/sketch/libraries/Wire/Wire.cpp.o
 .text._GLOBAL__sub_I__ZN7arduino9ZephyrI2CC2EPK6device
                0x000000000000477c       0x94 /home/arduino/ArduinoApps/Modulino-AppLab-example-pacakge/modulino-change-address/.cache/sketch/libraries/Wire/Wire.cpp.o
 .text._GLOBAL__sub_D__ZN7arduino9ZephyrI2CC2EPK6device
                0x0000000000004810       0x2c /home/arduino/ArduinoApps/Modulino-AppLab-example-pacakge/modulino-change-address/.cache/sketch/libraries/Wire/Wire.cpp.o
 .text._ZN7arduino5Print5flushEv
                0x000000000000483c        0x2 /home/arduino/ArduinoApps/Modulino-AppLab-example-pacakge/modulino-change-address/.cache/sketch/libraries/Arduino_RouterBridge/singletons.cpp.o
                0x000000000000483c                arduino::Print::flush()
 .text._ZN13BridgeMonitorILj512EE5writeEh
                0x000000000000483e       0x18 /home/arduino/ArduinoApps/Modulino-AppLab-example-pacakge/modulino-change-address/.cache/sketch/libraries/Arduino_RouterBridge/singletons.cpp.o
                0x000000000000483e                BridgeMonitor<512u>::write(unsigned char)
 *fill*         0x0000000000004856        0x2 
 .text.k_yield  0x0000000000004858        0x8 /home/arduino/ArduinoApps/Modulino-AppLab-example-pacakge/modulino-change-address/.cache/sketch/libraries/Arduino_RouterBridge/singletons.cpp.o
 .text.k_mutex_lock
                0x0000000000004860        0x8 /home/arduino/ArduinoApps/Modulino-AppLab-example-pacakge/modulino-change-address/.cache/sketch/libraries/Arduino_RouterBridge/singletons.cpp.o
 .text._ZSt14__relocate_a_1IhhENSt9enable_ifIXsrSt24__is_bitwise_relocatableIT_vE5valueEPS2_E4typeES4_S4_S4_RSaIT0_E.isra.0
                0x0000000000004868       0x20 /home/arduino/ArduinoApps/Modulino-AppLab-example-pacakge/modulino-change-address/.cache/sketch/libraries/Arduino_RouterBridge/singletons.cpp.o
 .text._ZNSt12_Vector_baseIhSaIhEE11_M_allocateEj.isra.0
                0x0000000000004888       0x20 /home/arduino/ArduinoApps/Modulino-AppLab-example-pacakge/modulino-change-address/.cache/sketch/libraries/Arduino_RouterBridge/singletons.cpp.o
 .text.k_mutex_unlock.isra.0
                0x00000000000048a8        0x8 /home/arduino/ArduinoApps/Modulino-AppLab-example-pacakge/modulino-change-address/.cache/sketch/libraries/Arduino_RouterBridge/singletons.cpp.o
 .text._ZN7RpcCallIJEE7isErrorEv.isra.0